Archive member included to satisfy reference by file (symbol)

.\CortexM3\ARM_GCC_541\Debug\MotorPID.a(MotorA_Dir.o)
                              .\CortexM3\ARM_GCC_541\Debug\MotorsHW.o (MotorA_Dir_Write)
.\CortexM3\ARM_GCC_541\Debug\MotorPID.a(MotorA_PWM.o)
                              .\CortexM3\ARM_GCC_541\Debug\MotorsHW.o (MotorA_PWM_WriteCompare)
.\CortexM3\ARM_GCC_541\Debug\MotorPID.a(MotorA_ISR.o)
                              .\CortexM3\ARM_GCC_541\Debug\MotorsHW.o (MotorA_ISR_StartEx)
.\CortexM3\ARM_GCC_541\Debug\MotorPID.a(MotorA_QuadDec.o)
                              .\CortexM3\ARM_GCC_541\Debug\MotorsHW.o (MotorA_QuadDec_GetCounter)
.\CortexM3\ARM_GCC_541\Debug\MotorPID.a(ServoAB.o)
                              .\CortexM3\ARM_GCC_541\Debug\ServosHW.o (ServoAB_WriteCompare1)
.\CortexM3\ARM_GCC_541\Debug\MotorPID.a(Servo_PWM.o)
                              .\CortexM3\ARM_GCC_541\Debug\ServosHW.o (Servo_PWM_Start)
.\CortexM3\ARM_GCC_541\Debug\MotorPID.a(MotorA_QuadDec_Cnt16.o)
                              .\CortexM3\ARM_GCC_541\Debug\MotorPID.a(MotorA_QuadDec.o) (MotorA_QuadDec_Cnt16_Stop)
.\CortexM3\ARM_GCC_541\Debug\MotorPID.a(CyLib.o)
                              .\CortexM3\ARM_GCC_541\Debug\Cm3Start.o (CyHalt)
.\CortexM3\ARM_GCC_541\Debug\MotorPID.a(cyPm.o)
                              .\CortexM3\ARM_GCC_541\Debug\MotorPID.a(CyLib.o) (CyPmReadStatus)
.\CortexM3\ARM_GCC_541\Debug\MotorPID.a(UART.o)
                              .\CortexM3\ARM_GCC_541\Debug\main.o (UART_Start)
.\CortexM3\ARM_GCC_541\Debug\MotorPID.a(UART_IntClock.o)
                              .\CortexM3\ARM_GCC_541\Debug\MotorPID.a(UART.o) (UART_IntClock_Start)
.\CortexM3\ARM_GCC_541\Debug\MotorPID.a(ServoCD.o)
                              .\CortexM3\ARM_GCC_541\Debug\ServosHW.o (ServoCD_WriteCompare1)
.\CortexM3\ARM_GCC_541\Debug\MotorPID.a(MotorB_QuadDec.o)
                              .\CortexM3\ARM_GCC_541\Debug\MotorsHW.o (MotorB_QuadDec_GetCounter)
.\CortexM3\ARM_GCC_541\Debug\MotorPID.a(MotorB_ISR.o)
                              .\CortexM3\ARM_GCC_541\Debug\MotorsHW.o (MotorB_ISR_StartEx)
.\CortexM3\ARM_GCC_541\Debug\MotorPID.a(MotorB_PWM.o)
                              .\CortexM3\ARM_GCC_541\Debug\MotorsHW.o (MotorB_PWM_WriteCompare)
.\CortexM3\ARM_GCC_541\Debug\MotorPID.a(MotorB_Dir.o)
                              .\CortexM3\ARM_GCC_541\Debug\MotorsHW.o (MotorB_Dir_Write)
.\CortexM3\ARM_GCC_541\Debug\MotorPID.a(MotorB_QuadDec_Cnt16.o)
                              .\CortexM3\ARM_GCC_541\Debug\MotorPID.a(MotorB_QuadDec.o) (MotorB_QuadDec_Cnt16_Stop)
.\CortexM3\ARM_GCC_541\Debug\MotorPID.a(CyBootAsmGnu.o)
                              .\CortexM3\ARM_GCC_541\Debug\cyfitter_cfg.o (CyDelayCycles)
.\CortexM3\ARM_GCC_541\Debug\MotorPID.a(CyFlash.o)
                              .\CortexM3\ARM_GCC_541\Debug\MotorPID.a(cyPm.o) (CyFlash_SetWaitCycles)
.\CortexM3\ARM_GCC_541\Debug\MotorPID.a(CySpc.o)
                              .\CortexM3\ARM_GCC_541\Debug\MotorPID.a(CyFlash.o) (CySpcStart)
c:/program files (x86)/cypress/psoc creator/4.4/psoc creator/import/gnu/arm/5.4.1/bin/../lib/gcc/arm-none-eabi/5.4.1/../../../../arm-none-eabi/lib/armv7-m\libm.a(lib_a-sf_cos.o)
                              .\CortexM3\ARM_GCC_541\Debug\main.o (cosf)
c:/program files (x86)/cypress/psoc creator/4.4/psoc creator/import/gnu/arm/5.4.1/bin/../lib/gcc/arm-none-eabi/5.4.1/../../../../arm-none-eabi/lib/armv7-m\libm.a(lib_a-sf_sin.o)
                              .\CortexM3\ARM_GCC_541\Debug\main.o (sinf)
c:/program files (x86)/cypress/psoc creator/4.4/psoc creator/import/gnu/arm/5.4.1/bin/../lib/gcc/arm-none-eabi/5.4.1/../../../../arm-none-eabi/lib/armv7-m\libm.a(lib_a-ef_rem_pio2.o)
                              c:/program files (x86)/cypress/psoc creator/4.4/psoc creator/import/gnu/arm/5.4.1/bin/../lib/gcc/arm-none-eabi/5.4.1/../../../../arm-none-eabi/lib/armv7-m\libm.a(lib_a-sf_cos.o) (__ieee754_rem_pio2f)
c:/program files (x86)/cypress/psoc creator/4.4/psoc creator/import/gnu/arm/5.4.1/bin/../lib/gcc/arm-none-eabi/5.4.1/../../../../arm-none-eabi/lib/armv7-m\libm.a(lib_a-kf_cos.o)
                              c:/program files (x86)/cypress/psoc creator/4.4/psoc creator/import/gnu/arm/5.4.1/bin/../lib/gcc/arm-none-eabi/5.4.1/../../../../arm-none-eabi/lib/armv7-m\libm.a(lib_a-sf_cos.o) (__kernel_cosf)
c:/program files (x86)/cypress/psoc creator/4.4/psoc creator/import/gnu/arm/5.4.1/bin/../lib/gcc/arm-none-eabi/5.4.1/../../../../arm-none-eabi/lib/armv7-m\libm.a(lib_a-kf_rem_pio2.o)
                              c:/program files (x86)/cypress/psoc creator/4.4/psoc creator/import/gnu/arm/5.4.1/bin/../lib/gcc/arm-none-eabi/5.4.1/../../../../arm-none-eabi/lib/armv7-m\libm.a(lib_a-ef_rem_pio2.o) (__kernel_rem_pio2f)
c:/program files (x86)/cypress/psoc creator/4.4/psoc creator/import/gnu/arm/5.4.1/bin/../lib/gcc/arm-none-eabi/5.4.1/../../../../arm-none-eabi/lib/armv7-m\libm.a(lib_a-kf_sin.o)
[...]
Memory Configuration

Name             Origin             Length             Attributes
rom              0x00000000         0x00040000         xr
ram              0x1fff8000         0x00010000         xrw
*default*        0x00000000         0xffffffff

Linker script and memory map

LOAD c:/program files (x86)/cypress/psoc creator/4.4/psoc creator/import/gnu/arm/5.4.1/bin/../lib/gcc/arm-none-eabi/5.4.1/armv7-m/crti.o
LOAD c:/program files (x86)/cypress/psoc creator/4.4/psoc creator/import/gnu/arm/5.4.1/bin/../lib/gcc/arm-none-eabi/5.4.1/armv7-m/crtbegin.o
LOAD c:/program files (x86)/cypress/psoc creator/4.4/psoc creator/import/gnu/arm/5.4.1/bin/../lib/gcc/arm-none-eabi/5.4.1/../../../../arm-none-eabi/lib/armv7-m/crt0.o
START GROUP
LOAD .\CortexM3\ARM_GCC_541\Debug\main.o
LOAD .\CortexM3\ARM_GCC_541\Debug\MotorsHW.o
LOAD .\CortexM3\ARM_GCC_541\Debug\Motors.o
LOAD .\CortexM3\ARM_GCC_541\Debug\ServosHW.o
LOAD .\CortexM3\ARM_GCC_541\Debug\Servos.o
LOAD .\CortexM3\ARM_GCC_541\Debug\cyfitter_cfg.o
LOAD .\CortexM3\ARM_GCC_541\Debug\cymetadata.o
LOAD .\CortexM3\ARM_GCC_541\Debug\Cm3Start.o
LOAD .\CortexM3\ARM_GCC_541\Debug\MotorPID.a
LOAD C:\Program Files (x86)\Cypress\PSoC Creator\4.4\PSoC Creator\psoc\content\cycomponentlibrary\CyComponentLibrary.cylib\CortexM3\ARM_GCC_541\Debug\CyComponentLibrary.a
LOAD ..\..\libs\Foundation\dist\psoc5lp_armgcc_cortex_m3_soft_debug\lib\libFoundation_d.a
LOAD c:/program files (x86)/cypress/psoc creator/4.4/psoc creator/import/gnu/arm/5.4.1/bin/../lib/gcc/arm-none-eabi/5.4.1/../../../../arm-none-eabi/lib/armv7-m\libstdc++_nano.a
LOAD c:/program files (x86)/cypress/psoc creator/4.4/psoc creator/import/gnu/arm/5.4.1/bin/../lib/gcc/arm-none-eabi/5.4.1/../../../../arm-none-eabi/lib/armv7-m\libsupc++_nano.a
LOAD c:/program files (x86)/cypress/psoc creator/4.4/psoc creator/import/gnu/arm/5.4.1/bin/../lib/gcc/arm-none-eabi/5.4.1/../../../../arm-none-eabi/lib/armv7-m\libm.a
END GROUP
START GROUP
LOAD c:/program files (x86)/cypress/psoc creator/4.4/psoc creator/import/gnu/arm/5.4.1/bin/../lib/gcc/arm-none-eabi/5.4.1/armv7-m\libgcc.a
LOAD c:/program files (x86)/cypress/psoc creator/4.4/psoc creator/import/gnu/arm/5.4.1/bin/../lib/gcc/arm-none-eabi/5.4.1/../../../../arm-none-eabi/lib/armv7-m\libg_nano.a
LOAD c:/program files (x86)/cypress/psoc creator/4.4/psoc creator/import/gnu/arm/5.4.1/bin/../lib/gcc/arm-none-eabi/5.4.1/../../../../arm-none-eabi/lib/armv7-m\libc_nano.a
END GROUP
START GROUP
LOAD c:/program files (x86)/cypress/psoc creator/4.4/psoc creator/import/gnu/arm/5.4.1/bin/../lib/gcc/arm-none-eabi/5.4.1/armv7-m\libgcc.a
LOAD c:/program files (x86)/cypress/psoc creator/4.4/psoc creator/import/gnu/arm/5.4.1/bin/../lib/gcc/arm-none-eabi/5.4.1/../../../../arm-none-eabi/lib/armv7-m\libc_nano.a
END GROUP
LOAD c:/program files (x86)/cypress/psoc creator/4.4/psoc creator/import/gnu/arm/5.4.1/bin/../lib/gcc/arm-none-eabi/5.4.1/armv7-m/crtend.o
LOAD c:/program files (x86)/cypress/psoc creator/4.4/psoc creator/import/gnu/arm/5.4.1/bin/../lib/gcc/arm-none-eabi/5.4.1/armv7-m/crtn.o
START GROUP
LOAD c:/program files (x86)/cypress/psoc creator/4.4/psoc creator/import/gnu/arm/5.4.1/bin/../lib/gcc/arm-none-eabi/5.4.1/armv7-m\libgcc.a
LOAD c:/program files (x86)/cypress/psoc creator/4.4/psoc creator/import/gnu/arm/5.4.1/bin/../lib/gcc/arm-none-eabi/5.4.1/../../../../arm-none-eabi/lib/armv7-m\libc.a
LOAD c:/program files (x86)/cypress/psoc creator/4.4/psoc creator/import/gnu/arm/5.4.1/bin/../lib/gcc/arm-none-eabi/5.4.1/../../../../arm-none-eabi/lib/armv7-m\libnosys.a
END GROUP
                0x00000000                CY_APPL_ORIGIN = 0x0
                0x00000100                CY_FLASH_ROW_SIZE = 0x100
                0x00000020                CY_ECC_ROW_SIZE = 0x20
                0x00000000                CY_EE_IN_BTLDR = 0x0
                0x00000000                CY_APPL_LOADABLE = 0x0
                0x00000800                CY_EE_SIZE = 0x800
                0x00000001                CY_APPL_NUM = 0x1
                0x00000001                CY_APPL_MAX = 0x1
                0x00000040                CY_METADATA_SIZE = 0x40
                0x00000000                CY_APPL_LOADABLE = 0x0
                0x00000000                CY_CHECKSUM_EXCLUDE_SIZE = ALIGN (0x0, CY_FLASH_ROW_SIZE)
                [!provide]                PROVIDE (__cy_heap_start, _end)
                0x00000001                PROVIDE (__cy_region_num, ((__cy_regions_end - __cy_regions) / 0x10))
                0x20008000                PROVIDE (__cy_stack, (ORIGIN (ram) + LENGTH (ram)))
                [!provide]                PROVIDE (__cy_heap_end, (__cy_stack - 0x2000))

.cybootloader   0x00000000        0x0
 *(.cybootloader)
                0x00000000                appl1_start = CY_APPL_ORIGIN?CY_APPL_ORIGIN:ALIGN (CY_FLASH_ROW_SIZE)
                0x0001ff00                appl2_start = (appl1_start + ALIGN ((((LENGTH (rom) - appl1_start) - (0x2 * CY_FLASH_ROW_SIZE)) / 0x2), CY_FLASH_ROW_SIZE))
                0x00000000                appl_start = (CY_APPL_NUM == 0x1)?appl1_start:appl2_start
                0x00000000                ecc_offset = ((appl_start / CY_FLASH_ROW_SIZE) * CY_ECC_ROW_SIZE)
                0x00000000                ee_offset = (CY_APPL_LOADABLE && ! (CY_EE_IN_BTLDR))?((CY_EE_SIZE / CY_APPL_MAX) * (CY_APPL_NUM - 0x1)):0x0
                0x00000800                ee_size = (CY_APPL_LOADABLE && ! (CY_EE_IN_BTLDR))?(CY_EE_SIZE / CY_APPL_MAX):CY_EE_SIZE
                [!provide]                PROVIDE (CY_ECC_OFFSET, ecc_offset)

.text           0x00000000     0x5074
 CREATE_OBJECT_SYMBOLS
                0x00000000                PROVIDE (__cy_interrupt_vector, RomVectors)
 *(.romvectors)
 .romvectors    0x00000000       0x10 .\CortexM3\ARM_GCC_541\Debug\Cm3Start.o
                0x00000000                RomVectors
                0x00000001                ASSERT ((. != __cy_interrupt_vector), No interrupt vector)
                0x00000001                ASSERT (CY_APPL_ORIGIN?(SIZEOF (.cybootloader) <= CY_APPL_ORIGIN):0x1, Wrong image location)
                0x00000010                PROVIDE (__cy_reset, Reset)
 *(.text.Reset)
 .text.Reset    0x00000010       0x18 .\CortexM3\ARM_GCC_541\Debug\Cm3Start.o
                0x00000010                Reset
                0x00000001                ASSERT ((. != __cy_reset), No reset code)
 *(.dma_init)
                0x00000001                ASSERT ((((appl_start + .) <= 0x10000) || 0x1), DMA Init must be within the first 64k of flash)
 *(.text .text.* .gnu.linkonce.t.*)
 .text          0x00000028       0x5c c:/program files (x86)/cypress/psoc creator/4.4/psoc creator/import/gnu/arm/5.4.1/bin/../lib/gcc/arm-none-eabi/5.4.1/armv7-m/crtbegin.o
 .text._ZN8Hardware5StartEv
                0x00000084        0xc .\CortexM3\ARM_GCC_541\Debug\main.o
                0x00000084                Hardware::Start()
 .text._ZNK10Foundation4Math11FixedMatrixIfLj4ELj4EEixEj
                0x00000090        0x8 .\CortexM3\ARM_GCC_541\Debug\main.o
                0x00000090                Foundation::Math::FixedMatrix<float, 4u, 4u>::operator[](unsigned int) const
 .text._ZL14PrintMatrix4x4RKN10Foundation4Math11FixedMatrixIfLj4ELj4EEE
                0x00000098       0x74 .\CortexM3\ARM_GCC_541\Debug\main.o
 .text._ZN10Foundation4Math11FixedMatrixIfLj4ELj4EEixEj
                0x0000010c        0x8 .\CortexM3\ARM_GCC_541\Debug\main.o
                0x0000010c                Foundation::Math::FixedMatrix<float, 4u, 4u>::operator[](unsigned int)
 .text._ZL7BuildDHffffRN10Foundation4Math11FixedMatrixIfLj4ELj4EEE
                0x00000114       0xb0 .\CortexM3\ARM_GCC_541\Debug\main.o
 .text._ZN10Foundation4Math8MultiplyIfLj4ELj4ELj4EEEvRKNS0_11FixedMatrixIT_XT0_EXT1_EEERKNS2_IS3_XT1_EXT2_EEERNS2_IS3_XT0_EXT2_EEE
                0x000001c4       0x78 .\CortexM3\ARM_GCC_541\Debug\main.o
                0x000001c4                void Foundation::Math::Multiply<float, 4u, 4u, 4u>(Foundation::Math::FixedMatrix<float, 4u, 4u> const&, Foundation::Math::FixedMatrix<float, 4u, 4u> const&, Foundation::Math::FixedMatrix<float, 4u, 4u>&)
 .text._ZN10Foundation4Math11FixedMatrixIfLj4ELj4EE4FillEf
                0x0000023c       0x24 .\CortexM3\ARM_GCC_541\Debug\main.o
                0x0000023c                Foundation::Math::FixedMatrix<float, 4u, 4u>::Fill(float)
 .text._ZN10Foundation4Math11FixedMatrixIfLj4ELj4EE4ZeroEv
                0x00000260        0xc .\CortexM3\ARM_GCC_541\Debug\main.o
                0x00000260                Foundation::Math::FixedMatrix<float, 4u, 4u>::Zero()
 .text._ZN10Foundation4Math11FixedMatrixIfLj4ELj4EEC2Ev
                0x0000026c        0xc .\CortexM3\ARM_GCC_541\Debug\main.o
                0x0000026c                Foundation::Math::FixedMatrix<float, 4u, 4u>::FixedMatrix()
                0x0000026c                Foundation::Math::FixedMatrix<float, 4u, 4u>::FixedMatrix()
 .text.main     0x00000278      0x128 .\CortexM3\ARM_GCC_541\Debug\main.o
                0x00000278                main
 .text.MotorA_ISR
                0x000003a0        0x8 .\CortexM3\ARM_GCC_541\Debug\MotorsHW.o
                0x000003a0                MotorA_ISR
 .text.MotorB_ISR
                0x000003a8        0x8 .\CortexM3\ARM_GCC_541\Debug\MotorsHW.o
                0x000003a8                MotorB_ISR
 .text.MotorA_Start
                0x000003b0       0x1c .\CortexM3\ARM_GCC_541\Debug\MotorsHW.o
                0x000003b0                MotorA_Start
 .text.MotorB_Start
                0x000003cc       0x1c .\CortexM3\ARM_GCC_541\Debug\MotorsHW.o
                0x000003cc                MotorB_Start
 .text._ZN8Hardware6MotorA5StartEv
                0x000003e8        0x8 .\CortexM3\ARM_GCC_541\Debug\Motors.o
                0x000003e8                Hardware::MotorA::Start()
 .text._ZN8Hardware6MotorB5StartEv
                0x000003f0        0x8 .\CortexM3\ARM_GCC_541\Debug\Motors.o
                0x000003f0                Hardware::MotorB::Start()
 .text._ZN8Hardware12Motors_StartEv
                0x000003f8        0xc .\CortexM3\ARM_GCC_541\Debug\Motors.o
                0x000003f8                Hardware::Motors_Start()
 .text.ServoDriver_Start
                0x00000404       0x10 .\CortexM3\ARM_GCC_541\Debug\ServosHW.o
                0x00000404                ServoDriver_Start
 .text.ServoA_SetPositionNorm
                0x00000414       0x54 .\CortexM3\ARM_GCC_541\Debug\ServosHW.o
                0x00000414                ServoA_SetPositionNorm
 .text.ServoB_SetPositionNorm
                0x00000468       0x54 .\CortexM3\ARM_GCC_541\Debug\ServosHW.o
                0x00000468                ServoB_SetPositionNorm
 .text.ServoC_SetPositionNorm
                0x000004bc       0x54 .\CortexM3\ARM_GCC_541\Debug\ServosHW.o
                0x000004bc                ServoC_SetPositionNorm
 .text.ServoD_SetPositionNorm
                0x00000510       0x54 .\CortexM3\ARM_GCC_541\Debug\ServosHW.o
                0x00000510                ServoD_SetPositionNorm
 .text._ZN8Hardware6ServoA15SetPositionNormEf
                0x00000564        0x8 .\CortexM3\ARM_GCC_541\Debug\Servos.o
                0x00000564                Hardware::ServoA::SetPositionNorm(float)
 .text._ZN8Hardware6ServoB15SetPositionNormEf
                0x0000056c        0x8 .\CortexM3\ARM_GCC_541\Debug\Servos.o
                0x0000056c                Hardware::ServoB::SetPositionNorm(float)
 .text._ZN8Hardware6ServoC15SetPositionNormEf
                0x00000574        0x8 .\CortexM3\ARM_GCC_541\Debug\Servos.o
                0x00000574                Hardware::ServoC::SetPositionNorm(float)
 .text._ZN8Hardware6ServoD15SetPositionNormEf
                0x0000057c        0x8 .\CortexM3\ARM_GCC_541\Debug\Servos.o
                0x0000057c                Hardware::ServoD::SetPositionNorm(float)
 .text._ZN8Hardware12Servos_StartEv
                0x00000584       0x24 .\CortexM3\ARM_GCC_541\Debug\Servos.o
                0x00000584                Hardware::Servos_Start()
 .text.CyClockStartupError
                0x000005a8        0x4 .\CortexM3\ARM_GCC_541\Debug\cyfitter_cfg.o
 .text.cfg_write_bytes32
                0x000005ac       0x34 .\CortexM3\ARM_GCC_541\Debug\cyfitter_cfg.o
 .text.AnalogSetDefault
                0x000005e0       0x28 .\CortexM3\ARM_GCC_541\Debug\cyfitter_cfg.o
 .text.CYMEMZERO
                0x00000608        0xc .\CortexM3\ARM_GCC_541\Debug\cyfitter_cfg.o
 .text.ClockSetup
                0x00000614       0xd0 .\CortexM3\ARM_GCC_541\Debug\cyfitter_cfg.o
 .text.CYCONFIGCPY
                0x000006e4        0x8 .\CortexM3\ARM_GCC_541\Debug\cyfitter_cfg.o
 .text.cyfitter_cfg
                0x000006ec      0x164 .\CortexM3\ARM_GCC_541\Debug\cyfitter_cfg.o
                0x000006ec                cyfitter_cfg
 .text.IntDefaultHandler
                0x00000850       0x10 .\CortexM3\ARM_GCC_541\Debug\Cm3Start.o
                0x00000850                IntDefaultHandler
 .text._sbrk    0x00000860       0x30 .\CortexM3\ARM_GCC_541\Debug\Cm3Start.o
                0x00000860                _sbrk
 .text.Start_c  0x00000890       0x4c .\CortexM3\ARM_GCC_541\Debug\Cm3Start.o
                0x00000890                Start_c
 .text.initialize_psoc
                0x000008dc       0x68 .\CortexM3\ARM_GCC_541\Debug\Cm3Start.o
                0x000008dc                initialize_psoc
 .text.MotorA_PWM_Enable
                0x00000944       0x10 .\CortexM3\ARM_GCC_541\Debug\MotorPID.a(MotorA_PWM.o)
                0x00000944                MotorA_PWM_Enable
 .text.MotorA_PWM_WriteCounter
                0x00000954        0xc .\CortexM3\ARM_GCC_541\Debug\MotorPID.a(MotorA_PWM.o)
                0x00000954                MotorA_PWM_WriteCounter
 .text.MotorA_PWM_WritePeriod
                0x00000960        0xc .\CortexM3\ARM_GCC_541\Debug\MotorPID.a(MotorA_PWM.o)
                0x00000960                MotorA_PWM_WritePeriod
 .text.MotorA_PWM_WriteCompare
                0x0000096c        0xc .\CortexM3\ARM_GCC_541\Debug\MotorPID.a(MotorA_PWM.o)
                0x0000096c                MotorA_PWM_WriteCompare
 .text.MotorA_PWM_SetInterruptMode
                0x00000978        0xc .\CortexM3\ARM_GCC_541\Debug\MotorPID.a(MotorA_PWM.o)
                0x00000978                MotorA_PWM_SetInterruptMode
 .text.MotorA_PWM_ReadStatusRegister
                0x00000984        0xc .\CortexM3\ARM_GCC_541\Debug\MotorPID.a(MotorA_PWM.o)
                0x00000984                MotorA_PWM_ReadStatusRegister
 .text.MotorA_PWM_ReadCapture
                0x00000990        0xc .\CortexM3\ARM_GCC_541\Debug\MotorPID.a(MotorA_PWM.o)
                0x00000990                MotorA_PWM_ReadCapture
 .text.MotorA_PWM_ClearFIFO
                0x0000099c       0x14 .\CortexM3\ARM_GCC_541\Debug\MotorPID.a(MotorA_PWM.o)
                0x0000099c                MotorA_PWM_ClearFIFO
 .text.MotorA_PWM_Init
                0x000009b0       0x60 .\CortexM3\ARM_GCC_541\Debug\MotorPID.a(MotorA_PWM.o)
                0x000009b0                MotorA_PWM_Init
 .text.MotorA_PWM_Start
                0x00000a10       0x1c .\CortexM3\ARM_GCC_541\Debug\MotorPID.a(MotorA_PWM.o)
                0x00000a10                MotorA_PWM_Start
 .text.MotorA_ISR_SetVector
                0x00000a2c        0xc .\CortexM3\ARM_GCC_541\Debug\MotorPID.a(MotorA_ISR.o)
                0x00000a2c                MotorA_ISR_SetVector
 .text.MotorA_ISR_SetPriority
                0x00000a38       0x10 .\CortexM3\ARM_GCC_541\Debug\MotorPID.a(MotorA_ISR.o)
                0x00000a38                MotorA_ISR_SetPriority
 .text.MotorA_ISR_Enable
                0x00000a48        0xc .\CortexM3\ARM_GCC_541\Debug\MotorPID.a(MotorA_ISR.o)
                0x00000a48                MotorA_ISR_Enable
 .text.MotorA_ISR_Disable
                0x00000a54        0xc .\CortexM3\ARM_GCC_541\Debug\MotorPID.a(MotorA_ISR.o)
                0x00000a54                MotorA_ISR_Disable
 .text.MotorA_ISR_StartEx
                0x00000a60       0x1c .\CortexM3\ARM_GCC_541\Debug\MotorPID.a(MotorA_ISR.o)
                0x00000a60                MotorA_ISR_StartEx
 .text.MotorA_QuadDec_GetEvents
                0x00000a7c       0x10 .\CortexM3\ARM_GCC_541\Debug\MotorPID.a(MotorA_QuadDec.o)
                0x00000a7c                MotorA_QuadDec_GetEvents
 .text.MotorA_QuadDec_SetInterruptMask
                0x00000a8c        0xc .\CortexM3\ARM_GCC_541\Debug\MotorPID.a(MotorA_QuadDec.o)
                0x00000a8c                MotorA_QuadDec_SetInterruptMask
 .text.MotorA_QuadDec_Enable
                0x00000a98       0x24 .\CortexM3\ARM_GCC_541\Debug\MotorPID.a(MotorA_QuadDec.o)
                0x00000a98                MotorA_QuadDec_Enable
 .text.MotorA_QuadDec_Start
                0x00000abc       0x24 .\CortexM3\ARM_GCC_541\Debug\MotorPID.a(MotorA_QuadDec.o)
                0x00000abc                MotorA_QuadDec_Start
 .text.ServoAB_Enable
                0x00000ae0       0x10 .\CortexM3\ARM_GCC_541\Debug\MotorPID.a(ServoAB.o)
                0x00000ae0                ServoAB_Enable
 .text.ServoAB_WriteCounter
                0x00000af0        0xc .\CortexM3\ARM_GCC_541\Debug\MotorPID.a(ServoAB.o)
                0x00000af0                ServoAB_WriteCounter
 .text.ServoAB_WritePeriod
                0x00000afc        0xc .\CortexM3\ARM_GCC_541\Debug\MotorPID.a(ServoAB.o)
                0x00000afc                ServoAB_WritePeriod
 .text.ServoAB_WriteCompare1
                0x00000b08        0xc .\CortexM3\ARM_GCC_541\Debug\MotorPID.a(ServoAB.o)
                0x00000b08                ServoAB_WriteCompare1
 .text.ServoAB_WriteCompare2
                0x00000b14        0xc .\CortexM3\ARM_GCC_541\Debug\MotorPID.a(ServoAB.o)
                0x00000b14                ServoAB_WriteCompare2
 .text.ServoAB_SetInterruptMode
                0x00000b20        0xc .\CortexM3\ARM_GCC_541\Debug\MotorPID.a(ServoAB.o)
                0x00000b20                ServoAB_SetInterruptMode
 .text.ServoAB_ReadStatusRegister
                0x00000b2c        0xc .\CortexM3\ARM_GCC_541\Debug\MotorPID.a(ServoAB.o)
                0x00000b2c                ServoAB_ReadStatusRegister
 .text.ServoAB_ReadCapture
                0x00000b38        0xc .\CortexM3\ARM_GCC_541\Debug\MotorPID.a(ServoAB.o)
                0x00000b38                ServoAB_ReadCapture
 .text.ServoAB_ClearFIFO
                0x00000b44       0x14 .\CortexM3\ARM_GCC_541\Debug\MotorPID.a(ServoAB.o)
                0x00000b44                ServoAB_ClearFIFO
 .text.ServoAB_Init
                0x00000b58       0x68 .\CortexM3\ARM_GCC_541\Debug\MotorPID.a(ServoAB.o)
                0x00000b58                ServoAB_Init
 .text.ServoAB_Start
                0x00000bc0       0x1c .\CortexM3\ARM_GCC_541\Debug\MotorPID.a(ServoAB.o)
                0x00000bc0                ServoAB_Start
 .text.ServoAB_ReadPeriod
                0x00000bdc        0xc .\CortexM3\ARM_GCC_541\Debug\MotorPID.a(ServoAB.o)
                0x00000bdc                ServoAB_ReadPeriod
 .text.Servo_PWM_Enable
                0x00000be8       0x10 .\CortexM3\ARM_GCC_541\Debug\MotorPID.a(Servo_PWM.o)
                0x00000be8                Servo_PWM_Enable
 .text.Servo_PWM_WriteCounter
                0x00000bf8        0xc .\CortexM3\ARM_GCC_541\Debug\MotorPID.a(Servo_PWM.o)
                0x00000bf8                Servo_PWM_WriteCounter
 .text.Servo_PWM_WritePeriod
                0x00000c04        0xc .\CortexM3\ARM_GCC_541\Debug\MotorPID.a(Servo_PWM.o)
                0x00000c04                Servo_PWM_WritePeriod
 .text.Servo_PWM_WriteCompare1
                0x00000c10        0xc .\CortexM3\ARM_GCC_541\Debug\MotorPID.a(Servo_PWM.o)
                0x00000c10                Servo_PWM_WriteCompare1
 .text.Servo_PWM_WriteCompare2
                0x00000c1c        0xc .\CortexM3\ARM_GCC_541\Debug\MotorPID.a(Servo_PWM.o)
                0x00000c1c                Servo_PWM_WriteCompare2
 .text.Servo_PWM_SetInterruptMode
                0x00000c28        0xc .\CortexM3\ARM_GCC_541\Debug\MotorPID.a(Servo_PWM.o)
                0x00000c28                Servo_PWM_SetInterruptMode
 .text.Servo_PWM_ReadStatusRegister
                0x00000c34        0xc .\CortexM3\ARM_GCC_541\Debug\MotorPID.a(Servo_PWM.o)
                0x00000c34                Servo_PWM_ReadStatusRegister
 .text.Servo_PWM_ReadCapture
                0x00000c40        0xc .\CortexM3\ARM_GCC_541\Debug\MotorPID.a(Servo_PWM.o)
                0x00000c40                Servo_PWM_ReadCapture
 .text.Servo_PWM_ClearFIFO
                0x00000c4c       0x14 .\CortexM3\ARM_GCC_541\Debug\MotorPID.a(Servo_PWM.o)
                0x00000c4c                Servo_PWM_ClearFIFO
 .text.Servo_PWM_Init
                0x00000c60       0x6c .\CortexM3\ARM_GCC_541\Debug\MotorPID.a(Servo_PWM.o)
                0x00000c60                Servo_PWM_Init
 .text.Servo_PWM_Start
                0x00000ccc       0x1c .\CortexM3\ARM_GCC_541\Debug\MotorPID.a(Servo_PWM.o)
                0x00000ccc                Servo_PWM_Start
 .text.MotorA_QuadDec_Cnt16_Enable
                0x00000ce8       0x10 .\CortexM3\ARM_GCC_541\Debug\MotorPID.a(MotorA_QuadDec_Cnt16.o)
                0x00000ce8                MotorA_QuadDec_Cnt16_Enable
 .text.MotorA_QuadDec_Cnt16_SetInterruptMode
                0x00000cf8        0xc .\CortexM3\ARM_GCC_541\Debug\MotorPID.a(MotorA_QuadDec_Cnt16.o)
                0x00000cf8                MotorA_QuadDec_Cnt16_SetInterruptMode
 .text.MotorA_QuadDec_Cnt16_ReadStatusRegister
                0x00000d04        0xc .\CortexM3\ARM_GCC_541\Debug\MotorPID.a(MotorA_QuadDec_Cnt16.o)
                0x00000d04                MotorA_QuadDec_Cnt16_ReadStatusRegister
 .text.MotorA_QuadDec_Cnt16_WriteCounter
                0x00000d10        0xc .\CortexM3\ARM_GCC_541\Debug\MotorPID.a(MotorA_QuadDec_Cnt16.o)
                0x00000d10                MotorA_QuadDec_Cnt16_WriteCounter
 .text.MotorA_QuadDec_Cnt16_ReadCapture
                0x00000d1c        0xc .\CortexM3\ARM_GCC_541\Debug\MotorPID.a(MotorA_QuadDec_Cnt16.o)
                0x00000d1c                MotorA_QuadDec_Cnt16_ReadCapture
 .text.MotorA_QuadDec_Cnt16_WritePeriod
                0x00000d28        0xc .\CortexM3\ARM_GCC_541\Debug\MotorPID.a(MotorA_QuadDec_Cnt16.o)
                0x00000d28                MotorA_QuadDec_Cnt16_WritePeriod
 .text.MotorA_QuadDec_Cnt16_WriteCompare
                0x00000d34        0xc .\CortexM3\ARM_GCC_541\Debug\MotorPID.a(MotorA_QuadDec_Cnt16.o)
                0x00000d34                MotorA_QuadDec_Cnt16_WriteCompare
 .text.MotorA_QuadDec_Cnt16_ClearFIFO
                0x00000d40       0x14 .\CortexM3\ARM_GCC_541\Debug\MotorPID.a(MotorA_QuadDec_Cnt16.o)
                0x00000d40                MotorA_QuadDec_Cnt16_ClearFIFO
 .text.MotorA_QuadDec_Cnt16_Init
                0x00000d54       0x58 .\CortexM3\ARM_GCC_541\Debug\MotorPID.a(MotorA_QuadDec_Cnt16.o)
                0x00000d54                MotorA_QuadDec_Cnt16_Init
 .text.MotorA_QuadDec_Cnt16_Start
                0x00000dac       0x1c .\CortexM3\ARM_GCC_541\Debug\MotorPID.a(MotorA_QuadDec_Cnt16.o)
                0x00000dac                MotorA_QuadDec_Cnt16_Start
 .text.UART_Init
                0x00000dc8       0x24 .\CortexM3\ARM_GCC_541\Debug\MotorPID.a(UART.o)
                0x00000dc8                UART_Init
 .text.UART_Enable
                0x00000dec       0x38 .\CortexM3\ARM_GCC_541\Debug\MotorPID.a(UART.o)
                0x00000dec                UART_Enable
 .text.UART_Start
                0x00000e24       0x1c .\CortexM3\ARM_GCC_541\Debug\MotorPID.a(UART.o)
                0x00000e24                UART_Start
 .text.UART_PutChar
                0x00000e40       0x18 .\CortexM3\ARM_GCC_541\Debug\MotorPID.a(UART.o)
                0x00000e40                UART_PutChar
 .text.UART_PutString
                0x00000e58       0x24 .\CortexM3\ARM_GCC_541\Debug\MotorPID.a(UART.o)
                0x00000e58                UART_PutString
 .text.UART_IntClock_Start
                0x00000e7c       0x1c .\CortexM3\ARM_GCC_541\Debug\MotorPID.a(UART_IntClock.o)
                0x00000e7c                UART_IntClock_Start
 .text.ServoCD_Enable
                0x00000e98       0x10 .\CortexM3\ARM_GCC_541\Debug\MotorPID.a(ServoCD.o)
                0x00000e98                ServoCD_Enable
 .text.ServoCD_WriteCounter
                0x00000ea8        0xc .\CortexM3\ARM_GCC_541\Debug\MotorPID.a(ServoCD.o)
                0x00000ea8                ServoCD_WriteCounter
 .text.ServoCD_WritePeriod
                0x00000eb4        0xc .\CortexM3\ARM_GCC_541\Debug\MotorPID.a(ServoCD.o)
                0x00000eb4                ServoCD_WritePeriod
 .text.ServoCD_WriteCompare1
                0x00000ec0        0xc .\CortexM3\ARM_GCC_541\Debug\MotorPID.a(ServoCD.o)
                0x00000ec0                ServoCD_WriteCompare1
 .text.ServoCD_WriteCompare2
                0x00000ecc        0xc .\CortexM3\ARM_GCC_541\Debug\MotorPID.a(ServoCD.o)
                0x00000ecc                ServoCD_WriteCompare2
 .text.ServoCD_SetInterruptMode
                0x00000ed8        0xc .\CortexM3\ARM_GCC_541\Debug\MotorPID.a(ServoCD.o)
                0x00000ed8                ServoCD_SetInterruptMode
 .text.ServoCD_ReadStatusRegister
                0x00000ee4        0xc .\CortexM3\ARM_GCC_541\Debug\MotorPID.a(ServoCD.o)
                0x00000ee4                ServoCD_ReadStatusRegister
 .text.ServoCD_ReadCapture
                0x00000ef0        0xc .\CortexM3\ARM_GCC_541\Debug\MotorPID.a(ServoCD.o)
                0x00000ef0                ServoCD_ReadCapture
 .text.ServoCD_ClearFIFO
                0x00000efc       0x14 .\CortexM3\ARM_GCC_541\Debug\MotorPID.a(ServoCD.o)
                0x00000efc                ServoCD_ClearFIFO
 .text.ServoCD_Init
                0x00000f10       0x64 .\CortexM3\ARM_GCC_541\Debug\MotorPID.a(ServoCD.o)
                0x00000f10                ServoCD_Init
 .text.ServoCD_Start
                0x00000f74       0x1c .\CortexM3\ARM_GCC_541\Debug\MotorPID.a(ServoCD.o)
                0x00000f74                ServoCD_Start
 .text.ServoCD_ReadPeriod
                0x00000f90        0xc .\CortexM3\ARM_GCC_541\Debug\MotorPID.a(ServoCD.o)
                0x00000f90                ServoCD_ReadPeriod
 .text.MotorB_QuadDec_GetEvents
                0x00000f9c       0x10 .\CortexM3\ARM_GCC_541\Debug\MotorPID.a(MotorB_QuadDec.o)
                0x00000f9c                MotorB_QuadDec_GetEvents
 .text.MotorB_QuadDec_SetInterruptMask
                0x00000fac        0xc .\CortexM3\ARM_GCC_541\Debug\MotorPID.a(MotorB_QuadDec.o)
                0x00000fac                MotorB_QuadDec_SetInterruptMask
 .text.MotorB_QuadDec_Enable
                0x00000fb8       0x24 .\CortexM3\ARM_GCC_541\Debug\MotorPID.a(MotorB_QuadDec.o)
                0x00000fb8                MotorB_QuadDec_Enable
 .text.MotorB_QuadDec_Start
                0x00000fdc       0x24 .\CortexM3\ARM_GCC_541\Debug\MotorPID.a(MotorB_QuadDec.o)
                0x00000fdc                MotorB_QuadDec_Start
 .text.MotorB_ISR_SetVector
                0x00001000        0xc .\CortexM3\ARM_GCC_541\Debug\MotorPID.a(MotorB_ISR.o)
                0x00001000                MotorB_ISR_SetVector
 .text.MotorB_ISR_SetPriority
                0x0000100c       0x10 .\CortexM3\ARM_GCC_541\Debug\MotorPID.a(MotorB_ISR.o)
                0x0000100c                MotorB_ISR_SetPriority
 .text.MotorB_ISR_Enable
                0x0000101c        0xc .\CortexM3\ARM_GCC_541\Debug\MotorPID.a(MotorB_ISR.o)
                0x0000101c                MotorB_ISR_Enable
 .text.MotorB_ISR_Disable
                0x00001028        0xc .\CortexM3\ARM_GCC_541\Debug\MotorPID.a(MotorB_ISR.o)
                0x00001028                MotorB_ISR_Disable
 .text.MotorB_ISR_StartEx
                0x00001034       0x1c .\CortexM3\ARM_GCC_541\Debug\MotorPID.a(MotorB_ISR.o)
                0x00001034                MotorB_ISR_StartEx
 .text.MotorB_PWM_Enable
                0x00001050       0x10 .\CortexM3\ARM_GCC_541\Debug\MotorPID.a(MotorB_PWM.o)
                0x00001050                MotorB_PWM_Enable
 .text.MotorB_PWM_WriteCounter
                0x00001060        0xc .\CortexM3\ARM_GCC_541\Debug\MotorPID.a(MotorB_PWM.o)
                0x00001060                MotorB_PWM_WriteCounter
 .text.MotorB_PWM_WritePeriod
                0x0000106c        0xc .\CortexM3\ARM_GCC_541\Debug\MotorPID.a(MotorB_PWM.o)
                0x0000106c                MotorB_PWM_WritePeriod
 .text.MotorB_PWM_WriteCompare
                0x00001078        0xc .\CortexM3\ARM_GCC_541\Debug\MotorPID.a(MotorB_PWM.o)
                0x00001078                MotorB_PWM_WriteCompare
 .text.MotorB_PWM_SetInterruptMode
                0x00001084        0xc .\CortexM3\ARM_GCC_541\Debug\MotorPID.a(MotorB_PWM.o)
                0x00001084                MotorB_PWM_SetInterruptMode
 .text.MotorB_PWM_ReadStatusRegister
                0x00001090        0xc .\CortexM3\ARM_GCC_541\Debug\MotorPID.a(MotorB_PWM.o)
                0x00001090                MotorB_PWM_ReadStatusRegister
 .text.MotorB_PWM_ReadCapture
                0x0000109c        0xc .\CortexM3\ARM_GCC_541\Debug\MotorPID.a(MotorB_PWM.o)
                0x0000109c                MotorB_PWM_ReadCapture
 .text.MotorB_PWM_ClearFIFO
                0x000010a8       0x14 .\CortexM3\ARM_GCC_541\Debug\MotorPID.a(MotorB_PWM.o)
                0x000010a8                MotorB_PWM_ClearFIFO
 .text.MotorB_PWM_Init
                0x000010bc       0x60 .\CortexM3\ARM_GCC_541\Debug\MotorPID.a(MotorB_PWM.o)
                0x000010bc                MotorB_PWM_Init
 .text.MotorB_PWM_Start
                0x0000111c       0x1c .\CortexM3\ARM_GCC_541\Debug\MotorPID.a(MotorB_PWM.o)
                0x0000111c                MotorB_PWM_Start
 .text.MotorB_QuadDec_Cnt16_Enable
                0x00001138       0x10 .\CortexM3\ARM_GCC_541\Debug\MotorPID.a(MotorB_QuadDec_Cnt16.o)
                0x00001138                MotorB_QuadDec_Cnt16_Enable
 .text.MotorB_QuadDec_Cnt16_SetInterruptMode
                0x00001148        0xc .\CortexM3\ARM_GCC_541\Debug\MotorPID.a(MotorB_QuadDec_Cnt16.o)
                0x00001148                MotorB_QuadDec_Cnt16_SetInterruptMode
 .text.MotorB_QuadDec_Cnt16_ReadStatusRegister
                0x00001154        0xc .\CortexM3\ARM_GCC_541\Debug\MotorPID.a(MotorB_QuadDec_Cnt16.o)
                0x00001154                MotorB_QuadDec_Cnt16_ReadStatusRegister
 .text.MotorB_QuadDec_Cnt16_WriteCounter
                0x00001160        0xc .\CortexM3\ARM_GCC_541\Debug\MotorPID.a(MotorB_QuadDec_Cnt16.o)
                0x00001160                MotorB_QuadDec_Cnt16_WriteCounter
 .text.MotorB_QuadDec_Cnt16_ReadCapture
                0x0000116c        0xc .\CortexM3\ARM_GCC_541\Debug\MotorPID.a(MotorB_QuadDec_Cnt16.o)
                0x0000116c                MotorB_QuadDec_Cnt16_ReadCapture
 .text.MotorB_QuadDec_Cnt16_WritePeriod
                0x00001178        0xc .\CortexM3\ARM_GCC_541\Debug\MotorPID.a(MotorB_QuadDec_Cnt16.o)
                0x00001178                MotorB_QuadDec_Cnt16_WritePeriod
 .text.MotorB_QuadDec_Cnt16_WriteCompare
                0x00001184        0xc .\CortexM3\ARM_GCC_541\Debug\MotorPID.a(MotorB_QuadDec_Cnt16.o)
                0x00001184                MotorB_QuadDec_Cnt16_WriteCompare
 .text.MotorB_QuadDec_Cnt16_ClearFIFO
                0x00001190       0x14 .\CortexM3\ARM_GCC_541\Debug\MotorPID.a(MotorB_QuadDec_Cnt16.o)
                0x00001190                MotorB_QuadDec_Cnt16_ClearFIFO
 .text.MotorB_QuadDec_Cnt16_Init
                0x000011a4       0x58 .\CortexM3\ARM_GCC_541\Debug\MotorPID.a(MotorB_QuadDec_Cnt16.o)
                0x000011a4                MotorB_QuadDec_Cnt16_Init
 .text.MotorB_QuadDec_Cnt16_Start
                0x000011fc       0x1c .\CortexM3\ARM_GCC_541\Debug\MotorPID.a(MotorB_QuadDec_Cnt16.o)
                0x000011fc                MotorB_QuadDec_Cnt16_Start
 .text          0x00001218       0x20 .\CortexM3\ARM_GCC_541\Debug\MotorPID.a(CyBootAsmGnu.o)
                0x00001218                CyDelayCycles
                0x00001228                CyEnterCriticalSection
                0x00001230                CyExitCriticalSection
 .text.cosf     0x00001238       0x78 c:/program files (x86)/cypress/psoc creator/4.4/psoc creator/import/gnu/arm/5.4.1/bin/../lib/gcc/arm-none-eabi/5.4.1/../../../../arm-none-eabi/lib/armv7-m\libm.a(lib_a-sf_cos.o)
                0x00001238                cosf
 .text.sinf     0x000012b0       0x7c c:/program files (x86)/cypress/psoc creator/4.4/psoc creator/import/gnu/arm/5.4.1/bin/../lib/gcc/arm-none-eabi/5.4.1/../../../../arm-none-eabi/lib/armv7-m\libm.a(lib_a-sf_sin.o)
                0x000012b0                sinf
 .text.__ieee754_rem_pio2f
                0x0000132c      0x2e4 c:/program files (x86)/cypress/psoc creator/4.4/psoc creator/import/gnu/arm/5.4.1/bin/../lib/gcc/arm-none-eabi/5.4.1/../../../../arm-none-eabi/lib/armv7-m\libm.a(lib_a-ef_rem_pio2.o)
                0x0000132c                __ieee754_rem_pio2f
 .text.__kernel_cosf
                0x00001610      0x188 c:/program files (x86)/cypress/psoc creator/4.4/psoc creator/import/gnu/arm/5.4.1/bin/../lib/gcc/arm-none-eabi/5.4.1/../../../../arm-none-eabi/lib/armv7-m\libm.a(lib_a-kf_cos.o)
                0x00001610                __kernel_cosf
 .text.__kernel_rem_pio2f
                0x00001798      0x6a0 c:/program files (x86)/cypress/psoc creator/4.4/psoc creator/import/gnu/arm/5.4.1/bin/../lib/gcc/arm-none-eabi/5.4.1/../../../../arm-none-eabi/lib/armv7-m\libm.a(lib_a-kf_rem_pio2.o)
                0x00001798                __kernel_rem_pio2f
 .text.__kernel_sinf
                0x00001e38       0xec c:/program files (x86)/cypress/psoc creator/4.4/psoc creator/import/gnu/arm/5.4.1/bin/../lib/gcc/arm-none-eabi/5.4.1/../../../../arm-none-eabi/lib/armv7-m\libm.a(lib_a-kf_sin.o)
                0x00001e38                __kernel_sinf
 .text.fabsf    0x00001f24        0x8 c:/program files (x86)/cypress/psoc creator/4.4/psoc creator/import/gnu/arm/5.4.1/bin/../lib/gcc/arm-none-eabi/5.4.1/../../../../arm-none-eabi/lib/armv7-m\libm.a(lib_a-sf_fabs.o)
                0x00001f24                fabsf
 .text.floorf   0x00001f2c       0x8c c:/program files (x86)/cypress/psoc creator/4.4/psoc creator/import/gnu/arm/5.4.1/bin/../lib/gcc/arm-none-eabi/5.4.1/../../../../arm-none-eabi/lib/armv7-m\libm.a(lib_a-sf_floor.o)
                0x00001f2c                floorf
 .text.scalbnf  0x00001fb8       0xb0 c:/program files (x86)/cypress/psoc creator/4.4/psoc creator/import/gnu/arm/5.4.1/bin/../lib/gcc/arm-none-eabi/5.4.1/../../../../arm-none-eabi/lib/armv7-m\libm.a(lib_a-sf_scalbn.o)
                0x00001fb8                scalbnf
 .text.copysignf
                0x00002068        0xc c:/program files (x86)/cypress/psoc creator/4.4/psoc creator/import/gnu/arm/5.4.1/bin/../lib/gcc/arm-none-eabi/5.4.1/../../../../arm-none-eabi/lib/armv7-m\libm.a(lib_a-sf_copysign.o)
                0x00002068                copysignf
 .text          0x00002074      0x370 c:/program files (x86)/cypress/psoc creator/4.4/psoc creator/import/gnu/arm/5.4.1/bin/../lib/gcc/arm-none-eabi/5.4.1/armv7-m\libgcc.a(_arm_addsubdf3.o)
                0x00002074                __aeabi_drsub
                0x0000207c                __aeabi_dsub
                0x0000207c                __subdf3
                0x00002080                __aeabi_dadd
                0x00002080                __adddf3
                0x000022f8                __floatunsidf
                0x000022f8                __aeabi_ui2d
                0x00002318                __floatsidf
                0x00002318                __aeabi_i2d
                0x0000233c                __aeabi_f2d
                0x0000233c                __extendsfdf2
                0x00002378                __floatundidf
                0x00002378                __aeabi_ul2d
                0x00002388                __floatdidf
                0x00002388                __aeabi_l2d
 .text          0x000023e4      0x424 c:/program files (x86)/cypress/psoc creator/4.4/psoc creator/import/gnu/arm/5.4.1/bin/../lib/gcc/arm-none-eabi/5.4.1/armv7-m\libgcc.a(_arm_muldivdf3.o)
                0x000023e4                __aeabi_dmul
                0x000023e4                __muldf3
                0x00002638                __divdf3
                0x00002638                __aeabi_ddiv
 .text          0x00002808       0x40 c:/program files (x86)/cypress/psoc creator/4.4/psoc creator/import/gnu/arm/5.4.1/bin/../lib/gcc/arm-none-eabi/5.4.1/armv7-m\libgcc.a(_arm_fixunsdfsi.o)
                0x00002808                __aeabi_d2uiz
                0x00002808                __fixunsdfsi
 .text          0x00002848      0x21c c:/program files (x86)/cypress/psoc creator/4.4/psoc creator/import/gnu/arm/5.4.1/bin/../lib/gcc/arm-none-eabi/5.4.1/armv7-m\libgcc.a(_arm_addsubsf3.o)
                0x00002848                __aeabi_frsub
                0x00002850                __subsf3
                0x00002850                __aeabi_fsub
                0x00002854                __aeabi_fadd
                0x00002854                __addsf3
                0x000029b4                __aeabi_ui2f
                0x000029b4                __floatunsisf
                0x000029bc                __aeabi_i2f
                0x000029bc                __floatsisf
                0x000029d8                __aeabi_ul2f
                0x000029d8                __floatundisf
                0x000029e8                __aeabi_l2f
                0x000029e8                __floatdisf
 .text          0x00002a64      0x2a0 c:/program files (x86)/cypress/psoc creator/4.4/psoc creator/import/gnu/arm/5.4.1/bin/../lib/gcc/arm-none-eabi/5.4.1/armv7-m\libgcc.a(_arm_muldivsf3.o)
                0x00002a64                __mulsf3
                0x00002a64                __aeabi_fmul
                0x00002bcc                __aeabi_fdiv
                0x00002bcc                __divsf3
 .text          0x00002d04       0xec c:/program files (x86)/cypress/psoc creator/4.4/psoc creator/import/gnu/arm/5.4.1/bin/../lib/gcc/arm-none-eabi/5.4.1/armv7-m\libgcc.a(_arm_cmpsf2.o)
                0x00002d04                __gesf2
                0x00002d04                __gtsf2
                0x00002d0c                __lesf2
                0x00002d0c                __ltsf2
                0x00002d14                __nesf2
                0x00002d14                __eqsf2
                0x00002d14                __cmpsf2
                0x00002d74                __aeabi_cfrcmple
                0x00002d7c                __aeabi_cfcmpeq
                0x00002d7c                __aeabi_cfcmple
                0x00002d8c                __aeabi_fcmpeq
                0x00002da0                __aeabi_fcmplt
                0x00002db4                __aeabi_fcmple
                0x00002dc8                __aeabi_fcmpge
                0x00002ddc                __aeabi_fcmpgt
 .text          0x00002df0       0x4c c:/program files (x86)/cypress/psoc creator/4.4/psoc creator/import/gnu/arm/5.4.1/bin/../lib/gcc/arm-none-eabi/5.4.1/armv7-m\libgcc.a(_arm_fixsfsi.o)
                0x00002df0                __aeabi_f2iz
                0x00002df0                __fixsfsi
 .text.__errno  0x00002e3c        0xc c:/program files (x86)/cypress/psoc creator/4.4/psoc creator/import/gnu/arm/5.4.1/bin/../lib/gcc/arm-none-eabi/5.4.1/../../../../arm-none-eabi/lib/armv7-m\libg_nano.a(lib_a-errno.o)
                0x00002e3c                __errno
 .text.__libc_init_array
                0x00002e48       0x4c c:/program files (x86)/cypress/psoc creator/4.4/psoc creator/import/gnu/arm/5.4.1/bin/../lib/gcc/arm-none-eabi/5.4.1/../../../../arm-none-eabi/lib/armv7-m\libg_nano.a(lib_a-init.o)
                0x00002e48                __libc_init_array
 .text.memcpy   0x00002e94       0x16 c:/program files (x86)/cypress/psoc creator/4.4/psoc creator/import/gnu/arm/5.4.1/bin/../lib/gcc/arm-none-eabi/5.4.1/../../../../arm-none-eabi/lib/armv7-m\libg_nano.a(lib_a-memcpy-stub.o)
                0x00002e94                memcpy
 .text.memset   0x00002eaa       0x10 c:/program files (x86)/cypress/psoc creator/4.4/psoc creator/import/gnu/arm/5.4.1/bin/../lib/gcc/arm-none-eabi/5.4.1/../../../../arm-none-eabi/lib/armv7-m\libg_nano.a(lib_a-memset.o)
                0x00002eaa                memset
 .text.__cvt    0x00002eba       0xc0 c:/program files (x86)/cypress/psoc creator/4.4/psoc creator/import/gnu/arm/5.4.1/bin/../lib/gcc/arm-none-eabi/5.4.1/../../../../arm-none-eabi/lib/armv7-m\libg_nano.a(lib_a-nano-vfprintf_float.o)
                0x00002eba                __cvt
 .text.__exponent
                0x00002f7a       0x62 c:/program files (x86)/cypress/psoc creator/4.4/psoc creator/import/gnu/arm/5.4.1/bin/../lib/gcc/arm-none-eabi/5.4.1/../../../../arm-none-eabi/lib/armv7-m\libg_nano.a(lib_a-nano-vfprintf_float.o)
                0x00002f7a                __exponent
 .text._printf_float
                0x00002fdc      0x488 c:/program files (x86)/cypress/psoc creator/4.4/psoc creator/import/gnu/arm/5.4.1/bin/../lib/gcc/arm-none-eabi/5.4.1/../../../../arm-none-eabi/lib/armv7-m\libg_nano.a(lib_a-nano-vfprintf_float.o)
                0x00002fdc                _printf_float
 .text._printf_common
                0x00003464       0xec c:/program files (x86)/cypress/psoc creator/4.4/psoc creator/import/gnu/arm/5.4.1/bin/../lib/gcc/arm-none-eabi/5.4.1/../../../../arm-none-eabi/lib/armv7-m\libg_nano.a(lib_a-nano-vfprintf_i.o)
                0x00003464                _printf_common
 .text._printf_i
                0x00003550      0x24c c:/program files (x86)/cypress/psoc creator/4.4/psoc creator/import/gnu/arm/5.4.1/bin/../lib/gcc/arm-none-eabi/5.4.1/../../../../arm-none-eabi/lib/armv7-m\libg_nano.a(lib_a-nano-vfprintf_i.o)
                0x00003550                _printf_i
 .text.sprintf  0x0000379c       0x48 c:/program files (x86)/cypress/psoc creator/4.4/psoc creator/import/gnu/arm/5.4.1/bin/../lib/gcc/arm-none-eabi/5.4.1/../../../../arm-none-eabi/lib/armv7-m\libg_nano.a(lib_a-sprintf.o)
                0x0000379c                siprintf
                0x0000379c                sprintf
 .text          0x000037e4       0x10 c:/program files (x86)/cypress/psoc creator/4.4/psoc creator/import/gnu/arm/5.4.1/bin/../lib/gcc/arm-none-eabi/5.4.1/../../../../arm-none-eabi/lib/armv7-m\libg_nano.a(lib_a-strlen.o)
                0x000037e4                strlen
 .text.quorem   0x000037f4      0x116 c:/program files (x86)/cypress/psoc creator/4.4/psoc creator/import/gnu/arm/5.4.1/bin/../lib/gcc/arm-none-eabi/5.4.1/../../../../arm-none-eabi/lib/armv7-m\libg_nano.a(lib_a-dtoa.o)
 *fill*         0x0000390a        0x6 
 .text._dtoa_r  0x00003910      0xb30 c:/program files (x86)/cypress/psoc creator/4.4/psoc creator/import/gnu/arm/5.4.1/bin/../lib/gcc/arm-none-eabi/5.4.1/../../../../arm-none-eabi/lib/armv7-m\libg_nano.a(lib_a-dtoa.o)
                0x00003910                _dtoa_r
 .text._localeconv_r
                0x00004440        0x8 c:/program files (x86)/cypress/psoc creator/4.4/psoc creator/import/gnu/arm/5.4.1/bin/../lib/gcc/arm-none-eabi/5.4.1/../../../../arm-none-eabi/lib/armv7-m\libg_nano.a(lib_a-locale.o)
                0x00004440                _localeconv_r
 .text.malloc   0x00004448       0x10 c:/program files (x86)/cypress/psoc creator/4.4/psoc creator/import/gnu/arm/5.4.1/bin/../lib/gcc/arm-none-eabi/5.4.1/../../../../arm-none-eabi/lib/armv7-m\libg_nano.a(lib_a-malloc.o)
                0x00004448                malloc
 .text.memchr   0x00004458       0x1c c:/program files (x86)/cypress/psoc creator/4.4/psoc creator/import/gnu/arm/5.4.1/bin/../lib/gcc/arm-none-eabi/5.4.1/../../../../arm-none-eabi/lib/armv7-m\libg_nano.a(lib_a-memchr-stub.o)
                0x00004458                memchr
 .text._Balloc  0x00004474       0x6a c:/program files (x86)/cypress/psoc creator/4.4/psoc creator/import/gnu/arm/5.4.1/bin/../lib/gcc/arm-none-eabi/5.4.1/../../../../arm-none-eabi/lib/armv7-m\libg_nano.a(lib_a-mprec.o)
                0x00004474                _Balloc
 .text._Bfree   0x000044de       0x2e c:/program files (x86)/cypress/psoc creator/4.4/psoc creator/import/gnu/arm/5.4.1/bin/../lib/gcc/arm-none-eabi/5.4.1/../../../../arm-none-eabi/lib/armv7-m\libg_nano.a(lib_a-mprec.o)
                0x000044de                _Bfree
 .text.__multadd
                0x0000450c       0x76 c:/program files (x86)/cypress/psoc creator/4.4/psoc creator/import/gnu/arm/5.4.1/bin/../lib/gcc/arm-none-eabi/5.4.1/../../../../arm-none-eabi/lib/armv7-m\libg_nano.a(lib_a-mprec.o)
                0x0000450c                __multadd
 .text.__hi0bits
                0x00004582       0x40 c:/program files (x86)/cypress/psoc creator/4.4/psoc creator/import/gnu/arm/5.4.1/bin/../lib/gcc/arm-none-eabi/5.4.1/../../../../arm-none-eabi/lib/armv7-m\libg_nano.a(lib_a-mprec.o)
                0x00004582                __hi0bits
 .text.__lo0bits
                0x000045c2       0x5a c:/program files (x86)/cypress/psoc creator/4.4/psoc creator/import/gnu/arm/5.4.1/bin/../lib/gcc/arm-none-eabi/5.4.1/../../../../arm-none-eabi/lib/armv7-m\libg_nano.a(lib_a-mprec.o)
                0x000045c2                __lo0bits
 .text.__i2b    0x0000461c       0x12 c:/program files (x86)/cypress/psoc creator/4.4/psoc creator/import/gnu/arm/5.4.1/bin/../lib/gcc/arm-none-eabi/5.4.1/../../../../arm-none-eabi/lib/armv7-m\libg_nano.a(lib_a-mprec.o)
                0x0000461c                __i2b
 .text.__multiply
                0x0000462e      0x120 c:/program files (x86)/cypress/psoc creator/4.4/psoc creator/import/gnu/arm/5.4.1/bin/../lib/gcc/arm-none-eabi/5.4.1/../../../../arm-none-eabi/lib/armv7-m\libg_nano.a(lib_a-mprec.o)
                0x0000462e                __multiply
 *fill*         0x0000474e        0x2 
 .text.__pow5mult
                0x00004750       0x9c c:/program files (x86)/cypress/psoc creator/4.4/psoc creator/import/gnu/arm/5.4.1/bin/../lib/gcc/arm-none-eabi/5.4.1/../../../../arm-none-eabi/lib/armv7-m\libg_nano.a(lib_a-mprec.o)
                0x00004750                __pow5mult
 .text.__lshift
                0x000047ec       0xa2 c:/program files (x86)/cypress/psoc creator/4.4/psoc creator/import/gnu/arm/5.4.1/bin/../lib/gcc/arm-none-eabi/5.4.1/../../../../arm-none-eabi/lib/armv7-m\libg_nano.a(lib_a-mprec.o)
                0x000047ec                __lshift
 .text.__mcmp   0x0000488e       0x38 c:/program files (x86)/cypress/psoc creator/4.4/psoc creator/import/gnu/arm/5.4.1/bin/../lib/gcc/arm-none-eabi/5.4.1/../../../../arm-none-eabi/lib/armv7-m\libg_nano.a(lib_a-mprec.o)
                0x0000488e                __mcmp
 .text.__mdiff  0x000048c6       0xbe c:/program files (x86)/cypress/psoc creator/4.4/psoc creator/import/gnu/arm/5.4.1/bin/../lib/gcc/arm-none-eabi/5.4.1/../../../../arm-none-eabi/lib/armv7-m\libg_nano.a(lib_a-mprec.o)
                0x000048c6                __mdiff
 .text.__d2b    0x00004984       0x9c c:/program files (x86)/cypress/psoc creator/4.4/psoc creator/import/gnu/arm/5.4.1/bin/../lib/gcc/arm-none-eabi/5.4.1/../../../../arm-none-eabi/lib/armv7-m\libg_nano.a(lib_a-mprec.o)
                0x00004984                __d2b
 .text._calloc_r
                0x00004a20       0x1c c:/program files (x86)/cypress/psoc creator/4.4/psoc creator/import/gnu/arm/5.4.1/bin/../lib/gcc/arm-none-eabi/5.4.1/../../../../arm-none-eabi/lib/armv7-m\libg_nano.a(lib_a-nano-callocr.o)
                0x00004a20                _calloc_r
 .text._free_r  0x00004a3c       0x98 c:/program files (x86)/cypress/psoc creator/4.4/psoc creator/import/gnu/arm/5.4.1/bin/../lib/gcc/arm-none-eabi/5.4.1/../../../../arm-none-eabi/lib/armv7-m\libg_nano.a(lib_a-nano-freer.o)
                0x00004a3c                _free_r
 .text._malloc_r
                0x00004ad4       0xbc c:/program files (x86)/cypress/psoc creator/4.4/psoc creator/import/gnu/arm/5.4.1/bin/../lib/gcc/arm-none-eabi/5.4.1/../../../../arm-none-eabi/lib/armv7-m\libg_nano.a(lib_a-nano-mallocr.o)
                0x00004ad4                _malloc_r
 .text.__ssputs_r
                0x00004b90       0xb2 c:/program files (x86)/cypress/psoc creator/4.4/psoc creator/import/gnu/arm/5.4.1/bin/../lib/gcc/arm-none-eabi/5.4.1/../../../../arm-none-eabi/lib/armv7-m\libg_nano.a(lib_a-nano-svfprintf.o)
                0x00004b90                __ssputs_r
 *fill*         0x00004c42        0x2 
 .text._svfprintf_r
                0x00004c44      0x1e8 c:/program files (x86)/cypress/psoc creator/4.4/psoc creator/import/gnu/arm/5.4.1/bin/../lib/gcc/arm-none-eabi/5.4.1/../../../../arm-none-eabi/lib/armv7-m\libg_nano.a(lib_a-nano-svfprintf.o)
                0x00004c44                _svfiprintf_r
                0x00004c44                _svfprintf_r
 .text._sbrk_r  0x00004e2c       0x20 c:/program files (x86)/cypress/psoc creator/4.4/psoc creator/import/gnu/arm/5.4.1/bin/../lib/gcc/arm-none-eabi/5.4.1/../../../../arm-none-eabi/lib/armv7-m\libg_nano.a(lib_a-sbrkr.o)
                0x00004e2c                _sbrk_r
 .text.memmove  0x00004e4c       0x36 c:/program files (x86)/cypress/psoc creator/4.4/psoc creator/import/gnu/arm/5.4.1/bin/../lib/gcc/arm-none-eabi/5.4.1/../../../../arm-none-eabi/lib/armv7-m\libg_nano.a(lib_a-memmove.o)
                0x00004e4c                memmove
 .text.__malloc_lock
                0x00004e82        0x2 c:/program files (x86)/cypress/psoc creator/4.4/psoc creator/import/gnu/arm/5.4.1/bin/../lib/gcc/arm-none-eabi/5.4.1/../../../../arm-none-eabi/lib/armv7-m\libg_nano.a(lib_a-mlock.o)
                0x00004e82                __malloc_lock
 .text.__malloc_unlock
                0x00004e84        0x2 c:/program files (x86)/cypress/psoc creator/4.4/psoc creator/import/gnu/arm/5.4.1/bin/../lib/gcc/arm-none-eabi/5.4.1/../../../../arm-none-eabi/lib/armv7-m\libg_nano.a(lib_a-mlock.o)
                0x00004e84                __malloc_unlock
 .text._realloc_r
                0x00004e86       0x4c c:/program files (x86)/cypress/psoc creator/4.4/psoc creator/import/gnu/arm/5.4.1/bin/../lib/gcc/arm-none-eabi/5.4.1/../../../../arm-none-eabi/lib/armv7-m\libg_nano.a(lib_a-nano-reallocr.o)
                0x00004e86                _realloc_r
 .text._malloc_usable_size_r
                0x00004ed2       0x14 c:/program files (x86)/cypress/psoc creator/4.4/psoc creator/import/gnu/arm/5.4.1/bin/../lib/gcc/arm-none-eabi/5.4.1/../../../../arm-none-eabi/lib/armv7-m\libg_nano.a(lib_a-nano-msizer.o)
                0x00004ed2                _malloc_usable_size_r
 *fill*         0x00004ee6        0x2 
 .text          0x00004ee8      0x110 c:/program files (x86)/cypress/psoc creator/4.4/psoc creator/import/gnu/arm/5.4.1/bin/../lib/gcc/arm-none-eabi/5.4.1/armv7-m\libgcc.a(_arm_cmpdf2.o)
                0x00004ee8                __gtdf2
                0x00004ee8                __gedf2
                0x00004ef0                __ltdf2
                0x00004ef0                __ledf2
                0x00004ef8                __nedf2
                0x00004ef8                __eqdf2
                0x00004ef8                __cmpdf2
                0x00004f74                __aeabi_cdrcmple
                0x00004f84                __aeabi_cdcmpeq
                0x00004f84                __aeabi_cdcmple
                0x00004f94                __aeabi_dcmpeq
                0x00004fa8                __aeabi_dcmplt
                0x00004fbc                __aeabi_dcmple
                0x00004fd0                __aeabi_dcmpge
                0x00004fe4                __aeabi_dcmpgt
 .text          0x00004ff8       0x2c c:/program files (x86)/cypress/psoc creator/4.4/psoc creator/import/gnu/arm/5.4.1/bin/../lib/gcc/arm-none-eabi/5.4.1/armv7-m\libgcc.a(_arm_unorddf2.o)
                0x00004ff8                __unorddf2
                0x00004ff8                __aeabi_dcmpun
 .text          0x00005024       0x50 c:/program files (x86)/cypress/psoc creator/4.4/psoc creator/import/gnu/arm/5.4.1/bin/../lib/gcc/arm-none-eabi/5.4.1/armv7-m\libgcc.a(_arm_fixdfsi.o)
                0x00005024                __aeabi_d2iz
                0x00005024                __fixdfsi
 *(.plt)
 *(.gnu.warning)
 *(.glue_7t)
 .glue_7t       0x00005074        0x0 linker stubs
 *(.glue_7)
 .glue_7        0x00005074        0x0 linker stubs
 *(.vfp11_veneer)
 .vfp11_veneer  0x00005074        0x0 linker stubs
 *(.bootloader)
 *(.ARM.extab* .gnu.linkonce.armextab.*)
 *(.gcc_except_table)

.v4_bx          0x00005074        0x0
 .v4_bx         0x00005074        0x0 linker stubs

.iplt           0x00005074        0x0
 .iplt          0x00005074        0x0 c:/program files (x86)/cypress/psoc creator/4.4/psoc creator/import/gnu/arm/5.4.1/bin/../lib/gcc/arm-none-eabi/5.4.1/armv7-m/crtbegin.o

.eh_frame_hdr
 *(.eh_frame_hdr)

.eh_frame       0x00005074        0x4
 *(.eh_frame)
 .eh_frame      0x00005074        0x0 c:/program files (x86)/cypress/psoc creator/4.4/psoc creator/import/gnu/arm/5.4.1/bin/../lib/gcc/arm-none-eabi/5.4.1/armv7-m/crtbegin.o
 .eh_frame      0x00005074        0x4 c:/program files (x86)/cypress/psoc creator/4.4/psoc creator/import/gnu/arm/5.4.1/bin/../lib/gcc/arm-none-eabi/5.4.1/armv7-m/crtend.o
                [!provide]                PROVIDE (__exidx_start, .)

.ARM.exidx
 *(.ARM.exidx* .gnu.linkonce.armexidx.*)
                0x00005078                __exidx_end = .

.rodata         0x00005078      0x668
 *(.rodata .rodata.* .gnu.linkonce.r.*)
 .rodata.str1.4
                0x00005078       0xc0 .\CortexM3\ARM_GCC_541\Debug\main.o
                                 0xbd (size before relaxing)
 .rodata        0x00005138       0x40 .\CortexM3\ARM_GCC_541\Debug\cyfitter_cfg.o
 .rodata.npio2_hw
                0x00005178       0x80 c:/program files (x86)/cypress/psoc creator/4.4/psoc creator/import/gnu/arm/5.4.1/bin/../lib/gcc/arm-none-eabi/5.4.1/../../../../arm-none-eabi/lib/armv7-m\libm.a(lib_a-ef_rem_pio2.o)
 .rodata.two_over_pi
                0x000051f8      0x318 c:/program files (x86)/cypress/psoc creator/4.4/psoc creator/import/gnu/arm/5.4.1/bin/../lib/gcc/arm-none-eabi/5.4.1/../../../../arm-none-eabi/lib/armv7-m\libm.a(lib_a-ef_rem_pio2.o)
 .rodata.init_jk
                0x00005510        0xc c:/program files (x86)/cypress/psoc creator/4.4/psoc creator/import/gnu/arm/5.4.1/bin/../lib/gcc/arm-none-eabi/5.4.1/../../../../arm-none-eabi/lib/armv7-m\libm.a(lib_a-kf_rem_pio2.o)
 .rodata.PIo2   0x0000551c       0x2c c:/program files (x86)/cypress/psoc creator/4.4/psoc creator/import/gnu/arm/5.4.1/bin/../lib/gcc/arm-none-eabi/5.4.1/../../../../arm-none-eabi/lib/armv7-m\libm.a(lib_a-kf_rem_pio2.o)
 .rodata.str1.1
                0x00005548        0x2 c:/program files (x86)/cypress/psoc creator/4.4/psoc creator/import/gnu/arm/5.4.1/bin/../lib/gcc/arm-none-eabi/5.4.1/../../../../arm-none-eabi/lib/armv7-m\libg_nano.a(lib_a-impure.o)
 .rodata.str1.1
                0x0000554a       0x12 c:/program files (x86)/cypress/psoc creator/4.4/psoc creator/import/gnu/arm/5.4.1/bin/../lib/gcc/arm-none-eabi/5.4.1/../../../../arm-none-eabi/lib/armv7-m\libg_nano.a(lib_a-nano-vfprintf_float.o)
 .rodata.str1.1
                0x0000555c       0x22 c:/program files (x86)/cypress/psoc creator/4.4/psoc creator/import/gnu/arm/5.4.1/bin/../lib/gcc/arm-none-eabi/5.4.1/../../../../arm-none-eabi/lib/armv7-m\libg_nano.a(lib_a-nano-vfprintf_i.o)
 .rodata.str1.1
                0x0000557e        0xd c:/program files (x86)/cypress/psoc creator/4.4/psoc creator/import/gnu/arm/5.4.1/bin/../lib/gcc/arm-none-eabi/5.4.1/../../../../arm-none-eabi/lib/armv7-m\libg_nano.a(lib_a-dtoa.o)
                                  0xf (size before relaxing)
 .rodata.str1.1
                0x0000558b        0x8 c:/program files (x86)/cypress/psoc creator/4.4/psoc creator/import/gnu/arm/5.4.1/bin/../lib/gcc/arm-none-eabi/5.4.1/../../../../arm-none-eabi/lib/armv7-m\libg_nano.a(lib_a-locale.o)
                                  0xb (size before relaxing)
 *fill*         0x00005593        0x5 
 .rodata.__mprec_tens
                0x00005598       0xc8 c:/program files (x86)/cypress/psoc creator/4.4/psoc creator/import/gnu/arm/5.4.1/bin/../lib/gcc/arm-none-eabi/5.4.1/../../../../arm-none-eabi/lib/armv7-m\libg_nano.a(lib_a-mprec.o)
                0x00005598                __mprec_tens
 .rodata.p05.5408
                0x00005660        0xc c:/program files (x86)/cypress/psoc creator/4.4/psoc creator/import/gnu/arm/5.4.1/bin/../lib/gcc/arm-none-eabi/5.4.1/../../../../arm-none-eabi/lib/armv7-m\libg_nano.a(lib_a-mprec.o)
 *fill*         0x0000566c        0x4 
 .rodata.__mprec_bigtens
                0x00005670       0x28 c:/program files (x86)/cypress/psoc creator/4.4/psoc creator/import/gnu/arm/5.4.1/bin/../lib/gcc/arm-none-eabi/5.4.1/../../../../arm-none-eabi/lib/armv7-m\libg_nano.a(lib_a-mprec.o)
                0x00005670                __mprec_bigtens
 .rodata.str1.1
                0x00005698       0x11 c:/program files (x86)/cypress/psoc creator/4.4/psoc creator/import/gnu/arm/5.4.1/bin/../lib/gcc/arm-none-eabi/5.4.1/../../../../arm-none-eabi/lib/armv7-m\libg_nano.a(lib_a-nano-svfprintf.o)
                0x000056ac                . = ALIGN (0x4)
 *fill*         0x000056a9        0x3 
 *(.init)
 .init          0x000056ac        0x4 c:/program files (x86)/cypress/psoc creator/4.4/psoc creator/import/gnu/arm/5.4.1/bin/../lib/gcc/arm-none-eabi/5.4.1/armv7-m/crti.o
                0x000056ac                _init
 .init          0x000056b0        0x8 c:/program files (x86)/cypress/psoc creator/4.4/psoc creator/import/gnu/arm/5.4.1/bin/../lib/gcc/arm-none-eabi/5.4.1/armv7-m/crtn.o
                0x000056b8                . = ALIGN (0x4)
                0x000056b8                __preinit_array_start = .
 *(.preinit_array)
                0x000056b8                __preinit_array_end = .
                0x000056b8                . = ALIGN (0x4)
                0x000056b8                __init_array_start = .
 *(SORT(.init_array.*))
 *(.init_array)
 .init_array    0x000056b8        0x4 c:/program files (x86)/cypress/psoc creator/4.4/psoc creator/import/gnu/arm/5.4.1/bin/../lib/gcc/arm-none-eabi/5.4.1/armv7-m/crtbegin.o
 .init_array    0x000056bc        0x4 .\CortexM3\ARM_GCC_541\Debug\Cm3Start.o
                0x000056c0                __init_array_end = .
                0x000056c0                . = ALIGN (0x4)
 *(.fini)
 .fini          0x000056c0        0x4 c:/program files (x86)/cypress/psoc creator/4.4/psoc creator/import/gnu/arm/5.4.1/bin/../lib/gcc/arm-none-eabi/5.4.1/armv7-m/crti.o
                0x000056c0                _fini
 .fini          0x000056c4        0x8 c:/program files (x86)/cypress/psoc creator/4.4/psoc creator/import/gnu/arm/5.4.1/bin/../lib/gcc/arm-none-eabi/5.4.1/armv7-m/crtn.o
                0x000056cc                . = ALIGN (0x4)
                0x000056cc                __fini_array_start = .
 *(.fini_array)
 .fini_array    0x000056cc        0x4 c:/program files (x86)/cypress/psoc creator/4.4/psoc creator/import/gnu/arm/5.4.1/bin/../lib/gcc/arm-none-eabi/5.4.1/armv7-m/crtbegin.o
 *(SORT(.fini_array.*))
                0x000056d0                __fini_array_end = .
                0x000056d0                . = ALIGN (0x4)
 *crtbegin.o(.ctors)
 *(EXCLUDE_FILE(*crtend.o) .ctors)
 *(SORT(.ctors.*))
 *crtend.o(.ctors)
                0x000056d0                . = ALIGN (0x4)
 *crtbegin.o(.dtors)
 *(EXCLUDE_FILE(*crtend.o) .dtors)
 *(SORT(.dtors.*))
 *crtend.o(.dtors)
                0x000056d0                . = ALIGN (0x4)
                0x000056d0                __cy_regions = .
                0x000056d0        0x4 LONG 0x56e0 __cy_region_init_ram
                0x000056d4        0x4 LONG 0x1fff80c8 __cy_region_start_data
                0x000056d8        0x4 LONG 0xa8 __cy_region_init_size_ram
                0x000056dc        0x4 LONG 0x38 __cy_region_zero_size_ram
                0x000056e0                __cy_regions_end = .
                0x000056e0                . = ALIGN (0x8)
                0x000056e0                _etext = .

.cy_checksum_exclude
                0x000056e0        0x0
 *(.cy_checksum_exclude)

.ramvectors     0x1fff8000       0xc0
                0x1fff8000                __cy_region_start_ram = .
 *(.ramvectors)
 .ramvectors    0x1fff8000       0xc0 .\CortexM3\ARM_GCC_541\Debug\Cm3Start.o
                0x1fff8000                CyRamVectors

.noinit         0x1fff80c0        0x1
 *(.noinit)
 .noinit        0x1fff80c0        0x1 .\CortexM3\ARM_GCC_541\Debug\MotorPID.a(CyLib.o)
                0x1fff80c0                CyResetStatus

.data           0x1fff80c8       0xa8 load address 0x000056e0
                0x1fff80c8                __cy_region_start_data = .
 *(.jcr)
 .jcr           0x1fff80c8        0x0 c:/program files (x86)/cypress/psoc creator/4.4/psoc creator/import/gnu/arm/5.4.1/bin/../lib/gcc/arm-none-eabi/5.4.1/armv7-m/crtbegin.o
 .jcr           0x1fff80c8        0x4 c:/program files (x86)/cypress/psoc creator/4.4/psoc creator/import/gnu/arm/5.4.1/bin/../lib/gcc/arm-none-eabi/5.4.1/armv7-m/crtend.o
 *(.got.plt)
 *(.got)
 *(.shdata)
 *(.data .data.* .gnu.linkonce.d.*)
 .data          0x1fff80cc        0x4 .\CortexM3\ARM_GCC_541\Debug\Cm3Start.o
 .data.impure_data
                0x1fff80d0       0x60 c:/program files (x86)/cypress/psoc creator/4.4/psoc creator/import/gnu/arm/5.4.1/bin/../lib/gcc/arm-none-eabi/5.4.1/../../../../arm-none-eabi/lib/armv7-m\libg_nano.a(lib_a-impure.o)
 .data._impure_ptr
                0x1fff8130        0x4 c:/program files (x86)/cypress/psoc creator/4.4/psoc creator/import/gnu/arm/5.4.1/bin/../lib/gcc/arm-none-eabi/5.4.1/../../../../arm-none-eabi/lib/armv7-m\libg_nano.a(lib_a-impure.o)
                0x1fff8130                _impure_ptr
 .data.lconv    0x1fff8134       0x38 c:/program files (x86)/cypress/psoc creator/4.4/psoc creator/import/gnu/arm/5.4.1/bin/../lib/gcc/arm-none-eabi/5.4.1/../../../../arm-none-eabi/lib/armv7-m\libg_nano.a(lib_a-locale.o)
                0x1fff8170                . = ALIGN (0x8)
 *fill*         0x1fff816c        0x4 
 *(.ram)
                0x1fff8170                _edata = .

.igot.plt       0x1fff8170        0x0 load address 0x00005788
 .igot.plt      0x1fff8170        0x0 c:/program files (x86)/cypress/psoc creator/4.4/psoc creator/import/gnu/arm/5.4.1/bin/../lib/gcc/arm-none-eabi/5.4.1/armv7-m/crtbegin.o

.bss            0x1fff8170       0x38 load address 0x00005788
                0x1fff8170                PROVIDE (__bss_start__, .)
 *(.shbss)
 *(.bss .bss.* .gnu.linkonce.b.*)
 .bss           0x1fff8170       0x1c c:/program files (x86)/cypress/psoc creator/4.4/psoc creator/import/gnu/arm/5.4.1/bin/../lib/gcc/arm-none-eabi/5.4.1/armv7-m/crtbegin.o
 .bss           0x1fff818c        0x1 .\CortexM3\ARM_GCC_541\Debug\MotorPID.a(MotorA_PWM.o)
                0x1fff818c                MotorA_PWM_initVar
 .bss           0x1fff818d        0x1 .\CortexM3\ARM_GCC_541\Debug\MotorPID.a(MotorA_QuadDec.o)
                0x1fff818d                MotorA_QuadDec_initVar
 .bss           0x1fff818e        0x1 .\CortexM3\ARM_GCC_541\Debug\MotorPID.a(ServoAB.o)
                0x1fff818e                ServoAB_initVar
 .bss           0x1fff818f        0x1 .\CortexM3\ARM_GCC_541\Debug\MotorPID.a(Servo_PWM.o)
                0x1fff818f                Servo_PWM_initVar
 .bss           0x1fff8190        0x1 .\CortexM3\ARM_GCC_541\Debug\MotorPID.a(MotorA_QuadDec_Cnt16.o)
                0x1fff8190                MotorA_QuadDec_Cnt16_initVar
 .bss           0x1fff8191        0x2 .\CortexM3\ARM_GCC_541\Debug\MotorPID.a(UART.o)
                0x1fff8191                UART_initVar
 .bss           0x1fff8193        0x1 .\CortexM3\ARM_GCC_541\Debug\MotorPID.a(ServoCD.o)
                0x1fff8193                ServoCD_initVar
 .bss           0x1fff8194        0x1 .\CortexM3\ARM_GCC_541\Debug\MotorPID.a(MotorB_QuadDec.o)
                0x1fff8194                MotorB_QuadDec_initVar
 .bss           0x1fff8195        0x1 .\CortexM3\ARM_GCC_541\Debug\MotorPID.a(MotorB_PWM.o)
                0x1fff8195                MotorB_PWM_initVar
 .bss           0x1fff8196        0x1 .\CortexM3\ARM_GCC_541\Debug\MotorPID.a(MotorB_QuadDec_Cnt16.o)
                0x1fff8196                MotorB_QuadDec_Cnt16_initVar
 *fill*         0x1fff8197        0x1 
 .bss.__malloc_sbrk_start
                0x1fff8198        0x4 c:/program files (x86)/cypress/psoc creator/4.4/psoc creator/import/gnu/arm/5.4.1/bin/../lib/gcc/arm-none-eabi/5.4.1/../../../../arm-none-eabi/lib/armv7-m\libg_nano.a(lib_a-nano-mallocr.o)
                0x1fff8198                __malloc_sbrk_start
 .bss.__malloc_free_list
                0x1fff819c        0x4 c:/program files (x86)/cypress/psoc creator/4.4/psoc creator/import/gnu/arm/5.4.1/bin/../lib/gcc/arm-none-eabi/5.4.1/../../../../arm-none-eabi/lib/armv7-m\libg_nano.a(lib_a-nano-mallocr.o)
                0x1fff819c                __malloc_free_list
 *(COMMON)
 COMMON         0x1fff81a0        0x4 c:/program files (x86)/cypress/psoc creator/4.4/psoc creator/import/gnu/arm/5.4.1/bin/../lib/gcc/arm-none-eabi/5.4.1/../../../../arm-none-eabi/lib/armv7-m\libg_nano.a(lib_a-reent.o)
                0x1fff81a0                errno
                0x1fff81a8                . = ALIGN (0x8)
 *fill*         0x1fff81a4        0x4 
 *(.ram.b)
                0x1fff81a8                _end = .
                0x1fff81a8                __end = .
                0x1fff81a8                PROVIDE (end, .)
                0x1fff81a8                PROVIDE (__bss_end__, .)
                0x000056e0                __cy_region_init_ram = LOADADDR (.data)
                0x000000a8                __cy_region_init_size_ram = (_edata - ADDR (.data))
                0x00000038                __cy_region_zero_size_ram = (_end - _edata)

.heap           0x1fff81a8     0x1000 load address 0x00005788
                0x1fff81a8                . = _end
                0x1fff91a8                . = (. + 0x1000)
 *fill*         0x1fff81a8     0x1000 
                0x1fff91a8                __cy_heap_limit = .

.stack          0x20006000     0x2000
                0x20006000                __cy_stack_limit = .
                0x20008000                . = (. + 0x2000)
 *fill*         0x20006000     0x2000 
                0x00000001                ASSERT ((__cy_stack_limit >= __cy_heap_limit), region RAM overflowed with stack)
                0x00000000                cy_checksum_exclude_size = (CY_APPL_LOADABLE == 0x1)?SIZEOF (.cy_checksum_exclude):0x0
                0x00000001                ASSERT ((cy_checksum_exclude_size <= CY_CHECKSUM_EXCLUDE_SIZE), CY_BOOT: Section .cy_checksum_exclude size exceedes specified limit.)

.cyloadermeta
 *(.cyloadermeta)

.cyloadablemeta
 *(.cyloadablemeta)

.cyconfigecc    0x80000000     0x1044
 *(.cyconfigecc)
 .cyconfigecc   0x80000000     0x1044 .\CortexM3\ARM_GCC_541\Debug\cymetadata.o
                0x80000000                cy_meta_configecc

.cycustnvl      0x90000000        0x4
 *(.cycustnvl)
 .cycustnvl     0x90000000        0x4 .\CortexM3\ARM_GCC_541\Debug\cymetadata.o
                0x90000000                cy_meta_custnvl

.cywolatch      0x90100000        0x4
 *(.cywolatch)
 .cywolatch     0x90100000        0x4 .\CortexM3\ARM_GCC_541\Debug\cymetadata.o
                0x90100000                cy_meta_wonvl

.cyeeprom       0x90200000        0x0
 *(.cyeeprom)
                0x00000001                ASSERT ((. <= ((0x90200000 + ee_offset) + ee_size)), .cyeeprom data will not fit in EEPROM)

.cyflashprotect
                0x90400000      0x100
 *(.cyflashprotect)
 .cyflashprotect
                0x90400000      0x100 .\CortexM3\ARM_GCC_541\Debug\cymetadata.o
                0x90400000                cy_meta_flashprotect

.cymeta         0x90500000        0xc
 *(.cymeta)
 .cymeta        0x90500000        0xc .\CortexM3\ARM_GCC_541\Debug\cymetadata.o
                0x90500000                cy_metadata

.rel.dyn        0x00005788        0x0 load address 0x9050000c
 .rel.iplt      0x00005788        0x0 c:/program files (x86)/cypress/psoc creator/4.4/psoc creator/import/gnu/arm/5.4.1/bin/../lib/gcc/arm-none-eabi/5.4.1/armv7-m/crtbegin.o

.stab
 *(.stab)

.stabstr
 *(.stabstr)

.debug
 *(.debug)

.line
 *(.line)

.debug_srcinfo
 *(.debug_srcinfo)

.debug_sfnames
 *(.debug_sfnames)

.debug_aranges  0x00000000      0xf90
 *(.debug_aranges)
 .debug_aranges
                0x00000000       0x68 .\CortexM3\ARM_GCC_541\Debug\main.o
 .debug_aranges
                0x00000068       0x88 .\CortexM3\ARM_GCC_541\Debug\MotorsHW.o
 .debug_aranges
                0x000000f0       0x80 .\CortexM3\ARM_GCC_541\Debug\Motors.o
 .debug_aranges
                0x00000170       0xa0 .\CortexM3\ARM_GCC_541\Debug\ServosHW.o
 .debug_aranges
                0x00000210       0xa0 .\CortexM3\ARM_GCC_541\Debug\Servos.o
 .debug_aranges
                0x000002b0       0x58 .\CortexM3\ARM_GCC_541\Debug\cyfitter_cfg.o
 .debug_aranges
                0x00000308       0x18 .\CortexM3\ARM_GCC_541\Debug\cymetadata.o
 .debug_aranges
                0x00000320       0x48 .\CortexM3\ARM_GCC_541\Debug\Cm3Start.o
 .debug_aranges
                0x00000368       0x28 .\CortexM3\ARM_GCC_541\Debug\MotorPID.a(MotorA_Dir.o)
 .debug_aranges
                0x00000390       0x98 .\CortexM3\ARM_GCC_541\Debug\MotorPID.a(MotorA_PWM.o)
 .debug_aranges
                0x00000428       0x80 .\CortexM3\ARM_GCC_541\Debug\MotorPID.a(MotorA_ISR.o)
 .debug_aranges
                0x000004a8       0x60 .\CortexM3\ARM_GCC_541\Debug\MotorPID.a(MotorA_QuadDec.o)
 .debug_aranges
                0x00000508       0xa8 .\CortexM3\ARM_GCC_541\Debug\MotorPID.a(ServoAB.o)
 .debug_aranges
                0x000005b0       0xa8 .\CortexM3\ARM_GCC_541\Debug\MotorPID.a(Servo_PWM.o)
 .debug_aranges
                0x00000658       0x98 .\CortexM3\ARM_GCC_541\Debug\MotorPID.a(MotorA_QuadDec_Cnt16.o)
 .debug_aranges
                0x000006f0      0x2a0 .\CortexM3\ARM_GCC_541\Debug\MotorPID.a(CyLib.o)
 .debug_aranges
                0x00000990       0x98 .\CortexM3\ARM_GCC_541\Debug\MotorPID.a(cyPm.o)
 .debug_aranges
                0x00000a28       0xf0 .\CortexM3\ARM_GCC_541\Debug\MotorPID.a(UART.o)
 .debug_aranges
                0x00000b18       0x70 .\CortexM3\ARM_GCC_541\Debug\MotorPID.a(UART_IntClock.o)
 .debug_aranges
                0x00000b88       0xa8 .\CortexM3\ARM_GCC_541\Debug\MotorPID.a(ServoCD.o)
 .debug_aranges
                0x00000c30       0x60 .\CortexM3\ARM_GCC_541\Debug\MotorPID.a(MotorB_QuadDec.o)
 .debug_aranges
                0x00000c90       0x80 .\CortexM3\ARM_GCC_541\Debug\MotorPID.a(MotorB_ISR.o)
 .debug_aranges
                0x00000d10       0x98 .\CortexM3\ARM_GCC_541\Debug\MotorPID.a(MotorB_PWM.o)
 .debug_aranges
                0x00000da8       0x28 .\CortexM3\ARM_GCC_541\Debug\MotorPID.a(MotorB_Dir.o)
 .debug_aranges
                0x00000dd0       0x98 .\CortexM3\ARM_GCC_541\Debug\MotorPID.a(MotorB_QuadDec_Cnt16.o)
 .debug_aranges
                0x00000e68       0x20 .\CortexM3\ARM_GCC_541\Debug\MotorPID.a(CyBootAsmGnu.o)
 .debug_aranges
                0x00000e88       0x88 .\CortexM3\ARM_GCC_541\Debug\MotorPID.a(CyFlash.o)
 .debug_aranges
                0x00000f10       0x80 .\CortexM3\ARM_GCC_541\Debug\MotorPID.a(CySpc.o)

.debug_pubnames
 *(.debug_pubnames)

.debug_info     0x00000000     0x8469
 *(.debug_info .gnu.linkonce.wi.*)
 .debug_info    0x00000000      0xdef .\CortexM3\ARM_GCC_541\Debug\main.o
 .debug_info    0x00000def      0x505 .\CortexM3\ARM_GCC_541\Debug\MotorsHW.o
 .debug_info    0x000012f4      0x47f .\CortexM3\ARM_GCC_541\Debug\Motors.o
 .debug_info    0x00001773      0x4c0 .\CortexM3\ARM_GCC_541\Debug\ServosHW.o
 .debug_info    0x00001c33      0x5d0 .\CortexM3\ARM_GCC_541\Debug\Servos.o
 .debug_info    0x00002203      0x603 .\CortexM3\ARM_GCC_541\Debug\cyfitter_cfg.o
 .debug_info    0x00002806      0x139 .\CortexM3\ARM_GCC_541\Debug\cymetadata.o
 .debug_info    0x0000293f      0x3bb .\CortexM3\ARM_GCC_541\Debug\Cm3Start.o
 .debug_info    0x00002cfa       0xd6 .\CortexM3\ARM_GCC_541\Debug\MotorPID.a(MotorA_Dir.o)
 .debug_info    0x00002dd0      0x350 .\CortexM3\ARM_GCC_541\Debug\MotorPID.a(MotorA_PWM.o)
 .debug_info    0x00003120      0x2d2 .\CortexM3\ARM_GCC_541\Debug\MotorPID.a(MotorA_ISR.o)
 .debug_info    0x000033f2      0x2d4 .\CortexM3\ARM_GCC_541\Debug\MotorPID.a(MotorA_QuadDec.o)
 .debug_info    0x000036c6      0x3a0 .\CortexM3\ARM_GCC_541\Debug\MotorPID.a(ServoAB.o)
 .debug_info    0x00003a66      0x3a4 .\CortexM3\ARM_GCC_541\Debug\MotorPID.a(Servo_PWM.o)
 .debug_info    0x00003e0a      0x348 .\CortexM3\ARM_GCC_541\Debug\MotorPID.a(MotorA_QuadDec_Cnt16.o)
 .debug_info    0x00004152     0x1374 .\CortexM3\ARM_GCC_541\Debug\MotorPID.a(CyLib.o)
 .debug_info    0x000054c6      0xa2a .\CortexM3\ARM_GCC_541\Debug\MotorPID.a(cyPm.o)
 .debug_info    0x00005ef0      0x60c .\CortexM3\ARM_GCC_541\Debug\MotorPID.a(UART.o)
 .debug_info    0x000064fc      0x283 .\CortexM3\ARM_GCC_541\Debug\MotorPID.a(UART_IntClock.o)
 .debug_info    0x0000677f      0x3a0 .\CortexM3\ARM_GCC_541\Debug\MotorPID.a(ServoCD.o)
 .debug_info    0x00006b1f      0x2d4 .\CortexM3\ARM_GCC_541\Debug\MotorPID.a(MotorB_QuadDec.o)
 .debug_info    0x00006df3      0x2d2 .\CortexM3\ARM_GCC_541\Debug\MotorPID.a(MotorB_ISR.o)
 .debug_info    0x000070c5      0x350 .\CortexM3\ARM_GCC_541\Debug\MotorPID.a(MotorB_PWM.o)
 .debug_info    0x00007415       0xd6 .\CortexM3\ARM_GCC_541\Debug\MotorPID.a(MotorB_Dir.o)
 .debug_info    0x000074eb      0x348 .\CortexM3\ARM_GCC_541\Debug\MotorPID.a(MotorB_QuadDec_Cnt16.o)
 .debug_info    0x00007833       0x99 .\CortexM3\ARM_GCC_541\Debug\MotorPID.a(CyBootAsmGnu.o)
 .debug_info    0x000078cc      0x64d .\CortexM3\ARM_GCC_541\Debug\MotorPID.a(CyFlash.o)
 .debug_info    0x00007f19      0x550 .\CortexM3\ARM_GCC_541\Debug\MotorPID.a(CySpc.o)

.debug_abbrev   0x00000000     0x2597
 *(.debug_abbrev)
 .debug_abbrev  0x00000000      0x38a .\CortexM3\ARM_GCC_541\Debug\main.o
 .debug_abbrev  0x0000038a      0x181 .\CortexM3\ARM_GCC_541\Debug\MotorsHW.o
 .debug_abbrev  0x0000050b      0x14b .\CortexM3\ARM_GCC_541\Debug\Motors.o
 .debug_abbrev  0x00000656      0x120 .\CortexM3\ARM_GCC_541\Debug\ServosHW.o
 .debug_abbrev  0x00000776      0x102 .\CortexM3\ARM_GCC_541\Debug\Servos.o
 .debug_abbrev  0x00000878      0x20d .\CortexM3\ARM_GCC_541\Debug\cyfitter_cfg.o
 .debug_abbrev  0x00000a85       0x77 .\CortexM3\ARM_GCC_541\Debug\cymetadata.o
 .debug_abbrev  0x00000afc      0x1e8 .\CortexM3\ARM_GCC_541\Debug\Cm3Start.o
 .debug_abbrev  0x00000ce4       0x81 .\CortexM3\ARM_GCC_541\Debug\MotorPID.a(MotorA_Dir.o)
 .debug_abbrev  0x00000d65      0x133 .\CortexM3\ARM_GCC_541\Debug\MotorPID.a(MotorA_PWM.o)
 .debug_abbrev  0x00000e98      0x173 .\CortexM3\ARM_GCC_541\Debug\MotorPID.a(MotorA_ISR.o)
 .debug_abbrev  0x0000100b      0x151 .\CortexM3\ARM_GCC_541\Debug\MotorPID.a(MotorA_QuadDec.o)
 .debug_abbrev  0x0000115c      0x133 .\CortexM3\ARM_GCC_541\Debug\MotorPID.a(ServoAB.o)
 .debug_abbrev  0x0000128f      0x133 .\CortexM3\ARM_GCC_541\Debug\MotorPID.a(Servo_PWM.o)
 .debug_abbrev  0x000013c2      0x117 .\CortexM3\ARM_GCC_541\Debug\MotorPID.a(MotorA_QuadDec_Cnt16.o)
 .debug_abbrev  0x000014d9      0x254 .\CortexM3\ARM_GCC_541\Debug\MotorPID.a(CyLib.o)
 .debug_abbrev  0x0000172d      0x1ab .\CortexM3\ARM_GCC_541\Debug\MotorPID.a(cyPm.o)
 .debug_abbrev  0x000018d8      0x175 .\CortexM3\ARM_GCC_541\Debug\MotorPID.a(UART.o)
 .debug_abbrev  0x00001a4d      0x139 .\CortexM3\ARM_GCC_541\Debug\MotorPID.a(UART_IntClock.o)
 .debug_abbrev  0x00001b86      0x133 .\CortexM3\ARM_GCC_541\Debug\MotorPID.a(ServoCD.o)
 .debug_abbrev  0x00001cb9      0x151 .\CortexM3\ARM_GCC_541\Debug\MotorPID.a(MotorB_QuadDec.o)
 .debug_abbrev  0x00001e0a      0x173 .\CortexM3\ARM_GCC_541\Debug\MotorPID.a(MotorB_ISR.o)
 .debug_abbrev  0x00001f7d      0x133 .\CortexM3\ARM_GCC_541\Debug\MotorPID.a(MotorB_PWM.o)
 .debug_abbrev  0x000020b0       0x81 .\CortexM3\ARM_GCC_541\Debug\MotorPID.a(MotorB_Dir.o)
 .debug_abbrev  0x00002131      0x117 .\CortexM3\ARM_GCC_541\Debug\MotorPID.a(MotorB_QuadDec_Cnt16.o)
 .debug_abbrev  0x00002248       0x14 .\CortexM3\ARM_GCC_541\Debug\MotorPID.a(CyBootAsmGnu.o)
 .debug_abbrev  0x0000225c      0x1a7 .\CortexM3\ARM_GCC_541\Debug\MotorPID.a(CyFlash.o)
 .debug_abbrev  0x00002403      0x194 .\CortexM3\ARM_GCC_541\Debug\MotorPID.a(CySpc.o)

.debug_line     0x00000000     0x3a75
 *(.debug_line)
 .debug_line    0x00000000      0x504 .\CortexM3\ARM_GCC_541\Debug\main.o
 .debug_line    0x00000504      0x2ee .\CortexM3\ARM_GCC_541\Debug\MotorsHW.o
 .debug_line    0x000007f2      0x244 .\CortexM3\ARM_GCC_541\Debug\Motors.o
 .debug_line    0x00000a36      0x2ca .\CortexM3\ARM_GCC_541\Debug\ServosHW.o
 .debug_line    0x00000d00      0x27e .\CortexM3\ARM_GCC_541\Debug\Servos.o
 .debug_line    0x00000f7e      0x1fd .\CortexM3\ARM_GCC_541\Debug\cyfitter_cfg.o
 .debug_line    0x0000117b      0x141 .\CortexM3\ARM_GCC_541\Debug\cymetadata.o
 .debug_line    0x000012bc      0x234 .\CortexM3\ARM_GCC_541\Debug\Cm3Start.o
 .debug_line    0x000014f0       0x72 .\CortexM3\ARM_GCC_541\Debug\MotorPID.a(MotorA_Dir.o)
 .debug_line    0x00001562      0x18d .\CortexM3\ARM_GCC_541\Debug\MotorPID.a(MotorA_PWM.o)
 .debug_line    0x000016ef      0x137 .\CortexM3\ARM_GCC_541\Debug\MotorPID.a(MotorA_ISR.o)
 .debug_line    0x00001826      0x128 .\CortexM3\ARM_GCC_541\Debug\MotorPID.a(MotorA_QuadDec.o)
 .debug_line    0x0000194e      0x1ae .\CortexM3\ARM_GCC_541\Debug\MotorPID.a(ServoAB.o)
 .debug_line    0x00001afc      0x1b0 .\CortexM3\ARM_GCC_541\Debug\MotorPID.a(Servo_PWM.o)
 .debug_line    0x00001cac      0x194 .\CortexM3\ARM_GCC_541\Debug\MotorPID.a(MotorA_QuadDec_Cnt16.o)
 .debug_line    0x00001e40      0x816 .\CortexM3\ARM_GCC_541\Debug\MotorPID.a(CyLib.o)
 .debug_line    0x00002656      0x367 .\CortexM3\ARM_GCC_541\Debug\MotorPID.a(cyPm.o)
 .debug_line    0x000029bd      0x2bc .\CortexM3\ARM_GCC_541\Debug\MotorPID.a(UART.o)
 .debug_line    0x00002c79      0x17c .\CortexM3\ARM_GCC_541\Debug\MotorPID.a(UART_IntClock.o)
 .debug_line    0x00002df5      0x1ae .\CortexM3\ARM_GCC_541\Debug\MotorPID.a(ServoCD.o)
 .debug_line    0x00002fa3      0x128 .\CortexM3\ARM_GCC_541\Debug\MotorPID.a(MotorB_QuadDec.o)
 .debug_line    0x000030cb      0x137 .\CortexM3\ARM_GCC_541\Debug\MotorPID.a(MotorB_ISR.o)
 .debug_line    0x00003202      0x18d .\CortexM3\ARM_GCC_541\Debug\MotorPID.a(MotorB_PWM.o)
 .debug_line    0x0000338f       0x72 .\CortexM3\ARM_GCC_541\Debug\MotorPID.a(MotorB_Dir.o)
 .debug_line    0x00003401      0x194 .\CortexM3\ARM_GCC_541\Debug\MotorPID.a(MotorB_QuadDec_Cnt16.o)
 .debug_line    0x00003595       0x66 .\CortexM3\ARM_GCC_541\Debug\MotorPID.a(CyBootAsmGnu.o)
 .debug_line    0x000035fb      0x21a .\CortexM3\ARM_GCC_541\Debug\MotorPID.a(CyFlash.o)
 .debug_line    0x00003815      0x260 .\CortexM3\ARM_GCC_541\Debug\MotorPID.a(CySpc.o)

.debug_frame    0x00000000     0x3080
 *(.debug_frame)
 .debug_frame   0x00000000      0x160 .\CortexM3\ARM_GCC_541\Debug\main.o
 .debug_frame   0x00000160      0x198 .\CortexM3\ARM_GCC_541\Debug\MotorsHW.o
 .debug_frame   0x000002f8      0x17c .\CortexM3\ARM_GCC_541\Debug\Motors.o
 .debug_frame   0x00000474      0x1fc .\CortexM3\ARM_GCC_541\Debug\ServosHW.o
 .debug_frame   0x00000670      0x1ec .\CortexM3\ARM_GCC_541\Debug\Servos.o
 .debug_frame   0x0000085c       0xe4 .\CortexM3\ARM_GCC_541\Debug\cyfitter_cfg.o
 .debug_frame   0x00000940       0xb8 .\CortexM3\ARM_GCC_541\Debug\Cm3Start.o
 .debug_frame   0x000009f8       0x30 .\CortexM3\ARM_GCC_541\Debug\MotorPID.a(MotorA_Dir.o)
 .debug_frame   0x00000a28      0x134 .\CortexM3\ARM_GCC_541\Debug\MotorPID.a(MotorA_PWM.o)
 .debug_frame   0x00000b5c      0x104 .\CortexM3\ARM_GCC_541\Debug\MotorPID.a(MotorA_ISR.o)
 .debug_frame   0x00000c60       0xdc .\CortexM3\ARM_GCC_541\Debug\MotorPID.a(MotorA_QuadDec.o)
 .debug_frame   0x00000d3c      0x154 .\CortexM3\ARM_GCC_541\Debug\MotorPID.a(ServoAB.o)
 .debug_frame   0x00000e90      0x154 .\CortexM3\ARM_GCC_541\Debug\MotorPID.a(Servo_PWM.o)
 .debug_frame   0x00000fe4      0x134 .\CortexM3\ARM_GCC_541\Debug\MotorPID.a(MotorA_QuadDec_Cnt16.o)
 .debug_frame   0x00001118      0x738 .\CortexM3\ARM_GCC_541\Debug\MotorPID.a(CyLib.o)
 .debug_frame   0x00001850      0x1f8 .\CortexM3\ARM_GCC_541\Debug\MotorPID.a(cyPm.o)
 .debug_frame   0x00001a48      0x250 .\CortexM3\ARM_GCC_541\Debug\MotorPID.a(UART.o)
 .debug_frame   0x00001c98       0xe0 .\CortexM3\ARM_GCC_541\Debug\MotorPID.a(UART_IntClock.o)
 .debug_frame   0x00001d78      0x154 .\CortexM3\ARM_GCC_541\Debug\MotorPID.a(ServoCD.o)
 .debug_frame   0x00001ecc       0xdc .\CortexM3\ARM_GCC_541\Debug\MotorPID.a(MotorB_QuadDec.o)
 .debug_frame   0x00001fa8      0x104 .\CortexM3\ARM_GCC_541\Debug\MotorPID.a(MotorB_ISR.o)
 .debug_frame   0x000020ac      0x134 .\CortexM3\ARM_GCC_541\Debug\MotorPID.a(MotorB_PWM.o)
 .debug_frame   0x000021e0       0x30 .\CortexM3\ARM_GCC_541\Debug\MotorPID.a(MotorB_Dir.o)
 .debug_frame   0x00002210      0x134 .\CortexM3\ARM_GCC_541\Debug\MotorPID.a(MotorB_QuadDec_Cnt16.o)
 .debug_frame   0x00002344      0x194 .\CortexM3\ARM_GCC_541\Debug\MotorPID.a(CyFlash.o)
 .debug_frame   0x000024d8      0x180 .\CortexM3\ARM_GCC_541\Debug\MotorPID.a(CySpc.o)
 .debug_frame   0x00002658       0x34 c:/program files (x86)/cypress/psoc creator/4.4/psoc creator/import/gnu/arm/5.4.1/bin/../lib/gcc/arm-none-eabi/5.4.1/../../../../arm-none-eabi/lib/armv7-m\libm.a(lib_a-sf_cos.o)
 .debug_frame   0x0000268c       0x34 c:/program files (x86)/cypress/psoc creator/4.4/psoc creator/import/gnu/arm/5.4.1/bin/../lib/gcc/arm-none-eabi/5.4.1/../../../../arm-none-eabi/lib/armv7-m\libm.a(lib_a-sf_sin.o)
 .debug_frame   0x000026c0       0x48 c:/program files (x86)/cypress/psoc creator/4.4/psoc creator/import/gnu/arm/5.4.1/bin/../lib/gcc/arm-none-eabi/5.4.1/../../../../arm-none-eabi/lib/armv7-m\libm.a(lib_a-ef_rem_pio2.o)
 .debug_frame   0x00002708       0x34 c:/program files (x86)/cypress/psoc creator/4.4/psoc creator/import/gnu/arm/5.4.1/bin/../lib/gcc/arm-none-eabi/5.4.1/../../../../arm-none-eabi/lib/armv7-m\libm.a(lib_a-kf_cos.o)
 .debug_frame   0x0000273c       0x50 c:/program files (x86)/cypress/psoc creator/4.4/psoc creator/import/gnu/arm/5.4.1/bin/../lib/gcc/arm-none-eabi/5.4.1/../../../../arm-none-eabi/lib/armv7-m\libm.a(lib_a-kf_rem_pio2.o)
 .debug_frame   0x0000278c       0x34 c:/program files (x86)/cypress/psoc creator/4.4/psoc creator/import/gnu/arm/5.4.1/bin/../lib/gcc/arm-none-eabi/5.4.1/../../../../arm-none-eabi/lib/armv7-m\libm.a(lib_a-kf_sin.o)
 .debug_frame   0x000027c0       0x20 c:/program files (x86)/cypress/psoc creator/4.4/psoc creator/import/gnu/arm/5.4.1/bin/../lib/gcc/arm-none-eabi/5.4.1/../../../../arm-none-eabi/lib/armv7-m\libm.a(lib_a-sf_fabs.o)
 .debug_frame   0x000027e0       0x30 c:/program files (x86)/cypress/psoc creator/4.4/psoc creator/import/gnu/arm/5.4.1/bin/../lib/gcc/arm-none-eabi/5.4.1/../../../../arm-none-eabi/lib/armv7-m\libm.a(lib_a-sf_floor.o)
 .debug_frame   0x00002810       0x2c c:/program files (x86)/cypress/psoc creator/4.4/psoc creator/import/gnu/arm/5.4.1/bin/../lib/gcc/arm-none-eabi/5.4.1/../../../../arm-none-eabi/lib/armv7-m\libm.a(lib_a-sf_scalbn.o)
 .debug_frame   0x0000283c       0x20 c:/program files (x86)/cypress/psoc creator/4.4/psoc creator/import/gnu/arm/5.4.1/bin/../lib/gcc/arm-none-eabi/5.4.1/../../../../arm-none-eabi/lib/armv7-m\libm.a(lib_a-sf_copysign.o)
 .debug_frame   0x0000285c       0x20 c:/program files (x86)/cypress/psoc creator/4.4/psoc creator/import/gnu/arm/5.4.1/bin/../lib/gcc/arm-none-eabi/5.4.1/../../../../arm-none-eabi/lib/armv7-m\libg_nano.a(lib_a-errno.o)
 .debug_frame   0x0000287c       0x28 c:/program files (x86)/cypress/psoc creator/4.4/psoc creator/import/gnu/arm/5.4.1/bin/../lib/gcc/arm-none-eabi/5.4.1/../../../../arm-none-eabi/lib/armv7-m\libg_nano.a(lib_a-exit.o)
 .debug_frame   0x000028a4       0x2c c:/program files (x86)/cypress/psoc creator/4.4/psoc creator/import/gnu/arm/5.4.1/bin/../lib/gcc/arm-none-eabi/5.4.1/../../../../arm-none-eabi/lib/armv7-m\libg_nano.a(lib_a-init.o)
 .debug_frame   0x000028d0       0x28 c:/program files (x86)/cypress/psoc creator/4.4/psoc creator/import/gnu/arm/5.4.1/bin/../lib/gcc/arm-none-eabi/5.4.1/../../../../arm-none-eabi/lib/armv7-m\libg_nano.a(lib_a-memcpy-stub.o)
 .debug_frame   0x000028f8       0x20 c:/program files (x86)/cypress/psoc creator/4.4/psoc creator/import/gnu/arm/5.4.1/bin/../lib/gcc/arm-none-eabi/5.4.1/../../../../arm-none-eabi/lib/armv7-m\libg_nano.a(lib_a-memset.o)
 .debug_frame   0x00002918       0x8c c:/program files (x86)/cypress/psoc creator/4.4/psoc creator/import/gnu/arm/5.4.1/bin/../lib/gcc/arm-none-eabi/5.4.1/../../../../arm-none-eabi/lib/armv7-m\libg_nano.a(lib_a-nano-vfprintf_float.o)
 .debug_frame   0x000029a4       0x60 c:/program files (x86)/cypress/psoc creator/4.4/psoc creator/import/gnu/arm/5.4.1/bin/../lib/gcc/arm-none-eabi/5.4.1/../../../../arm-none-eabi/lib/armv7-m\libg_nano.a(lib_a-nano-vfprintf_i.o)
 .debug_frame   0x00002a04       0x70 c:/program files (x86)/cypress/psoc creator/4.4/psoc creator/import/gnu/arm/5.4.1/bin/../lib/gcc/arm-none-eabi/5.4.1/../../../../arm-none-eabi/lib/armv7-m\libg_nano.a(lib_a-sprintf.o)
 .debug_frame   0x00002a74       0x6c c:/program files (x86)/cypress/psoc creator/4.4/psoc creator/import/gnu/arm/5.4.1/bin/../lib/gcc/arm-none-eabi/5.4.1/../../../../arm-none-eabi/lib/armv7-m\libg_nano.a(lib_a-dtoa.o)
 .debug_frame   0x00002ae0       0x98 c:/program files (x86)/cypress/psoc creator/4.4/psoc creator/import/gnu/arm/5.4.1/bin/../lib/gcc/arm-none-eabi/5.4.1/../../../../arm-none-eabi/lib/armv7-m\libg_nano.a(lib_a-locale.o)
 .debug_frame   0x00002b78       0x30 c:/program files (x86)/cypress/psoc creator/4.4/psoc creator/import/gnu/arm/5.4.1/bin/../lib/gcc/arm-none-eabi/5.4.1/../../../../arm-none-eabi/lib/armv7-m\libg_nano.a(lib_a-malloc.o)
 .debug_frame   0x00002ba8       0x28 c:/program files (x86)/cypress/psoc creator/4.4/psoc creator/import/gnu/arm/5.4.1/bin/../lib/gcc/arm-none-eabi/5.4.1/../../../../arm-none-eabi/lib/armv7-m\libg_nano.a(lib_a-memchr-stub.o)
 .debug_frame   0x00002bd0      0x234 c:/program files (x86)/cypress/psoc creator/4.4/psoc creator/import/gnu/arm/5.4.1/bin/../lib/gcc/arm-none-eabi/5.4.1/../../../../arm-none-eabi/lib/armv7-m\libg_nano.a(lib_a-mprec.o)
 .debug_frame   0x00002e04       0x2c c:/program files (x86)/cypress/psoc creator/4.4/psoc creator/import/gnu/arm/5.4.1/bin/../lib/gcc/arm-none-eabi/5.4.1/../../../../arm-none-eabi/lib/armv7-m\libg_nano.a(lib_a-nano-callocr.o)
 .debug_frame   0x00002e30       0x38 c:/program files (x86)/cypress/psoc creator/4.4/psoc creator/import/gnu/arm/5.4.1/bin/../lib/gcc/arm-none-eabi/5.4.1/../../../../arm-none-eabi/lib/armv7-m\libg_nano.a(lib_a-nano-freer.o)
 .debug_frame   0x00002e68       0x2c c:/program files (x86)/cypress/psoc creator/4.4/psoc creator/import/gnu/arm/5.4.1/bin/../lib/gcc/arm-none-eabi/5.4.1/../../../../arm-none-eabi/lib/armv7-m\libg_nano.a(lib_a-nano-mallocr.o)
 .debug_frame   0x00002e94       0x90 c:/program files (x86)/cypress/psoc creator/4.4/psoc creator/import/gnu/arm/5.4.1/bin/../lib/gcc/arm-none-eabi/5.4.1/../../../../arm-none-eabi/lib/armv7-m\libg_nano.a(lib_a-nano-svfprintf.o)
 .debug_frame   0x00002f24       0x2c c:/program files (x86)/cypress/psoc creator/4.4/psoc creator/import/gnu/arm/5.4.1/bin/../lib/gcc/arm-none-eabi/5.4.1/../../../../arm-none-eabi/lib/armv7-m\libg_nano.a(lib_a-sbrkr.o)
 .debug_frame   0x00002f50       0x20 c:/program files (x86)/cypress/psoc creator/4.4/psoc creator/import/gnu/arm/5.4.1/bin/../lib/gcc/arm-none-eabi/5.4.1/../../../../arm-none-eabi/lib/armv7-m\libg_nano.a(lib_a-strcmp.o)
 .debug_frame   0x00002f70       0x28 c:/program files (x86)/cypress/psoc creator/4.4/psoc creator/import/gnu/arm/5.4.1/bin/../lib/gcc/arm-none-eabi/5.4.1/../../../../arm-none-eabi/lib/armv7-m\libg_nano.a(lib_a-memmove.o)
 .debug_frame   0x00002f98       0x30 c:/program files (x86)/cypress/psoc creator/4.4/psoc creator/import/gnu/arm/5.4.1/bin/../lib/gcc/arm-none-eabi/5.4.1/../../../../arm-none-eabi/lib/armv7-m\libg_nano.a(lib_a-mlock.o)
 .debug_frame   0x00002fc8       0x3c c:/program files (x86)/cypress/psoc creator/4.4/psoc creator/import/gnu/arm/5.4.1/bin/../lib/gcc/arm-none-eabi/5.4.1/../../../../arm-none-eabi/lib/armv7-m\libg_nano.a(lib_a-nano-reallocr.o)
 .debug_frame   0x00003004       0x5c c:/program files (x86)/cypress/psoc creator/4.4/psoc creator/import/gnu/arm/5.4.1/bin/../lib/gcc/arm-none-eabi/5.4.1/../../../../arm-none-eabi/lib/armv7-m\libg_nano.a(lib_a-reent.o)
 .debug_frame   0x00003060       0x20 c:/program files (x86)/cypress/psoc creator/4.4/psoc creator/import/gnu/arm/5.4.1/bin/../lib/gcc/arm-none-eabi/5.4.1/../../../../arm-none-eabi/lib/armv7-m\libg_nano.a(lib_a-nano-msizer.o)

.debug_str      0x00000000     0x3af2
 *(.debug_str)
 .debug_str     0x00000000      0xa81 .\CortexM3\ARM_GCC_541\Debug\main.o
                                0xadd (size before relaxing)
 .debug_str     0x00000a81      0x371 .\CortexM3\ARM_GCC_541\Debug\MotorsHW.o
                                0x4b8 (size before relaxing)
 .debug_str     0x00000df2      0x1ae .\CortexM3\ARM_GCC_541\Debug\Motors.o
                                0x52a (size before relaxing)
 .debug_str     0x00000fa0      0x293 .\CortexM3\ARM_GCC_541\Debug\ServosHW.o
                                0x44a (size before relaxing)
 .debug_str     0x00001233      0x29f .\CortexM3\ARM_GCC_541\Debug\Servos.o
                                0x68e (size before relaxing)
 .debug_str     0x000014d2      0x1b6 .\CortexM3\ARM_GCC_541\Debug\cyfitter_cfg.o
                                0x353 (size before relaxing)
 .debug_str     0x00001688       0x75 .\CortexM3\ARM_GCC_541\Debug\cymetadata.o
                                0x1ed (size before relaxing)
 .debug_str     0x000016fd      0x13e .\CortexM3\ARM_GCC_541\Debug\Cm3Start.o
                                0x313 (size before relaxing)
 .debug_str     0x0000183b       0x3c .\CortexM3\ARM_GCC_541\Debug\MotorPID.a(MotorA_Dir.o)
                                0x1c7 (size before relaxing)
 .debug_str     0x00001877      0x1db .\CortexM3\ARM_GCC_541\Debug\MotorPID.a(MotorA_PWM.o)
                                0x3c6 (size before relaxing)
 .debug_str     0x00001a52      0x131 .\CortexM3\ARM_GCC_541\Debug\MotorPID.a(MotorA_ISR.o)
                                0x2f5 (size before relaxing)
 .debug_str     0x00001b83      0x147 .\CortexM3\ARM_GCC_541\Debug\MotorPID.a(MotorA_QuadDec.o)
                                0x38f (size before relaxing)
 .debug_str     0x00001cca      0x141 .\CortexM3\ARM_GCC_541\Debug\MotorPID.a(ServoAB.o)
                                0x3ba (size before relaxing)
 .debug_str     0x00001e0b      0x1d2 .\CortexM3\ARM_GCC_541\Debug\MotorPID.a(Servo_PWM.o)
                                0x3e4 (size before relaxing)
 .debug_str     0x00001fdd      0x219 .\CortexM3\ARM_GCC_541\Debug\MotorPID.a(MotorA_QuadDec_Cnt16.o)
                                0x47e (size before relaxing)
 .debug_str     0x000021f6      0x7f5 .\CortexM3\ARM_GCC_541\Debug\MotorPID.a(CyLib.o)
                                0xa50 (size before relaxing)
 .debug_str     0x000029eb      0x365 .\CortexM3\ARM_GCC_541\Debug\MotorPID.a(cyPm.o)
                                0x73c (size before relaxing)
 .debug_str     0x00002d50      0x274 .\CortexM3\ARM_GCC_541\Debug\MotorPID.a(UART.o)
                                0x47e (size before relaxing)
 .debug_str     0x00002fc4      0x183 .\CortexM3\ARM_GCC_541\Debug\MotorPID.a(UART_IntClock.o)
                                0x33f (size before relaxing)
 .debug_str     0x00003147      0x141 .\CortexM3\ARM_GCC_541\Debug\MotorPID.a(ServoCD.o)
                                0x3ba (size before relaxing)
 .debug_str     0x00003288      0x12f .\CortexM3\ARM_GCC_541\Debug\MotorPID.a(MotorB_QuadDec.o)
                                0x38f (size before relaxing)
 .debug_str     0x000033b7      0x119 .\CortexM3\ARM_GCC_541\Debug\MotorPID.a(MotorB_ISR.o)
                                0x2f5 (size before relaxing)
 .debug_str     0x000034d0      0x184 .\CortexM3\ARM_GCC_541\Debug\MotorPID.a(MotorB_PWM.o)
                                0x3c6 (size before relaxing)
 .debug_str     0x00003654       0x34 .\CortexM3\ARM_GCC_541\Debug\MotorPID.a(MotorB_Dir.o)
                                0x1c7 (size before relaxing)
 .debug_str     0x00003688      0x20a .\CortexM3\ARM_GCC_541\Debug\MotorPID.a(MotorB_QuadDec_Cnt16.o)
                                0x47e (size before relaxing)
 .debug_str     0x00003892      0x1b4 .\CortexM3\ARM_GCC_541\Debug\MotorPID.a(CyFlash.o)
                                0x3c9 (size before relaxing)
 .debug_str     0x00003a46       0xac .\CortexM3\ARM_GCC_541\Debug\MotorPID.a(CySpc.o)
                                0x341 (size before relaxing)

.debug_loc      0x00000000     0x2799
 *(.debug_loc)
 .debug_loc     0x00000000      0x2bb .\CortexM3\ARM_GCC_541\Debug\main.o
 .debug_loc     0x000002bb       0xf6 .\CortexM3\ARM_GCC_541\Debug\MotorsHW.o
 .debug_loc     0x000003b1       0x84 .\CortexM3\ARM_GCC_541\Debug\Motors.o
 .debug_loc     0x00000435      0x188 .\CortexM3\ARM_GCC_541\Debug\ServosHW.o
 .debug_loc     0x000005bd      0x110 .\CortexM3\ARM_GCC_541\Debug\Servos.o
 .debug_loc     0x000006cd      0x288 .\CortexM3\ARM_GCC_541\Debug\cyfitter_cfg.o
 .debug_loc     0x00000955      0x144 .\CortexM3\ARM_GCC_541\Debug\Cm3Start.o
 .debug_loc     0x00000a99       0x26 .\CortexM3\ARM_GCC_541\Debug\MotorPID.a(MotorA_PWM.o)
 .debug_loc     0x00000abf       0x56 .\CortexM3\ARM_GCC_541\Debug\MotorPID.a(MotorA_ISR.o)
 .debug_loc     0x00000b15       0x78 .\CortexM3\ARM_GCC_541\Debug\MotorPID.a(MotorA_QuadDec.o)
 .debug_loc     0x00000b8d       0x26 .\CortexM3\ARM_GCC_541\Debug\MotorPID.a(ServoAB.o)
 .debug_loc     0x00000bb3       0x26 .\CortexM3\ARM_GCC_541\Debug\MotorPID.a(Servo_PWM.o)
 .debug_loc     0x00000bd9       0x3d .\CortexM3\ARM_GCC_541\Debug\MotorPID.a(MotorA_QuadDec_Cnt16.o)
 .debug_loc     0x00000c16      0xa11 .\CortexM3\ARM_GCC_541\Debug\MotorPID.a(CyLib.o)
 .debug_loc     0x00001627      0x1e4 .\CortexM3\ARM_GCC_541\Debug\MotorPID.a(cyPm.o)
 .debug_loc     0x0000180b      0x258 .\CortexM3\ARM_GCC_541\Debug\MotorPID.a(UART.o)
 .debug_loc     0x00001a63      0x128 .\CortexM3\ARM_GCC_541\Debug\MotorPID.a(UART_IntClock.o)
 .debug_loc     0x00001b8b       0x26 .\CortexM3\ARM_GCC_541\Debug\MotorPID.a(ServoCD.o)
 .debug_loc     0x00001bb1       0x78 .\CortexM3\ARM_GCC_541\Debug\MotorPID.a(MotorB_QuadDec.o)
 .debug_loc     0x00001c29       0x56 .\CortexM3\ARM_GCC_541\Debug\MotorPID.a(MotorB_ISR.o)