ARM GAS  C:\Users\PC\AppData\Local\Temp\ccoHDPwx.s 			page 1


   1              		.syntax unified
   2              		.cpu cortex-m3
   3              		.fpu softvfp
   4              		.eabi_attribute 20, 1
   5              		.eabi_attribute 21, 1
   6              		.eabi_attribute 23, 3
   7              		.eabi_attribute 24, 1
   8              		.eabi_attribute 25, 1
   9              		.eabi_attribute 26, 1
  10              		.eabi_attribute 30, 1
  11              		.eabi_attribute 34, 1
  12              		.eabi_attribute 18, 4
  13              		.thumb
  14              		.syntax unified
  15              		.file	"MotorA.cpp"
  16              		.text
  17              	.Ltext0:
  18              		.cfi_sections	.debug_frame
  19              		.section	.text._ZN8Hardware6MotorA5StartEv,"ax",%progbits
  20              		.align	2
  21              		.global	_ZN8Hardware6MotorA5StartEv
  22              		.thumb
  23              		.thumb_func
  24              		.type	_ZN8Hardware6MotorA5StartEv, %function
  25              	_ZN8Hardware6MotorA5StartEv:
  26              	.LFB63:
  27              		.file 1 "MotorA.cpp"
   1:MotorA.cpp    **** /* ========================================
   2:MotorA.cpp    ****  *
   3:MotorA.cpp    ****  * Copyright YOUR COMPANY, THE YEAR
   4:MotorA.cpp    ****  * All Rights Reserved
   5:MotorA.cpp    ****  * UNPUBLISHED, LICENSED SOFTWARE.
   6:MotorA.cpp    ****  *
   7:MotorA.cpp    ****  * CONFIDENTIAL AND PROPRIETARY INFORMATION
   8:MotorA.cpp    ****  * WHICH IS THE PROPERTY OF your company.
   9:MotorA.cpp    ****  *
  10:MotorA.cpp    ****  * ========================================
  11:MotorA.cpp    **** */
  12:MotorA.cpp    **** #ifndef MOTOR_A_HPP
  13:MotorA.cpp    **** #define MOTOR_A_HPP
  14:MotorA.cpp    ****     
  15:MotorA.cpp    ****     extern "C"{
  16:MotorA.cpp    ****         #include "project.h"
  17:MotorA.cpp    ****         #include "MotorA_HW.h"
  18:MotorA.cpp    ****     }
  19:MotorA.cpp    ****     
  20:MotorA.cpp    ****     namespace Hardware{
  21:MotorA.cpp    ****         namespace MotorA{
  22:MotorA.cpp    ****     
  23:MotorA.cpp    ****             void Start(){
  28              		.loc 1 23 0
  29              		.cfi_startproc
  30              		@ args = 0, pretend = 0, frame = 0
  31              		@ frame_needed = 0, uses_anonymous_args = 0
  32 0000 08B5     		push	{r3, lr}
  33              		.cfi_def_cfa_offset 8
  34              		.cfi_offset 3, -8
ARM GAS  C:\Users\PC\AppData\Local\Temp\ccoHDPwx.s 			page 2


  35              		.cfi_offset 14, -4
  24:MotorA.cpp    ****                 MotorA_Start();
  36              		.loc 1 24 0
  37 0002 FFF7FEFF 		bl	MotorA_Start
  38              	.LVL0:
  39 0006 08BD     		pop	{r3, pc}
  40              		.cfi_endproc
  41              	.LFE63:
  42              		.size	_ZN8Hardware6MotorA5StartEv, .-_ZN8Hardware6MotorA5StartEv
  43              		.section	.text._ZN8Hardware6MotorA11GetPositionEv,"ax",%progbits
  44              		.align	2
  45              		.global	_ZN8Hardware6MotorA11GetPositionEv
  46              		.thumb
  47              		.thumb_func
  48              		.type	_ZN8Hardware6MotorA11GetPositionEv, %function
  49              	_ZN8Hardware6MotorA11GetPositionEv:
  50              	.LFB64:
  25:MotorA.cpp    ****             }
  26:MotorA.cpp    ****             
  27:MotorA.cpp    ****             uint16_t GetPosition(){
  51              		.loc 1 27 0
  52              		.cfi_startproc
  53              		@ args = 0, pretend = 0, frame = 0
  54              		@ frame_needed = 0, uses_anonymous_args = 0
  55 0000 08B5     		push	{r3, lr}
  56              		.cfi_def_cfa_offset 8
  57              		.cfi_offset 3, -8
  58              		.cfi_offset 14, -4
  28:MotorA.cpp    ****                 return MotorA_GetPosition();
  59              		.loc 1 28 0
  60 0002 FFF7FEFF 		bl	MotorA_GetPosition
  61              	.LVL1:
  29:MotorA.cpp    ****             }
  62              		.loc 1 29 0
  63 0006 08BD     		pop	{r3, pc}
  64              		.cfi_endproc
  65              	.LFE64:
  66              		.size	_ZN8Hardware6MotorA11GetPositionEv, .-_ZN8Hardware6MotorA11GetPositionEv
  67              		.section	.text._ZN8Hardware6MotorA6SetPWMEt,"ax",%progbits
  68              		.align	2
  69              		.global	_ZN8Hardware6MotorA6SetPWMEt
  70              		.thumb
  71              		.thumb_func
  72              		.type	_ZN8Hardware6MotorA6SetPWMEt, %function
  73              	_ZN8Hardware6MotorA6SetPWMEt:
  74              	.LFB65:
  30:MotorA.cpp    ****             
  31:MotorA.cpp    ****             void SetPWM(uint16_t value){
  75              		.loc 1 31 0
  76              		.cfi_startproc
  77              		@ args = 0, pretend = 0, frame = 0
  78              		@ frame_needed = 0, uses_anonymous_args = 0
  79              	.LVL2:
  80 0000 08B5     		push	{r3, lr}
  81              		.cfi_def_cfa_offset 8
  82              		.cfi_offset 3, -8
  83              		.cfi_offset 14, -4
ARM GAS  C:\Users\PC\AppData\Local\Temp\ccoHDPwx.s 			page 3


  32:MotorA.cpp    ****                 MotorA_SetPWM(value);
  84              		.loc 1 32 0
  85 0002 FFF7FEFF 		bl	MotorA_SetPWM
  86              	.LVL3:
  87 0006 08BD     		pop	{r3, pc}
  88              		.cfi_endproc
  89              	.LFE65:
  90              		.size	_ZN8Hardware6MotorA6SetPWMEt, .-_ZN8Hardware6MotorA6SetPWMEt
  91              		.section	.text._ZN8Hardware6MotorA7ReadPWMEv,"ax",%progbits
  92              		.align	2
  93              		.global	_ZN8Hardware6MotorA7ReadPWMEv
  94              		.thumb
  95              		.thumb_func
  96              		.type	_ZN8Hardware6MotorA7ReadPWMEv, %function
  97              	_ZN8Hardware6MotorA7ReadPWMEv:
  98              	.LFB66:
  33:MotorA.cpp    ****             }
  34:MotorA.cpp    **** 
  35:MotorA.cpp    ****             uint16_t ReadPWM(){
  99              		.loc 1 35 0
 100              		.cfi_startproc
 101              		@ args = 0, pretend = 0, frame = 0
 102              		@ frame_needed = 0, uses_anonymous_args = 0
 103 0000 08B5     		push	{r3, lr}
 104              		.cfi_def_cfa_offset 8
 105              		.cfi_offset 3, -8
 106              		.cfi_offset 14, -4
  36:MotorA.cpp    ****                 return MotorA_ReadPWM();
 107              		.loc 1 36 0
 108 0002 FFF7FEFF 		bl	MotorA_ReadPWM
 109              	.LVL4:
  37:MotorA.cpp    ****             }
 110              		.loc 1 37 0
 111 0006 08BD     		pop	{r3, pc}
 112              		.cfi_endproc
 113              	.LFE66:
 114              		.size	_ZN8Hardware6MotorA7ReadPWMEv, .-_ZN8Hardware6MotorA7ReadPWMEv
 115              		.section	.text._ZN8Hardware6MotorA12SetDirectionEb,"ax",%progbits
 116              		.align	2
 117              		.global	_ZN8Hardware6MotorA12SetDirectionEb
 118              		.thumb
 119              		.thumb_func
 120              		.type	_ZN8Hardware6MotorA12SetDirectionEb, %function
 121              	_ZN8Hardware6MotorA12SetDirectionEb:
 122              	.LFB67:
  38:MotorA.cpp    ****             void SetDirection(bool dir){
 123              		.loc 1 38 0
 124              		.cfi_startproc
 125              		@ args = 0, pretend = 0, frame = 0
 126              		@ frame_needed = 0, uses_anonymous_args = 0
 127              	.LVL5:
 128 0000 08B5     		push	{r3, lr}
 129              		.cfi_def_cfa_offset 8
 130              		.cfi_offset 3, -8
 131              		.cfi_offset 14, -4
  39:MotorA.cpp    ****                 MotorA_SetDirection(dir);
 132              		.loc 1 39 0
ARM GAS  C:\Users\PC\AppData\Local\Temp\ccoHDPwx.s 			page 4


 133 0002 FFF7FEFF 		bl	MotorA_SetDirection
 134              	.LVL6:
 135 0006 08BD     		pop	{r3, pc}
 136              		.cfi_endproc
 137              	.LFE67:
 138              		.size	_ZN8Hardware6MotorA12SetDirectionEb, .-_ZN8Hardware6MotorA12SetDirectionEb
 139              		.text
 140              	.Letext0:
 141              		.file 2 "c:\\program files (x86)\\cypress\\psoc creator\\4.4\\psoc creator\\import\\gnu\\arm\\5.4.
 142              		.file 3 "c:\\program files (x86)\\cypress\\psoc creator\\4.4\\psoc creator\\import\\gnu\\arm\\5.4.
 143              		.file 4 "MotorA_HW.h"
 144              		.file 5 "Generated_Source\\PSoC5/core_cm3.h"
 145              		.section	.debug_info,"",%progbits
 146              	.Ldebug_info0:
 147 0000 1D020000 		.4byte	0x21d
 148 0004 0400     		.2byte	0x4
 149 0006 00000000 		.4byte	.Ldebug_abbrev0
 150 000a 04       		.byte	0x4
 151 000b 01       		.uleb128 0x1
 152 000c F0010000 		.4byte	.LASF29
 153 0010 04       		.byte	0x4
 154 0011 5C010000 		.4byte	.LASF30
 155 0015 E0000000 		.4byte	.LASF31
 156 0019 00000000 		.4byte	.Ldebug_ranges0+0
 157 001d 00000000 		.4byte	0
 158 0021 00000000 		.4byte	.Ldebug_line0
 159 0025 02       		.uleb128 0x2
 160 0026 01       		.byte	0x1
 161 0027 06       		.byte	0x6
 162 0028 E8020000 		.4byte	.LASF0
 163 002c 02       		.uleb128 0x2
 164 002d 01       		.byte	0x1
 165 002e 08       		.byte	0x8
 166 002f 65000000 		.4byte	.LASF1
 167 0033 02       		.uleb128 0x2
 168 0034 02       		.byte	0x2
 169 0035 05       		.byte	0x5
 170 0036 E6010000 		.4byte	.LASF2
 171 003a 03       		.uleb128 0x3
 172 003b A5020000 		.4byte	.LASF4
 173 003f 02       		.byte	0x2
 174 0040 2B       		.byte	0x2b
 175 0041 45000000 		.4byte	0x45
 176 0045 02       		.uleb128 0x2
 177 0046 02       		.byte	0x2
 178 0047 07       		.byte	0x7
 179 0048 8C000000 		.4byte	.LASF3
 180 004c 03       		.uleb128 0x3
 181 004d 0D000000 		.4byte	.LASF5
 182 0051 02       		.byte	0x2
 183 0052 3F       		.byte	0x3f
 184 0053 57000000 		.4byte	0x57
 185 0057 02       		.uleb128 0x2
 186 0058 04       		.byte	0x4
 187 0059 05       		.byte	0x5
 188 005a C6020000 		.4byte	.LASF6
 189 005e 02       		.uleb128 0x2
ARM GAS  C:\Users\PC\AppData\Local\Temp\ccoHDPwx.s 			page 5


 190 005f 04       		.byte	0x4
 191 0060 07       		.byte	0x7
 192 0061 73000000 		.4byte	.LASF7
 193 0065 02       		.uleb128 0x2
 194 0066 08       		.byte	0x8
 195 0067 05       		.byte	0x5
 196 0068 C5010000 		.4byte	.LASF8
 197 006c 02       		.uleb128 0x2
 198 006d 08       		.byte	0x8
 199 006e 07       		.byte	0x7
 200 006f 74010000 		.4byte	.LASF9
 201 0073 04       		.uleb128 0x4
 202 0074 04       		.byte	0x4
 203 0075 05       		.byte	0x5
 204 0076 696E7400 		.ascii	"int\000"
 205 007a 02       		.uleb128 0x2
 206 007b 04       		.byte	0x4
 207 007c 07       		.byte	0x7
 208 007d 67010000 		.4byte	.LASF10
 209 0081 03       		.uleb128 0x3
 210 0082 B0020000 		.4byte	.LASF11
 211 0086 03       		.byte	0x3
 212 0087 24       		.byte	0x24
 213 0088 3A000000 		.4byte	0x3a
 214 008c 03       		.uleb128 0x3
 215 008d AB010000 		.4byte	.LASF12
 216 0091 03       		.byte	0x3
 217 0092 2C       		.byte	0x2c
 218 0093 4C000000 		.4byte	0x4c
 219 0097 02       		.uleb128 0x2
 220 0098 04       		.byte	0x4
 221 0099 04       		.byte	0x4
 222 009a 53000000 		.4byte	.LASF13
 223 009e 02       		.uleb128 0x2
 224 009f 08       		.byte	0x8
 225 00a0 04       		.byte	0x4
 226 00a1 2E000000 		.4byte	.LASF14
 227 00a5 02       		.uleb128 0x2
 228 00a6 01       		.byte	0x1
 229 00a7 08       		.byte	0x8
 230 00a8 D3010000 		.4byte	.LASF15
 231 00ac 02       		.uleb128 0x2
 232 00ad 08       		.byte	0x8
 233 00ae 04       		.byte	0x4
 234 00af CF020000 		.4byte	.LASF16
 235 00b3 05       		.uleb128 0x5
 236 00b4 1C000000 		.4byte	.LASF32
 237 00b8 02       		.uleb128 0x2
 238 00b9 04       		.byte	0x4
 239 00ba 07       		.byte	0x7
 240 00bb BC010000 		.4byte	.LASF17
 241 00bf 06       		.uleb128 0x6
 242 00c0 B3010000 		.4byte	.LASF33
 243 00c4 01       		.byte	0x1
 244 00c5 14       		.byte	0x14
 245 00c6 22010000 		.4byte	0x122
 246 00ca 07       		.uleb128 0x7
ARM GAS  C:\Users\PC\AppData\Local\Temp\ccoHDPwx.s 			page 6


 247 00cb 85000000 		.4byte	.LASF34
 248 00cf 01       		.byte	0x1
 249 00d0 15       		.byte	0x15
 250 00d1 08       		.uleb128 0x8
 251 00d2 2B010000 		.4byte	.LASF35
 252 00d6 01       		.byte	0x1
 253 00d7 17       		.byte	0x17
 254 00d8 17030000 		.4byte	.LASF36
 255 00dc 09       		.uleb128 0x9
 256 00dd 59000000 		.4byte	.LASF18
 257 00e1 01       		.byte	0x1
 258 00e2 1B       		.byte	0x1b
 259 00e3 F4020000 		.4byte	.LASF20
 260 00e7 81000000 		.4byte	0x81
 261 00eb 0A       		.uleb128 0xa
 262 00ec 00000000 		.4byte	.LASF37
 263 00f0 01       		.byte	0x1
 264 00f1 1F       		.byte	0x1f
 265 00f2 9F000000 		.4byte	.LASF38
 266 00f6 00010000 		.4byte	0x100
 267 00fa 0B       		.uleb128 0xb
 268 00fb 81000000 		.4byte	0x81
 269 00ff 00       		.byte	0
 270 0100 09       		.uleb128 0x9
 271 0101 40010000 		.4byte	.LASF19
 272 0105 01       		.byte	0x1
 273 0106 23       		.byte	0x23
 274 0107 35000000 		.4byte	.LASF21
 275 010b 81000000 		.4byte	0x81
 276 010f 0C       		.uleb128 0xc
 277 0110 B9020000 		.4byte	.LASF39
 278 0114 01       		.byte	0x1
 279 0115 26       		.byte	0x26
 280 0116 BC000000 		.4byte	.LASF40
 281 011a 0B       		.uleb128 0xb
 282 011b A5010000 		.4byte	0x1a5
 283 011f 00       		.byte	0
 284 0120 00       		.byte	0
 285 0121 00       		.byte	0
 286 0122 0D       		.uleb128 0xd
 287 0123 D1000000 		.4byte	0xd1
 288 0127 00000000 		.4byte	.LFB63
 289 012b 08000000 		.4byte	.LFE63-.LFB63
 290 012f 01       		.uleb128 0x1
 291 0130 9C       		.byte	0x9c
 292 0131 3F010000 		.4byte	0x13f
 293 0135 0E       		.uleb128 0xe
 294 0136 06000000 		.4byte	.LVL0
 295 013a E9010000 		.4byte	0x1e9
 296 013e 00       		.byte	0
 297 013f 0D       		.uleb128 0xd
 298 0140 DC000000 		.4byte	0xdc
 299 0144 00000000 		.4byte	.LFB64
 300 0148 08000000 		.4byte	.LFE64-.LFB64
 301 014c 01       		.uleb128 0x1
 302 014d 9C       		.byte	0x9c
 303 014e 5C010000 		.4byte	0x15c
ARM GAS  C:\Users\PC\AppData\Local\Temp\ccoHDPwx.s 			page 7


 304 0152 0E       		.uleb128 0xe
 305 0153 06000000 		.4byte	.LVL1
 306 0157 F4010000 		.4byte	0x1f4
 307 015b 00       		.byte	0
 308 015c 0D       		.uleb128 0xd
 309 015d EB000000 		.4byte	0xeb
 310 0161 00000000 		.4byte	.LFB65
 311 0165 08000000 		.4byte	.LFE65-.LFB65
 312 0169 01       		.uleb128 0x1
 313 016a 9C       		.byte	0x9c
 314 016b 88010000 		.4byte	0x188
 315 016f 0F       		.uleb128 0xf
 316 0170 07000000 		.4byte	.LASF23
 317 0174 01       		.byte	0x1
 318 0175 1F       		.byte	0x1f
 319 0176 81000000 		.4byte	0x81
 320 017a 00000000 		.4byte	.LLST0
 321 017e 0E       		.uleb128 0xe
 322 017f 06000000 		.4byte	.LVL3
 323 0183 FF010000 		.4byte	0x1ff
 324 0187 00       		.byte	0
 325 0188 0D       		.uleb128 0xd
 326 0189 00010000 		.4byte	0x100
 327 018d 00000000 		.4byte	.LFB66
 328 0191 08000000 		.4byte	.LFE66-.LFB66
 329 0195 01       		.uleb128 0x1
 330 0196 9C       		.byte	0x9c
 331 0197 A5010000 		.4byte	0x1a5
 332 019b 0E       		.uleb128 0xe
 333 019c 06000000 		.4byte	.LVL4
 334 01a0 0A020000 		.4byte	0x20a
 335 01a4 00       		.byte	0
 336 01a5 02       		.uleb128 0x2
 337 01a6 01       		.byte	0x1
 338 01a7 02       		.byte	0x2
 339 01a8 17000000 		.4byte	.LASF22
 340 01ac 0D       		.uleb128 0xd
 341 01ad 0F010000 		.4byte	0x10f
 342 01b1 00000000 		.4byte	.LFB67
 343 01b5 08000000 		.4byte	.LFE67-.LFB67
 344 01b9 01       		.uleb128 0x1
 345 01ba 9C       		.byte	0x9c
 346 01bb D8010000 		.4byte	0x1d8
 347 01bf 10       		.uleb128 0x10
 348 01c0 64697200 		.ascii	"dir\000"
 349 01c4 01       		.byte	0x1
 350 01c5 26       		.byte	0x26
 351 01c6 A5010000 		.4byte	0x1a5
 352 01ca 21000000 		.4byte	.LLST1
 353 01ce 0E       		.uleb128 0xe
 354 01cf 06000000 		.4byte	.LVL6
 355 01d3 15020000 		.4byte	0x215
 356 01d7 00       		.byte	0
 357 01d8 11       		.uleb128 0x11
 358 01d9 9E010000 		.4byte	.LASF41
 359 01dd 05       		.byte	0x5
 360 01de 1207     		.2byte	0x712
ARM GAS  C:\Users\PC\AppData\Local\Temp\ccoHDPwx.s 			page 8


 361 01e0 E4010000 		.4byte	0x1e4
 362 01e4 12       		.uleb128 0x12
 363 01e5 8C000000 		.4byte	0x8c
 364 01e9 13       		.uleb128 0x13
 365 01ea DB020000 		.4byte	.LASF24
 366 01ee DB020000 		.4byte	.LASF24
 367 01f2 04       		.byte	0x4
 368 01f3 12       		.byte	0x12
 369 01f4 13       		.uleb128 0x13
 370 01f5 8B010000 		.4byte	.LASF25
 371 01f9 8B010000 		.4byte	.LASF25
 372 01fd 04       		.byte	0x4
 373 01fe 13       		.byte	0x13
 374 01ff 13       		.uleb128 0x13
 375 0200 D8010000 		.4byte	.LASF26
 376 0204 D8010000 		.4byte	.LASF26
 377 0208 04       		.byte	0x4
 378 0209 14       		.byte	0x14
 379 020a 13       		.uleb128 0x13
 380 020b 31010000 		.4byte	.LASF27
 381 020f 31010000 		.4byte	.LASF27
 382 0213 04       		.byte	0x4
 383 0214 15       		.byte	0x15
 384 0215 13       		.uleb128 0x13
 385 0216 48010000 		.4byte	.LASF28
 386 021a 48010000 		.4byte	.LASF28
 387 021e 04       		.byte	0x4
 388 021f 16       		.byte	0x16
 389 0220 00       		.byte	0
 390              		.section	.debug_abbrev,"",%progbits
 391              	.Ldebug_abbrev0:
 392 0000 01       		.uleb128 0x1
 393 0001 11       		.uleb128 0x11
 394 0002 01       		.byte	0x1
 395 0003 25       		.uleb128 0x25
 396 0004 0E       		.uleb128 0xe
 397 0005 13       		.uleb128 0x13
 398 0006 0B       		.uleb128 0xb
 399 0007 03       		.uleb128 0x3
 400 0008 0E       		.uleb128 0xe
 401 0009 1B       		.uleb128 0x1b
 402 000a 0E       		.uleb128 0xe
 403 000b 55       		.uleb128 0x55
 404 000c 17       		.uleb128 0x17
 405 000d 11       		.uleb128 0x11
 406 000e 01       		.uleb128 0x1
 407 000f 10       		.uleb128 0x10
 408 0010 17       		.uleb128 0x17
 409 0011 00       		.byte	0
 410 0012 00       		.byte	0
 411 0013 02       		.uleb128 0x2
 412 0014 24       		.uleb128 0x24
 413 0015 00       		.byte	0
 414 0016 0B       		.uleb128 0xb
 415 0017 0B       		.uleb128 0xb
 416 0018 3E       		.uleb128 0x3e
 417 0019 0B       		.uleb128 0xb
ARM GAS  C:\Users\PC\AppData\Local\Temp\ccoHDPwx.s 			page 9


 418 001a 03       		.uleb128 0x3
 419 001b 0E       		.uleb128 0xe
 420 001c 00       		.byte	0
 421 001d 00       		.byte	0
 422 001e 03       		.uleb128 0x3
 423 001f 16       		.uleb128 0x16
 424 0020 00       		.byte	0
 425 0021 03       		.uleb128 0x3
 426 0022 0E       		.uleb128 0xe
 427 0023 3A       		.uleb128 0x3a
 428 0024 0B       		.uleb128 0xb
 429 0025 3B       		.uleb128 0x3b
 430 0026 0B       		.uleb128 0xb
 431 0027 49       		.uleb128 0x49
 432 0028 13       		.uleb128 0x13
 433 0029 00       		.byte	0
 434 002a 00       		.byte	0
 435 002b 04       		.uleb128 0x4
 436 002c 24       		.uleb128 0x24
 437 002d 00       		.byte	0
 438 002e 0B       		.uleb128 0xb
 439 002f 0B       		.uleb128 0xb
 440 0030 3E       		.uleb128 0x3e
 441 0031 0B       		.uleb128 0xb
 442 0032 03       		.uleb128 0x3
 443 0033 08       		.uleb128 0x8
 444 0034 00       		.byte	0
 445 0035 00       		.byte	0
 446 0036 05       		.uleb128 0x5
 447 0037 3B       		.uleb128 0x3b
 448 0038 00       		.byte	0
 449 0039 03       		.uleb128 0x3
 450 003a 0E       		.uleb128 0xe
 451 003b 00       		.byte	0
 452 003c 00       		.byte	0
 453 003d 06       		.uleb128 0x6
 454 003e 39       		.uleb128 0x39
 455 003f 01       		.byte	0x1
 456 0040 03       		.uleb128 0x3
 457 0041 0E       		.uleb128 0xe
 458 0042 3A       		.uleb128 0x3a
 459 0043 0B       		.uleb128 0xb
 460 0044 3B       		.uleb128 0x3b
 461 0045 0B       		.uleb128 0xb
 462 0046 01       		.uleb128 0x1
 463 0047 13       		.uleb128 0x13
 464 0048 00       		.byte	0
 465 0049 00       		.byte	0
 466 004a 07       		.uleb128 0x7
 467 004b 39       		.uleb128 0x39
 468 004c 01       		.byte	0x1
 469 004d 03       		.uleb128 0x3
 470 004e 0E       		.uleb128 0xe
 471 004f 3A       		.uleb128 0x3a
 472 0050 0B       		.uleb128 0xb
 473 0051 3B       		.uleb128 0x3b
 474 0052 0B       		.uleb128 0xb
ARM GAS  C:\Users\PC\AppData\Local\Temp\ccoHDPwx.s 			page 10


 475 0053 00       		.byte	0
 476 0054 00       		.byte	0
 477 0055 08       		.uleb128 0x8
 478 0056 2E       		.uleb128 0x2e
 479 0057 00       		.byte	0
 480 0058 3F       		.uleb128 0x3f
 481 0059 19       		.uleb128 0x19
 482 005a 03       		.uleb128 0x3
 483 005b 0E       		.uleb128 0xe
 484 005c 3A       		.uleb128 0x3a
 485 005d 0B       		.uleb128 0xb
 486 005e 3B       		.uleb128 0x3b
 487 005f 0B       		.uleb128 0xb
 488 0060 6E       		.uleb128 0x6e
 489 0061 0E       		.uleb128 0xe
 490 0062 3C       		.uleb128 0x3c
 491 0063 19       		.uleb128 0x19
 492 0064 00       		.byte	0
 493 0065 00       		.byte	0
 494 0066 09       		.uleb128 0x9
 495 0067 2E       		.uleb128 0x2e
 496 0068 00       		.byte	0
 497 0069 3F       		.uleb128 0x3f
 498 006a 19       		.uleb128 0x19
 499 006b 03       		.uleb128 0x3
 500 006c 0E       		.uleb128 0xe
 501 006d 3A       		.uleb128 0x3a
 502 006e 0B       		.uleb128 0xb
 503 006f 3B       		.uleb128 0x3b
 504 0070 0B       		.uleb128 0xb
 505 0071 6E       		.uleb128 0x6e
 506 0072 0E       		.uleb128 0xe
 507 0073 49       		.uleb128 0x49
 508 0074 13       		.uleb128 0x13
 509 0075 3C       		.uleb128 0x3c
 510 0076 19       		.uleb128 0x19
 511 0077 00       		.byte	0
 512 0078 00       		.byte	0
 513 0079 0A       		.uleb128 0xa
 514 007a 2E       		.uleb128 0x2e
 515 007b 01       		.byte	0x1
 516 007c 3F       		.uleb128 0x3f
 517 007d 19       		.uleb128 0x19
 518 007e 03       		.uleb128 0x3
 519 007f 0E       		.uleb128 0xe
 520 0080 3A       		.uleb128 0x3a
 521 0081 0B       		.uleb128 0xb
 522 0082 3B       		.uleb128 0x3b
 523 0083 0B       		.uleb128 0xb
 524 0084 6E       		.uleb128 0x6e
 525 0085 0E       		.uleb128 0xe
 526 0086 3C       		.uleb128 0x3c
 527 0087 19       		.uleb128 0x19
 528 0088 01       		.uleb128 0x1
 529 0089 13       		.uleb128 0x13
 530 008a 00       		.byte	0
 531 008b 00       		.byte	0
ARM GAS  C:\Users\PC\AppData\Local\Temp\ccoHDPwx.s 			page 11


 532 008c 0B       		.uleb128 0xb
 533 008d 05       		.uleb128 0x5
 534 008e 00       		.byte	0
 535 008f 49       		.uleb128 0x49
 536 0090 13       		.uleb128 0x13
 537 0091 00       		.byte	0
 538 0092 00       		.byte	0
 539 0093 0C       		.uleb128 0xc
 540 0094 2E       		.uleb128 0x2e
 541 0095 01       		.byte	0x1
 542 0096 3F       		.uleb128 0x3f
 543 0097 19       		.uleb128 0x19
 544 0098 03       		.uleb128 0x3
 545 0099 0E       		.uleb128 0xe
 546 009a 3A       		.uleb128 0x3a
 547 009b 0B       		.uleb128 0xb
 548 009c 3B       		.uleb128 0x3b
 549 009d 0B       		.uleb128 0xb
 550 009e 6E       		.uleb128 0x6e
 551 009f 0E       		.uleb128 0xe
 552 00a0 3C       		.uleb128 0x3c
 553 00a1 19       		.uleb128 0x19
 554 00a2 00       		.byte	0
 555 00a3 00       		.byte	0
 556 00a4 0D       		.uleb128 0xd
 557 00a5 2E       		.uleb128 0x2e
 558 00a6 01       		.byte	0x1
 559 00a7 47       		.uleb128 0x47
 560 00a8 13       		.uleb128 0x13
 561 00a9 11       		.uleb128 0x11
 562 00aa 01       		.uleb128 0x1
 563 00ab 12       		.uleb128 0x12
 564 00ac 06       		.uleb128 0x6
 565 00ad 40       		.uleb128 0x40
 566 00ae 18       		.uleb128 0x18
 567 00af 9742     		.uleb128 0x2117
 568 00b1 19       		.uleb128 0x19
 569 00b2 01       		.uleb128 0x1
 570 00b3 13       		.uleb128 0x13
 571 00b4 00       		.byte	0
 572 00b5 00       		.byte	0
 573 00b6 0E       		.uleb128 0xe
 574 00b7 898201   		.uleb128 0x4109
 575 00ba 00       		.byte	0
 576 00bb 11       		.uleb128 0x11
 577 00bc 01       		.uleb128 0x1
 578 00bd 31       		.uleb128 0x31
 579 00be 13       		.uleb128 0x13
 580 00bf 00       		.byte	0
 581 00c0 00       		.byte	0
 582 00c1 0F       		.uleb128 0xf
 583 00c2 05       		.uleb128 0x5
 584 00c3 00       		.byte	0
 585 00c4 03       		.uleb128 0x3
 586 00c5 0E       		.uleb128 0xe
 587 00c6 3A       		.uleb128 0x3a
 588 00c7 0B       		.uleb128 0xb
ARM GAS  C:\Users\PC\AppData\Local\Temp\ccoHDPwx.s 			page 12


 589 00c8 3B       		.uleb128 0x3b
 590 00c9 0B       		.uleb128 0xb
 591 00ca 49       		.uleb128 0x49
 592 00cb 13       		.uleb128 0x13
 593 00cc 02       		.uleb128 0x2
 594 00cd 17       		.uleb128 0x17
 595 00ce 00       		.byte	0
 596 00cf 00       		.byte	0
 597 00d0 10       		.uleb128 0x10
 598 00d1 05       		.uleb128 0x5
 599 00d2 00       		.byte	0
 600 00d3 03       		.uleb128 0x3
 601 00d4 08       		.uleb128 0x8
 602 00d5 3A       		.uleb128 0x3a
 603 00d6 0B       		.uleb128 0xb
 604 00d7 3B       		.uleb128 0x3b
 605 00d8 0B       		.uleb128 0xb
 606 00d9 49       		.uleb128 0x49
 607 00da 13       		.uleb128 0x13
 608 00db 02       		.uleb128 0x2
 609 00dc 17       		.uleb128 0x17
 610 00dd 00       		.byte	0
 611 00de 00       		.byte	0
 612 00df 11       		.uleb128 0x11
 613 00e0 34       		.uleb128 0x34
 614 00e1 00       		.byte	0
 615 00e2 03       		.uleb128 0x3
 616 00e3 0E       		.uleb128 0xe
 617 00e4 3A       		.uleb128 0x3a
 618 00e5 0B       		.uleb128 0xb
 619 00e6 3B       		.uleb128 0x3b
 620 00e7 05       		.uleb128 0x5
 621 00e8 49       		.uleb128 0x49
 622 00e9 13       		.uleb128 0x13
 623 00ea 3F       		.uleb128 0x3f
 624 00eb 19       		.uleb128 0x19
 625 00ec 3C       		.uleb128 0x3c
 626 00ed 19       		.uleb128 0x19
 627 00ee 00       		.byte	0
 628 00ef 00       		.byte	0
 629 00f0 12       		.uleb128 0x12
 630 00f1 35       		.uleb128 0x35
 631 00f2 00       		.byte	0
 632 00f3 49       		.uleb128 0x49
 633 00f4 13       		.uleb128 0x13
 634 00f5 00       		.byte	0
 635 00f6 00       		.byte	0
 636 00f7 13       		.uleb128 0x13
 637 00f8 2E       		.uleb128 0x2e
 638 00f9 00       		.byte	0
 639 00fa 3F       		.uleb128 0x3f
 640 00fb 19       		.uleb128 0x19
 641 00fc 3C       		.uleb128 0x3c
 642 00fd 19       		.uleb128 0x19
 643 00fe 6E       		.uleb128 0x6e
 644 00ff 0E       		.uleb128 0xe
 645 0100 03       		.uleb128 0x3
ARM GAS  C:\Users\PC\AppData\Local\Temp\ccoHDPwx.s 			page 13


 646 0101 0E       		.uleb128 0xe
 647 0102 3A       		.uleb128 0x3a
 648 0103 0B       		.uleb128 0xb
 649 0104 3B       		.uleb128 0x3b
 650 0105 0B       		.uleb128 0xb
 651 0106 00       		.byte	0
 652 0107 00       		.byte	0
 653 0108 00       		.byte	0
 654              		.section	.debug_loc,"",%progbits
 655              	.Ldebug_loc0:
 656              	.LLST0:
 657 0000 00000000 		.4byte	.LVL2
 658 0004 05000000 		.4byte	.LVL3-1
 659 0008 0100     		.2byte	0x1
 660 000a 50       		.byte	0x50
 661 000b 05000000 		.4byte	.LVL3-1
 662 000f 08000000 		.4byte	.LFE65
 663 0013 0400     		.2byte	0x4
 664 0015 F3       		.byte	0xf3
 665 0016 01       		.uleb128 0x1
 666 0017 50       		.byte	0x50
 667 0018 9F       		.byte	0x9f
 668 0019 00000000 		.4byte	0
 669 001d 00000000 		.4byte	0
 670              	.LLST1:
 671 0021 00000000 		.4byte	.LVL5
 672 0025 05000000 		.4byte	.LVL6-1
 673 0029 0100     		.2byte	0x1
 674 002b 50       		.byte	0x50
 675 002c 05000000 		.4byte	.LVL6-1
 676 0030 08000000 		.4byte	.LFE67
 677 0034 0400     		.2byte	0x4
 678 0036 F3       		.byte	0xf3
 679 0037 01       		.uleb128 0x1
 680 0038 50       		.byte	0x50
 681 0039 9F       		.byte	0x9f
 682 003a 00000000 		.4byte	0
 683 003e 00000000 		.4byte	0
 684              		.section	.debug_aranges,"",%progbits
 685 0000 3C000000 		.4byte	0x3c
 686 0004 0200     		.2byte	0x2
 687 0006 00000000 		.4byte	.Ldebug_info0
 688 000a 04       		.byte	0x4
 689 000b 00       		.byte	0
 690 000c 0000     		.2byte	0
 691 000e 0000     		.2byte	0
 692 0010 00000000 		.4byte	.LFB63
 693 0014 08000000 		.4byte	.LFE63-.LFB63
 694 0018 00000000 		.4byte	.LFB64
 695 001c 08000000 		.4byte	.LFE64-.LFB64
 696 0020 00000000 		.4byte	.LFB65
 697 0024 08000000 		.4byte	.LFE65-.LFB65
 698 0028 00000000 		.4byte	.LFB66
 699 002c 08000000 		.4byte	.LFE66-.LFB66
 700 0030 00000000 		.4byte	.LFB67
 701 0034 08000000 		.4byte	.LFE67-.LFB67
 702 0038 00000000 		.4byte	0
ARM GAS  C:\Users\PC\AppData\Local\Temp\ccoHDPwx.s 			page 14


 703 003c 00000000 		.4byte	0
 704              		.section	.debug_ranges,"",%progbits
 705              	.Ldebug_ranges0:
 706 0000 00000000 		.4byte	.LFB63
 707 0004 08000000 		.4byte	.LFE63
 708 0008 00000000 		.4byte	.LFB64
 709 000c 08000000 		.4byte	.LFE64
 710 0010 00000000 		.4byte	.LFB65
 711 0014 08000000 		.4byte	.LFE65
 712 0018 00000000 		.4byte	.LFB66
 713 001c 08000000 		.4byte	.LFE66
 714 0020 00000000 		.4byte	.LFB67
 715 0024 08000000 		.4byte	.LFE67
 716 0028 00000000 		.4byte	0
 717 002c 00000000 		.4byte	0
 718              		.section	.debug_line,"",%progbits
 719              	.Ldebug_line0:
 720 0000 AA010000 		.section	.debug_str,"MS",%progbits,1
 720      02005201 
 720      00000201 
 720      FB0E0D00 
 720      01010101 
 721              	.LASF37:
 722 0000 53657450 		.ascii	"SetPWM\000"
 722      574D00
 723              	.LASF23:
 724 0007 76616C75 		.ascii	"value\000"
 724      6500
 725              	.LASF5:
 726 000d 5F5F696E 		.ascii	"__int32_t\000"
 726      7433325F 
 726      7400
 727              	.LASF22:
 728 0017 626F6F6C 		.ascii	"bool\000"
 728      00
 729              	.LASF32:
 730 001c 6465636C 		.ascii	"decltype(nullptr)\000"
 730      74797065 
 730      286E756C 
 730      6C707472 
 730      2900
 731              	.LASF14:
 732 002e 646F7562 		.ascii	"double\000"
 732      6C6500
 733              	.LASF21:
 734 0035 5F5A4E38 		.ascii	"_ZN8Hardware6MotorA7ReadPWMEv\000"
 734      48617264 
 734      77617265 
 734      364D6F74 
 734      6F724137 
 735              	.LASF13:
 736 0053 666C6F61 		.ascii	"float\000"
 736      7400
 737              	.LASF18:
 738 0059 47657450 		.ascii	"GetPosition\000"
 738      6F736974 
 738      696F6E00 
ARM GAS  C:\Users\PC\AppData\Local\Temp\ccoHDPwx.s 			page 15


 739              	.LASF1:
 740 0065 756E7369 		.ascii	"unsigned char\000"
 740      676E6564 
 740      20636861 
 740      7200
 741              	.LASF7:
 742 0073 6C6F6E67 		.ascii	"long unsigned int\000"
 742      20756E73 
 742      69676E65 
 742      6420696E 
 742      7400
 743              	.LASF34:
 744 0085 4D6F746F 		.ascii	"MotorA\000"
 744      724100
 745              	.LASF3:
 746 008c 73686F72 		.ascii	"short unsigned int\000"
 746      7420756E 
 746      7369676E 
 746      65642069 
 746      6E7400
 747              	.LASF38:
 748 009f 5F5A4E38 		.ascii	"_ZN8Hardware6MotorA6SetPWMEt\000"
 748      48617264 
 748      77617265 
 748      364D6F74 
 748      6F724136 
 749              	.LASF40:
 750 00bc 5F5A4E38 		.ascii	"_ZN8Hardware6MotorA12SetDirectionEb\000"
 750      48617264 
 750      77617265 
 750      364D6F74 
 750      6F724131 
 751              	.LASF31:
 752 00e0 433A5C55 		.ascii	"C:\\Users\\PC\\Dropbox\\CodeSpaces\\PSoC\\RoboticAr"
 752      73657273 
 752      5C50435C 
 752      44726F70 
 752      626F785C 
 753 010d 6D5C5053 		.ascii	"m\\PSoC_Creator\\MotorPID.cydsn\000"
 753      6F435F43 
 753      72656174 
 753      6F725C4D 
 753      6F746F72 
 754              	.LASF35:
 755 012b 53746172 		.ascii	"Start\000"
 755      7400
 756              	.LASF27:
 757 0131 4D6F746F 		.ascii	"MotorA_ReadPWM\000"
 757      72415F52 
 757      65616450 
 757      574D00
 758              	.LASF19:
 759 0140 52656164 		.ascii	"ReadPWM\000"
 759      50574D00 
 760              	.LASF28:
 761 0148 4D6F746F 		.ascii	"MotorA_SetDirection\000"
 761      72415F53 
ARM GAS  C:\Users\PC\AppData\Local\Temp\ccoHDPwx.s 			page 16


 761      65744469 
 761      72656374 
 761      696F6E00 
 762              	.LASF30:
 763 015c 4D6F746F 		.ascii	"MotorA.cpp\000"
 763      72412E63 
 763      707000
 764              	.LASF10:
 765 0167 756E7369 		.ascii	"unsigned int\000"
 765      676E6564 
 765      20696E74 
 765      00
 766              	.LASF9:
 767 0174 6C6F6E67 		.ascii	"long long unsigned int\000"
 767      206C6F6E 
 767      6720756E 
 767      7369676E 
 767      65642069 
 768              	.LASF25:
 769 018b 4D6F746F 		.ascii	"MotorA_GetPosition\000"
 769      72415F47 
 769      6574506F 
 769      73697469 
 769      6F6E00
 770              	.LASF41:
 771 019e 49544D5F 		.ascii	"ITM_RxBuffer\000"
 771      52784275 
 771      66666572 
 771      00
 772              	.LASF12:
 773 01ab 696E7433 		.ascii	"int32_t\000"
 773      325F7400 
 774              	.LASF33:
 775 01b3 48617264 		.ascii	"Hardware\000"
 775      77617265 
 775      00
 776              	.LASF17:
 777 01bc 73697A65 		.ascii	"sizetype\000"
 777      74797065 
 777      00
 778              	.LASF8:
 779 01c5 6C6F6E67 		.ascii	"long long int\000"
 779      206C6F6E 
 779      6720696E 
 779      7400
 780              	.LASF15:
 781 01d3 63686172 		.ascii	"char\000"
 781      00
 782              	.LASF26:
 783 01d8 4D6F746F 		.ascii	"MotorA_SetPWM\000"
 783      72415F53 
 783      65745057 
 783      4D00
 784              	.LASF2:
 785 01e6 73686F72 		.ascii	"short int\000"
 785      7420696E 
 785      7400
ARM GAS  C:\Users\PC\AppData\Local\Temp\ccoHDPwx.s 			page 17


 786              	.LASF29:
 787 01f0 474E5520 		.ascii	"GNU C++14 5.4.1 20160609 (release) [ARM/embedded-5-"
 787      432B2B31 
 787      3420352E 
 787      342E3120 
 787      32303136 
 788 0223 6272616E 		.ascii	"branch revision 237715] -mcpu=cortex-m3 -mthumb -g "
 788      63682072 
 788      65766973 
 788      696F6E20 
 788      32333737 
 789 0256 2D4F6720 		.ascii	"-Og -std=c++1z -ffunction-sections -ffat-lto-object"
 789      2D737464 
 789      3D632B2B 
 789      317A202D 
 789      6666756E 
 790 0289 73202D66 		.ascii	"s -fno-exceptions -fno-rtti\000"
 790      6E6F2D65 
 790      78636570 
 790      74696F6E 
 790      73202D66 
 791              	.LASF4:
 792 02a5 5F5F7569 		.ascii	"__uint16_t\000"
 792      6E743136 
 792      5F7400
 793              	.LASF11:
 794 02b0 75696E74 		.ascii	"uint16_t\000"
 794      31365F74 
 794      00
 795              	.LASF39:
 796 02b9 53657444 		.ascii	"SetDirection\000"
 796      69726563 
 796      74696F6E 
 796      00
 797              	.LASF6:
 798 02c6 6C6F6E67 		.ascii	"long int\000"
 798      20696E74 
 798      00
 799              	.LASF16:
 800 02cf 6C6F6E67 		.ascii	"long double\000"
 800      20646F75 
 800      626C6500 
 801              	.LASF24:
 802 02db 4D6F746F 		.ascii	"MotorA_Start\000"
 802      72415F53 
 802      74617274 
 802      00
 803              	.LASF0:
 804 02e8 7369676E 		.ascii	"signed char\000"
 804      65642063 
 804      68617200 
 805              	.LASF20:
 806 02f4 5F5A4E38 		.ascii	"_ZN8Hardware6MotorA11GetPositionEv\000"
 806      48617264 
 806      77617265 
 806      364D6F74 
 806      6F724131 
ARM GAS  C:\Users\PC\AppData\Local\Temp\ccoHDPwx.s 			page 18


 807              	.LASF36:
 808 0317 5F5A4E38 		.ascii	"_ZN8Hardware6MotorA5StartEv\000"
 808      48617264 
 808      77617265 
 808      364D6F74 
 808      6F724135 
 809              		.ident	"GCC: (GNU Tools for ARM Embedded Processors) 5.4.1 20160609 (release) [ARM/embedded-5-bran
