Archive member included to satisfy reference by file (symbol)

.\CortexM3\ARM_GCC_541\Debug\MotorPID.a(MotorA_Dir.o)
                              .\CortexM3\ARM_GCC_541\Debug\MotorsHW.o (MotorA_Dir_Write)
.\CortexM3\ARM_GCC_541\Debug\MotorPID.a(MotorA_PWM.o)
                              .\CortexM3\ARM_GCC_541\Debug\MotorsHW.o (MotorA_PWM_WriteCompare)
.\CortexM3\ARM_GCC_541\Debug\MotorPID.a(MotorA_ISR.o)
                              .\CortexM3\ARM_GCC_541\Debug\MotorsHW.o (MotorA_ISR_StartEx)
.\CortexM3\ARM_GCC_541\Debug\MotorPID.a(MotorA_QuadDec.o)
                              .\CortexM3\ARM_GCC_541\Debug\MotorsHW.o (MotorA_QuadDec_GetCounter)
.\CortexM3\ARM_GCC_541\Debug\MotorPID.a(ServoAB.o)
                              .\CortexM3\ARM_GCC_541\Debug\ServosHW.o (ServoAB_WriteCompare1)
.\CortexM3\ARM_GCC_541\Debug\MotorPID.a(Servo_PWM.o)
                              .\CortexM3\ARM_GCC_541\Debug\ServosHW.o (Servo_PWM_Start)
.\CortexM3\ARM_GCC_541\Debug\MotorPID.a(MotorA_QuadDec_Cnt16.o)
                              .\CortexM3\ARM_GCC_541\Debug\MotorPID.a(MotorA_QuadDec.o) (MotorA_QuadDec_Cnt16_Stop)
.\CortexM3\ARM_GCC_541\Debug\MotorPID.a(CyLib.o)
                              .\CortexM3\ARM_GCC_541\Debug\Cm3Start.o (CyHalt)
.\CortexM3\ARM_GCC_541\Debug\MotorPID.a(cyPm.o)
                              .\CortexM3\ARM_GCC_541\Debug\MotorPID.a(CyLib.o) (CyPmReadStatus)
.\CortexM3\ARM_GCC_541\Debug\MotorPID.a(UART.o)
                              .\CortexM3\ARM_GCC_541\Debug\main.o (UART_Start)
.\CortexM3\ARM_GCC_541\Debug\MotorPID.a(UART_IntClock.o)
                              .\CortexM3\ARM_GCC_541\Debug\MotorPID.a(UART.o) (UART_IntClock_Start)
.\CortexM3\ARM_GCC_541\Debug\MotorPID.a(ServoCD.o)
                              .\CortexM3\ARM_GCC_541\Debug\ServosHW.o (ServoCD_WriteCompare1)
.\CortexM3\ARM_GCC_541\Debug\MotorPID.a(MotorB_QuadDec.o)
                              .\CortexM3\ARM_GCC_541\Debug\MotorsHW.o (MotorB_QuadDec_GetCounter)
.\CortexM3\ARM_GCC_541\Debug\MotorPID.a(MotorB_ISR.o)
                              .\CortexM3\ARM_GCC_541\Debug\MotorsHW.o (MotorB_ISR_StartEx)
.\CortexM3\ARM_GCC_541\Debug\MotorPID.a(MotorB_PWM.o)
                              .\CortexM3\ARM_GCC_541\Debug\MotorsHW.o (MotorB_PWM_WriteCompare)
.\CortexM3\ARM_GCC_541\Debug\MotorPID.a(MotorB_Dir.o)
                              .\CortexM3\ARM_GCC_541\Debug\MotorsHW.o (MotorB_Dir_Write)
.\CortexM3\ARM_GCC_541\Debug\MotorPID.a(MotorB_QuadDec_Cnt16.o)
                              .\CortexM3\ARM_GCC_541\Debug\MotorPID.a(MotorB_QuadDec.o) (MotorB_QuadDec_Cnt16_Stop)
.\CortexM3\ARM_GCC_541\Debug\MotorPID.a(CyBootAsmGnu.o)
                              .\CortexM3\ARM_GCC_541\Debug\cyfitter_cfg.o (CyDelayCycles)
.\CortexM3\ARM_GCC_541\Debug\MotorPID.a(CyFlash.o)
                              .\CortexM3\ARM_GCC_541\Debug\MotorPID.a(cyPm.o) (CyFlash_SetWaitCycles)
.\CortexM3\ARM_GCC_541\Debug\MotorPID.a(CySpc.o)
                              .\CortexM3\ARM_GCC_541\Debug\MotorPID.a(CyFlash.o) (CySpcStart)
c:/program files (x86)/cypress/psoc creator/4.4/psoc creator/import/gnu/arm/5.4.1/bin/../lib/gcc/arm-none-eabi/5.4.1/../../../../arm-none-eabi/lib/armv7-m\libstdc++_nano.a(del_opv.o)
                              .\CortexM3\ARM_GCC_541\Debug\main.o (operator delete[](void*))
c:/program files (x86)/cypress/psoc creator/4.4/psoc creator/import/gnu/arm/5.4.1/bin/../lib/gcc/arm-none-eabi/5.4.1/../../../../arm-none-eabi/lib/armv7-m\libstdc++_nano.a(del_op.o)
                              c:/program files (x86)/cypress/psoc creator/4.4/psoc creator/import/gnu/arm/5.4.1/bin/../lib/gcc/arm-none-eabi/5.4.1/../../../../arm-none-eabi/lib/armv7-m\libstdc++_nano.a(del_opv.o) (operator delete(void*))
c:/program files (x86)/cypress/psoc creator/4.4/psoc creator/import/gnu/arm/5.4.1/bin/../lib/gcc/arm-none-eabi/5.4.1/../../../../arm-none-eabi/lib/armv7-m\libstdc++_nano.a(new_opv.o)
                              .\CortexM3\ARM_GCC_541\Debug\main.o (operator new[](unsigned int))
c:/program files (x86)/cypress/psoc creator/4.4/psoc creator/import/gnu/arm/5.4.1/bin/../lib/gcc/arm-none-eabi/5.4.1/../../../../arm-none-eabi/lib/armv7-m\libstdc++_nano.a(new_op.o)
                              c:/program files (x86)/cypress/psoc creator/4.4/psoc creator/import/gnu/arm/5.4.1/bin/../lib/gcc/arm-none-eabi/5.4.1/../../../../arm-none-eabi/lib/armv7-m\libstdc++_nano.a(new_opv.o) (operator new(unsigned int))
c:/program files (x86)/cypress/psoc creator/4.4/psoc creator/import/gnu/arm/5.4.1/bin/../lib/gcc/arm-none-eabi/5.4.1/../../../../arm-none-eabi/lib/armv7-m\libstdc++_nano.a(new_handler.o)
                              c:/program files (x86)/cypress/psoc creator/4.4/psoc creator/import/gnu/arm/5.4.1/bin/../lib/gcc/arm-none-eabi/5.4.1/../../../../arm-none-eabi/lib/armv7-m\libstdc++_nano.a(new_op.o) (std::get_new_handler())
[...]
Memory Configuration

Name             Origin             Length             Attributes
rom              0x00000000         0x00040000         xr
ram              0x1fff8000         0x00010000         xrw
*default*        0x00000000         0xffffffff

Linker script and memory map

LOAD c:/program files (x86)/cypress/psoc creator/4.4/psoc creator/import/gnu/arm/5.4.1/bin/../lib/gcc/arm-none-eabi/5.4.1/armv7-m/crti.o
LOAD c:/program files (x86)/cypress/psoc creator/4.4/psoc creator/import/gnu/arm/5.4.1/bin/../lib/gcc/arm-none-eabi/5.4.1/armv7-m/crtbegin.o
LOAD c:/program files (x86)/cypress/psoc creator/4.4/psoc creator/import/gnu/arm/5.4.1/bin/../lib/gcc/arm-none-eabi/5.4.1/../../../../arm-none-eabi/lib/armv7-m/crt0.o
START GROUP
LOAD .\CortexM3\ARM_GCC_541\Debug\main.o
LOAD .\CortexM3\ARM_GCC_541\Debug\MotorsHW.o
LOAD .\CortexM3\ARM_GCC_541\Debug\Motors.o
LOAD .\CortexM3\ARM_GCC_541\Debug\ServosHW.o
LOAD .\CortexM3\ARM_GCC_541\Debug\Servos.o
LOAD .\CortexM3\ARM_GCC_541\Debug\cyfitter_cfg.o
LOAD .\CortexM3\ARM_GCC_541\Debug\cymetadata.o
LOAD .\CortexM3\ARM_GCC_541\Debug\Cm3Start.o
LOAD .\CortexM3\ARM_GCC_541\Debug\MotorPID.a
LOAD C:\Program Files (x86)\Cypress\PSoC Creator\4.4\PSoC Creator\psoc\content\cycomponentlibrary\CyComponentLibrary.cylib\CortexM3\ARM_GCC_541\Debug\CyComponentLibrary.a
LOAD ..\..\libs\Foundation\dist\psoc\lib\libFoundation_d.a
LOAD c:/program files (x86)/cypress/psoc creator/4.4/psoc creator/import/gnu/arm/5.4.1/bin/../lib/gcc/arm-none-eabi/5.4.1/../../../../arm-none-eabi/lib/armv7-m\libstdc++_nano.a
LOAD c:/program files (x86)/cypress/psoc creator/4.4/psoc creator/import/gnu/arm/5.4.1/bin/../lib/gcc/arm-none-eabi/5.4.1/../../../../arm-none-eabi/lib/armv7-m\libsupc++_nano.a
LOAD c:/program files (x86)/cypress/psoc creator/4.4/psoc creator/import/gnu/arm/5.4.1/bin/../lib/gcc/arm-none-eabi/5.4.1/../../../../arm-none-eabi/lib/armv7-m\libm.a
END GROUP
START GROUP
LOAD c:/program files (x86)/cypress/psoc creator/4.4/psoc creator/import/gnu/arm/5.4.1/bin/../lib/gcc/arm-none-eabi/5.4.1/armv7-m\libgcc.a
LOAD c:/program files (x86)/cypress/psoc creator/4.4/psoc creator/import/gnu/arm/5.4.1/bin/../lib/gcc/arm-none-eabi/5.4.1/../../../../arm-none-eabi/lib/armv7-m\libg_nano.a
LOAD c:/program files (x86)/cypress/psoc creator/4.4/psoc creator/import/gnu/arm/5.4.1/bin/../lib/gcc/arm-none-eabi/5.4.1/../../../../arm-none-eabi/lib/armv7-m\libc_nano.a
END GROUP
START GROUP
LOAD c:/program files (x86)/cypress/psoc creator/4.4/psoc creator/import/gnu/arm/5.4.1/bin/../lib/gcc/arm-none-eabi/5.4.1/armv7-m\libgcc.a
LOAD c:/program files (x86)/cypress/psoc creator/4.4/psoc creator/import/gnu/arm/5.4.1/bin/../lib/gcc/arm-none-eabi/5.4.1/../../../../arm-none-eabi/lib/armv7-m\libc_nano.a
END GROUP
LOAD c:/program files (x86)/cypress/psoc creator/4.4/psoc creator/import/gnu/arm/5.4.1/bin/../lib/gcc/arm-none-eabi/5.4.1/armv7-m/crtend.o
LOAD c:/program files (x86)/cypress/psoc creator/4.4/psoc creator/import/gnu/arm/5.4.1/bin/../lib/gcc/arm-none-eabi/5.4.1/armv7-m/crtn.o
START GROUP
LOAD c:/program files (x86)/cypress/psoc creator/4.4/psoc creator/import/gnu/arm/5.4.1/bin/../lib/gcc/arm-none-eabi/5.4.1/armv7-m\libgcc.a
LOAD c:/program files (x86)/cypress/psoc creator/4.4/psoc creator/import/gnu/arm/5.4.1/bin/../lib/gcc/arm-none-eabi/5.4.1/../../../../arm-none-eabi/lib/armv7-m\libc.a
LOAD c:/program files (x86)/cypress/psoc creator/4.4/psoc creator/import/gnu/arm/5.4.1/bin/../lib/gcc/arm-none-eabi/5.4.1/../../../../arm-none-eabi/lib/armv7-m\libnosys.a
END GROUP
                0x00000000                CY_APPL_ORIGIN = 0x0
                0x00000100                CY_FLASH_ROW_SIZE = 0x100
                0x00000020                CY_ECC_ROW_SIZE = 0x20
                0x00000000                CY_EE_IN_BTLDR = 0x0
                0x00000000                CY_APPL_LOADABLE = 0x0
                0x00000800                CY_EE_SIZE = 0x800
                0x00000001                CY_APPL_NUM = 0x1
                0x00000001                CY_APPL_MAX = 0x1
                0x00000040                CY_METADATA_SIZE = 0x40
                0x00000000                CY_APPL_LOADABLE = 0x0
                0x00000000                CY_CHECKSUM_EXCLUDE_SIZE = ALIGN (0x0, CY_FLASH_ROW_SIZE)
                [!provide]                PROVIDE (__cy_heap_start, _end)
                0x00000001                PROVIDE (__cy_region_num, ((__cy_regions_end - __cy_regions) / 0x10))
                0x20008000                PROVIDE (__cy_stack, (ORIGIN (ram) + LENGTH (ram)))
                [!provide]                PROVIDE (__cy_heap_end, (__cy_stack - 0x2000))

.cybootloader   0x00000000        0x0
 *(.cybootloader)
                0x00000000                appl1_start = CY_APPL_ORIGIN?CY_APPL_ORIGIN:ALIGN (CY_FLASH_ROW_SIZE)
                0x0001ff00                appl2_start = (appl1_start + ALIGN ((((LENGTH (rom) - appl1_start) - (0x2 * CY_FLASH_ROW_SIZE)) / 0x2), CY_FLASH_ROW_SIZE))
                0x00000000                appl_start = (CY_APPL_NUM == 0x1)?appl1_start:appl2_start
                0x00000000                ecc_offset = ((appl_start / CY_FLASH_ROW_SIZE) * CY_ECC_ROW_SIZE)
                0x00000000                ee_offset = (CY_APPL_LOADABLE && ! (CY_EE_IN_BTLDR))?((CY_EE_SIZE / CY_APPL_MAX) * (CY_APPL_NUM - 0x1)):0x0
                0x00000800                ee_size = (CY_APPL_LOADABLE && ! (CY_EE_IN_BTLDR))?(CY_EE_SIZE / CY_APPL_MAX):CY_EE_SIZE
                [!provide]                PROVIDE (CY_ECC_OFFSET, ecc_offset)

.text           0x00000000     0x4528
 CREATE_OBJECT_SYMBOLS
                0x00000000                PROVIDE (__cy_interrupt_vector, RomVectors)
 *(.romvectors)
 .romvectors    0x00000000       0x10 .\CortexM3\ARM_GCC_541\Debug\Cm3Start.o
                0x00000000                RomVectors
                0x00000001                ASSERT ((. != __cy_interrupt_vector), No interrupt vector)
                0x00000001                ASSERT (CY_APPL_ORIGIN?(SIZEOF (.cybootloader) <= CY_APPL_ORIGIN):0x1, Wrong image location)
                0x00000010                PROVIDE (__cy_reset, Reset)
 *(.text.Reset)
 .text.Reset    0x00000010       0x18 .\CortexM3\ARM_GCC_541\Debug\Cm3Start.o
                0x00000010                Reset
                0x00000001                ASSERT ((. != __cy_reset), No reset code)
 *(.dma_init)
                0x00000001                ASSERT ((((appl_start + .) <= 0x10000) || 0x1), DMA Init must be within the first 64k of flash)
 *(.text .text.* .gnu.linkonce.t.*)
 .text          0x00000028       0x5c c:/program files (x86)/cypress/psoc creator/4.4/psoc creator/import/gnu/arm/5.4.1/bin/../lib/gcc/arm-none-eabi/5.4.1/armv7-m/crtbegin.o
 .text._ZN8Hardware5StartEv
                0x00000084        0xc .\CortexM3\ARM_GCC_541\Debug\main.o
                0x00000084                Hardware::Start()
 .text._ZNK10Foundation4Math11FixedMatrixIfLj2ELj2EEixEj
                0x00000090        0x8 .\CortexM3\ARM_GCC_541\Debug\main.o
                0x00000090                Foundation::Math::FixedMatrix<float, 2u, 2u>::operator[](unsigned int) const
 .text._ZL19PrintFixedMatrix2x2RKN10Foundation4Math11FixedMatrixIfLj2ELj2EEE
                0x00000098       0x68 .\CortexM3\ARM_GCC_541\Debug\main.o
 .text._ZNK10Foundation4Math13DynamicMatrixIfE9RowsCountEv
                0x00000100        0x4 .\CortexM3\ARM_GCC_541\Debug\main.o
                0x00000100                Foundation::Math::DynamicMatrix<float>::RowsCount() const
 .text._ZNK10Foundation4Math13DynamicMatrixIfE9ColsCountEv
                0x00000104        0x4 .\CortexM3\ARM_GCC_541\Debug\main.o
                0x00000104                Foundation::Math::DynamicMatrix<float>::ColsCount() const
 .text._ZNK10Foundation4Math13DynamicMatrixIfEixEj
                0x00000108       0x10 .\CortexM3\ARM_GCC_541\Debug\main.o
                0x00000108                Foundation::Math::DynamicMatrix<float>::operator[](unsigned int) const
 .text._ZL18PrintDynamicMatrixRKN10Foundation4Math13DynamicMatrixIfEE
                0x00000118       0x5c .\CortexM3\ARM_GCC_541\Debug\main.o
 .text._ZN10Foundation4Math11FixedMatrixIfLj2ELj2EEixEj
                0x00000174        0x8 .\CortexM3\ARM_GCC_541\Debug\main.o
                0x00000174                Foundation::Math::FixedMatrix<float, 2u, 2u>::operator[](unsigned int)
 .text._ZN10Foundation4Math8MultiplyIfLj2ELj2ELj2EEEvRKNS0_11FixedMatrixIT_XT0_EXT1_EEERKNS2_IS3_XT1_EXT2_EEERNS2_IS3_XT0_EXT2_EEE
                0x0000017c       0x70 .\CortexM3\ARM_GCC_541\Debug\main.o
                0x0000017c                void Foundation::Math::Multiply<float, 2u, 2u, 2u>(Foundation::Math::FixedMatrix<float, 2u, 2u> const&, Foundation::Math::FixedMatrix<float, 2u, 2u> const&, Foundation::Math::FixedMatrix<float, 2u, 2u>&)
 .text._ZN10Foundation4Math11FixedMatrixIfLj2ELj2EEmLEf
                0x000001ec       0x34 .\CortexM3\ARM_GCC_541\Debug\main.o
                0x000001ec                Foundation::Math::FixedMatrix<float, 2u, 2u>::operator*=(float)
 .text._ZN10Foundation4Math13DynamicMatrixIfEixEj
                0x00000220       0x10 .\CortexM3\ARM_GCC_541\Debug\main.o
                0x00000220                Foundation::Math::DynamicMatrix<float>::operator[](unsigned int)
 .text._ZN10Foundation4Math13DynamicMatrixIfE7ReleaseEv
                0x00000230       0x20 .\CortexM3\ARM_GCC_541\Debug\main.o
                0x00000230                Foundation::Math::DynamicMatrix<float>::Release()
 .text._ZN10Foundation4Math13DynamicMatrixIfE8AllocateEjj
                0x00000250       0x5c .\CortexM3\ARM_GCC_541\Debug\main.o
                0x00000250                Foundation::Math::DynamicMatrix<float>::Allocate(unsigned int, unsigned int)
 .text._ZNK10Foundation4Math13DynamicMatrixIfE4SizeEv
                0x000002ac        0xc .\CortexM3\ARM_GCC_541\Debug\main.o
                0x000002ac                Foundation::Math::DynamicMatrix<float>::Size() const
 .text._ZN10Foundation4Math13DynamicMatrixIfEmLEf
                0x000002b8       0x2c .\CortexM3\ARM_GCC_541\Debug\main.o
                0x000002b8                Foundation::Math::DynamicMatrix<float>::operator*=(float)
 .text._ZN10Foundation4Math11FixedMatrixIfLj2ELj2EE4FillEf
                0x000002e4       0x24 .\CortexM3\ARM_GCC_541\Debug\main.o
                0x000002e4                Foundation::Math::FixedMatrix<float, 2u, 2u>::Fill(float)
 .text._ZN10Foundation4Math11FixedMatrixIfLj2ELj2EE4ZeroEv
                0x00000308        0xc .\CortexM3\ARM_GCC_541\Debug\main.o
                0x00000308                Foundation::Math::FixedMatrix<float, 2u, 2u>::Zero()
 .text._ZN10Foundation4Math11FixedMatrixIfLj2ELj2EEC2Ev
                0x00000314        0xc .\CortexM3\ARM_GCC_541\Debug\main.o
                0x00000314                Foundation::Math::FixedMatrix<float, 2u, 2u>::FixedMatrix()
                0x00000314                Foundation::Math::FixedMatrix<float, 2u, 2u>::FixedMatrix()
 .text._ZN10Foundation4Math13DynamicMatrixIfE4FillEf
                0x00000320       0x20 .\CortexM3\ARM_GCC_541\Debug\main.o
                0x00000320                Foundation::Math::DynamicMatrix<float>::Fill(float)
 .text._ZN10Foundation4Math13DynamicMatrixIfE4ZeroEv
                0x00000340        0xc .\CortexM3\ARM_GCC_541\Debug\main.o
                0x00000340                Foundation::Math::DynamicMatrix<float>::Zero()
 .text._ZN10Foundation4Math13DynamicMatrixIfEC2Ejj
                0x0000034c       0x1c .\CortexM3\ARM_GCC_541\Debug\main.o
                0x0000034c                Foundation::Math::DynamicMatrix<float>::DynamicMatrix(unsigned int, unsigned int)
                0x0000034c                Foundation::Math::DynamicMatrix<float>::DynamicMatrix(unsigned int, unsigned int)
 .text._ZNK10Foundation4Math13DynamicMatrixIfE5IndexEjj
                0x00000368        0x8 .\CortexM3\ARM_GCC_541\Debug\main.o
                0x00000368                Foundation::Math::DynamicMatrix<float>::Index(unsigned int, unsigned int) const
 .text._ZNK10Foundation4Math13DynamicMatrixIfE2AtEjj
                0x00000370       0x10 .\CortexM3\ARM_GCC_541\Debug\main.o
                0x00000370                Foundation::Math::DynamicMatrix<float>::At(unsigned int, unsigned int) const
 .text._ZN10Foundation4Math13DynamicMatrixIfE2AtEjj
                0x00000380       0x10 .\CortexM3\ARM_GCC_541\Debug\main.o
                0x00000380                Foundation::Math::DynamicMatrix<float>::At(unsigned int, unsigned int)
 .text._ZN10Foundation4Math8MultiplyIfEEbRKNS0_13DynamicMatrixIT_EES6_RS4_
                0x00000390       0xbc .\CortexM3\ARM_GCC_541\Debug\main.o
                0x00000390                bool Foundation::Math::Multiply<float>(Foundation::Math::DynamicMatrix<float> const&, Foundation::Math::DynamicMatrix<float> const&, Foundation::Math::DynamicMatrix<float>&)
 .text.main     0x0000044c      0x174 .\CortexM3\ARM_GCC_541\Debug\main.o
                0x0000044c                main
 .text.MotorA_ISR
                0x000005c0        0x8 .\CortexM3\ARM_GCC_541\Debug\MotorsHW.o
                0x000005c0                MotorA_ISR
 .text.MotorB_ISR
                0x000005c8        0x8 .\CortexM3\ARM_GCC_541\Debug\MotorsHW.o
                0x000005c8                MotorB_ISR
 .text.MotorA_Start
                0x000005d0       0x1c .\CortexM3\ARM_GCC_541\Debug\MotorsHW.o
                0x000005d0                MotorA_Start
 .text.MotorB_Start
                0x000005ec       0x1c .\CortexM3\ARM_GCC_541\Debug\MotorsHW.o
                0x000005ec                MotorB_Start
 .text._ZN8Hardware6MotorA5StartEv
                0x00000608        0x8 .\CortexM3\ARM_GCC_541\Debug\Motors.o
                0x00000608                Hardware::MotorA::Start()
 .text._ZN8Hardware6MotorB5StartEv
                0x00000610        0x8 .\CortexM3\ARM_GCC_541\Debug\Motors.o
                0x00000610                Hardware::MotorB::Start()
 .text._ZN8Hardware12Motors_StartEv
                0x00000618        0xc .\CortexM3\ARM_GCC_541\Debug\Motors.o
                0x00000618                Hardware::Motors_Start()
 .text.ServoDriver_Start
                0x00000624       0x10 .\CortexM3\ARM_GCC_541\Debug\ServosHW.o
                0x00000624                ServoDriver_Start
 .text.ServoA_SetPositionNorm
                0x00000634       0x54 .\CortexM3\ARM_GCC_541\Debug\ServosHW.o
                0x00000634                ServoA_SetPositionNorm
 .text.ServoB_SetPositionNorm
                0x00000688       0x54 .\CortexM3\ARM_GCC_541\Debug\ServosHW.o
                0x00000688                ServoB_SetPositionNorm
 .text.ServoC_SetPositionNorm
                0x000006dc       0x54 .\CortexM3\ARM_GCC_541\Debug\ServosHW.o
                0x000006dc                ServoC_SetPositionNorm
 .text.ServoD_SetPositionNorm
                0x00000730       0x54 .\CortexM3\ARM_GCC_541\Debug\ServosHW.o
                0x00000730                ServoD_SetPositionNorm
 .text._ZN8Hardware6ServoA15SetPositionNormEf
                0x00000784        0x8 .\CortexM3\ARM_GCC_541\Debug\Servos.o
                0x00000784                Hardware::ServoA::SetPositionNorm(float)
 .text._ZN8Hardware6ServoB15SetPositionNormEf
                0x0000078c        0x8 .\CortexM3\ARM_GCC_541\Debug\Servos.o
                0x0000078c                Hardware::ServoB::SetPositionNorm(float)
 .text._ZN8Hardware6ServoC15SetPositionNormEf
                0x00000794        0x8 .\CortexM3\ARM_GCC_541\Debug\Servos.o
                0x00000794                Hardware::ServoC::SetPositionNorm(float)
 .text._ZN8Hardware6ServoD15SetPositionNormEf
                0x0000079c        0x8 .\CortexM3\ARM_GCC_541\Debug\Servos.o
                0x0000079c                Hardware::ServoD::SetPositionNorm(float)
 .text._ZN8Hardware12Servos_StartEv
                0x000007a4       0x24 .\CortexM3\ARM_GCC_541\Debug\Servos.o
                0x000007a4                Hardware::Servos_Start()
 .text.CyClockStartupError
                0x000007c8        0x4 .\CortexM3\ARM_GCC_541\Debug\cyfitter_cfg.o
 .text.cfg_write_bytes32
                0x000007cc       0x34 .\CortexM3\ARM_GCC_541\Debug\cyfitter_cfg.o
 .text.AnalogSetDefault
                0x00000800       0x28 .\CortexM3\ARM_GCC_541\Debug\cyfitter_cfg.o
 .text.CYMEMZERO
                0x00000828        0xc .\CortexM3\ARM_GCC_541\Debug\cyfitter_cfg.o
 .text.ClockSetup
                0x00000834       0xd0 .\CortexM3\ARM_GCC_541\Debug\cyfitter_cfg.o
 .text.CYCONFIGCPY
                0x00000904        0x8 .\CortexM3\ARM_GCC_541\Debug\cyfitter_cfg.o
 .text.cyfitter_cfg
                0x0000090c      0x164 .\CortexM3\ARM_GCC_541\Debug\cyfitter_cfg.o
                0x0000090c                cyfitter_cfg
 .text.IntDefaultHandler
                0x00000a70       0x10 .\CortexM3\ARM_GCC_541\Debug\Cm3Start.o
                0x00000a70                IntDefaultHandler
 .text._exit    0x00000a80        0xc .\CortexM3\ARM_GCC_541\Debug\Cm3Start.o
                0x00000a80                _exit
 .text._sbrk    0x00000a8c       0x30 .\CortexM3\ARM_GCC_541\Debug\Cm3Start.o
                0x00000a8c                _sbrk
 .text.Start_c  0x00000abc       0x4c .\CortexM3\ARM_GCC_541\Debug\Cm3Start.o
                0x00000abc                Start_c
 .text.initialize_psoc
                0x00000b08       0x68 .\CortexM3\ARM_GCC_541\Debug\Cm3Start.o
                0x00000b08                initialize_psoc
 .text.MotorA_PWM_Enable
                0x00000b70       0x10 .\CortexM3\ARM_GCC_541\Debug\MotorPID.a(MotorA_PWM.o)
                0x00000b70                MotorA_PWM_Enable
 .text.MotorA_PWM_WriteCounter
                0x00000b80        0xc .\CortexM3\ARM_GCC_541\Debug\MotorPID.a(MotorA_PWM.o)
                0x00000b80                MotorA_PWM_WriteCounter
 .text.MotorA_PWM_WritePeriod
                0x00000b8c        0xc .\CortexM3\ARM_GCC_541\Debug\MotorPID.a(MotorA_PWM.o)
                0x00000b8c                MotorA_PWM_WritePeriod
 .text.MotorA_PWM_WriteCompare
                0x00000b98        0xc .\CortexM3\ARM_GCC_541\Debug\MotorPID.a(MotorA_PWM.o)
                0x00000b98                MotorA_PWM_WriteCompare
 .text.MotorA_PWM_SetInterruptMode
                0x00000ba4        0xc .\CortexM3\ARM_GCC_541\Debug\MotorPID.a(MotorA_PWM.o)
                0x00000ba4                MotorA_PWM_SetInterruptMode
 .text.MotorA_PWM_ReadStatusRegister
                0x00000bb0        0xc .\CortexM3\ARM_GCC_541\Debug\MotorPID.a(MotorA_PWM.o)
                0x00000bb0                MotorA_PWM_ReadStatusRegister
 .text.MotorA_PWM_ReadCapture
                0x00000bbc        0xc .\CortexM3\ARM_GCC_541\Debug\MotorPID.a(MotorA_PWM.o)
                0x00000bbc                MotorA_PWM_ReadCapture
 .text.MotorA_PWM_ClearFIFO
                0x00000bc8       0x14 .\CortexM3\ARM_GCC_541\Debug\MotorPID.a(MotorA_PWM.o)
                0x00000bc8                MotorA_PWM_ClearFIFO
 .text.MotorA_PWM_Init
                0x00000bdc       0x60 .\CortexM3\ARM_GCC_541\Debug\MotorPID.a(MotorA_PWM.o)
                0x00000bdc                MotorA_PWM_Init
 .text.MotorA_PWM_Start
                0x00000c3c       0x1c .\CortexM3\ARM_GCC_541\Debug\MotorPID.a(MotorA_PWM.o)
                0x00000c3c                MotorA_PWM_Start
 .text.MotorA_ISR_SetVector
                0x00000c58        0xc .\CortexM3\ARM_GCC_541\Debug\MotorPID.a(MotorA_ISR.o)
                0x00000c58                MotorA_ISR_SetVector
 .text.MotorA_ISR_SetPriority
                0x00000c64       0x10 .\CortexM3\ARM_GCC_541\Debug\MotorPID.a(MotorA_ISR.o)
                0x00000c64                MotorA_ISR_SetPriority
 .text.MotorA_ISR_Enable
                0x00000c74        0xc .\CortexM3\ARM_GCC_541\Debug\MotorPID.a(MotorA_ISR.o)
                0x00000c74                MotorA_ISR_Enable
 .text.MotorA_ISR_Disable
                0x00000c80        0xc .\CortexM3\ARM_GCC_541\Debug\MotorPID.a(MotorA_ISR.o)
                0x00000c80                MotorA_ISR_Disable
 .text.MotorA_ISR_StartEx
                0x00000c8c       0x1c .\CortexM3\ARM_GCC_541\Debug\MotorPID.a(MotorA_ISR.o)
                0x00000c8c                MotorA_ISR_StartEx
 .text.MotorA_QuadDec_GetEvents
                0x00000ca8       0x10 .\CortexM3\ARM_GCC_541\Debug\MotorPID.a(MotorA_QuadDec.o)
                0x00000ca8                MotorA_QuadDec_GetEvents
 .text.MotorA_QuadDec_SetInterruptMask
                0x00000cb8        0xc .\CortexM3\ARM_GCC_541\Debug\MotorPID.a(MotorA_QuadDec.o)
                0x00000cb8                MotorA_QuadDec_SetInterruptMask
 .text.MotorA_QuadDec_Enable
                0x00000cc4       0x24 .\CortexM3\ARM_GCC_541\Debug\MotorPID.a(MotorA_QuadDec.o)
                0x00000cc4                MotorA_QuadDec_Enable
 .text.MotorA_QuadDec_Start
                0x00000ce8       0x24 .\CortexM3\ARM_GCC_541\Debug\MotorPID.a(MotorA_QuadDec.o)
                0x00000ce8                MotorA_QuadDec_Start
 .text.ServoAB_Enable
                0x00000d0c       0x10 .\CortexM3\ARM_GCC_541\Debug\MotorPID.a(ServoAB.o)
                0x00000d0c                ServoAB_Enable
 .text.ServoAB_WriteCounter
                0x00000d1c        0xc .\CortexM3\ARM_GCC_541\Debug\MotorPID.a(ServoAB.o)
                0x00000d1c                ServoAB_WriteCounter
 .text.ServoAB_WritePeriod
                0x00000d28        0xc .\CortexM3\ARM_GCC_541\Debug\MotorPID.a(ServoAB.o)
                0x00000d28                ServoAB_WritePeriod
 .text.ServoAB_WriteCompare1
                0x00000d34        0xc .\CortexM3\ARM_GCC_541\Debug\MotorPID.a(ServoAB.o)
                0x00000d34                ServoAB_WriteCompare1
 .text.ServoAB_WriteCompare2
                0x00000d40        0xc .\CortexM3\ARM_GCC_541\Debug\MotorPID.a(ServoAB.o)
                0x00000d40                ServoAB_WriteCompare2
 .text.ServoAB_SetInterruptMode
                0x00000d4c        0xc .\CortexM3\ARM_GCC_541\Debug\MotorPID.a(ServoAB.o)
                0x00000d4c                ServoAB_SetInterruptMode
 .text.ServoAB_ReadStatusRegister
                0x00000d58        0xc .\CortexM3\ARM_GCC_541\Debug\MotorPID.a(ServoAB.o)
                0x00000d58                ServoAB_ReadStatusRegister
 .text.ServoAB_ReadCapture
                0x00000d64        0xc .\CortexM3\ARM_GCC_541\Debug\MotorPID.a(ServoAB.o)
                0x00000d64                ServoAB_ReadCapture
 .text.ServoAB_ClearFIFO
                0x00000d70       0x14 .\CortexM3\ARM_GCC_541\Debug\MotorPID.a(ServoAB.o)
                0x00000d70                ServoAB_ClearFIFO
 .text.ServoAB_Init
                0x00000d84       0x68 .\CortexM3\ARM_GCC_541\Debug\MotorPID.a(ServoAB.o)
                0x00000d84                ServoAB_Init
 .text.ServoAB_Start
                0x00000dec       0x1c .\CortexM3\ARM_GCC_541\Debug\MotorPID.a(ServoAB.o)
                0x00000dec                ServoAB_Start
 .text.ServoAB_ReadPeriod
                0x00000e08        0xc .\CortexM3\ARM_GCC_541\Debug\MotorPID.a(ServoAB.o)
                0x00000e08                ServoAB_ReadPeriod
 .text.Servo_PWM_Enable
                0x00000e14       0x10 .\CortexM3\ARM_GCC_541\Debug\MotorPID.a(Servo_PWM.o)
                0x00000e14                Servo_PWM_Enable
 .text.Servo_PWM_WriteCounter
                0x00000e24        0xc .\CortexM3\ARM_GCC_541\Debug\MotorPID.a(Servo_PWM.o)
                0x00000e24                Servo_PWM_WriteCounter
 .text.Servo_PWM_WritePeriod
                0x00000e30        0xc .\CortexM3\ARM_GCC_541\Debug\MotorPID.a(Servo_PWM.o)
                0x00000e30                Servo_PWM_WritePeriod
 .text.Servo_PWM_WriteCompare1
                0x00000e3c        0xc .\CortexM3\ARM_GCC_541\Debug\MotorPID.a(Servo_PWM.o)
                0x00000e3c                Servo_PWM_WriteCompare1
 .text.Servo_PWM_WriteCompare2
                0x00000e48        0xc .\CortexM3\ARM_GCC_541\Debug\MotorPID.a(Servo_PWM.o)
                0x00000e48                Servo_PWM_WriteCompare2
 .text.Servo_PWM_SetInterruptMode
                0x00000e54        0xc .\CortexM3\ARM_GCC_541\Debug\MotorPID.a(Servo_PWM.o)
                0x00000e54                Servo_PWM_SetInterruptMode
 .text.Servo_PWM_ReadStatusRegister
                0x00000e60        0xc .\CortexM3\ARM_GCC_541\Debug\MotorPID.a(Servo_PWM.o)
                0x00000e60                Servo_PWM_ReadStatusRegister
 .text.Servo_PWM_ReadCapture
                0x00000e6c        0xc .\CortexM3\ARM_GCC_541\Debug\MotorPID.a(Servo_PWM.o)
                0x00000e6c                Servo_PWM_ReadCapture
 .text.Servo_PWM_ClearFIFO
                0x00000e78       0x14 .\CortexM3\ARM_GCC_541\Debug\MotorPID.a(Servo_PWM.o)
                0x00000e78                Servo_PWM_ClearFIFO
 .text.Servo_PWM_Init
                0x00000e8c       0x6c .\CortexM3\ARM_GCC_541\Debug\MotorPID.a(Servo_PWM.o)
                0x00000e8c                Servo_PWM_Init
 .text.Servo_PWM_Start
                0x00000ef8       0x1c .\CortexM3\ARM_GCC_541\Debug\MotorPID.a(Servo_PWM.o)
                0x00000ef8                Servo_PWM_Start
 .text.MotorA_QuadDec_Cnt16_Enable
                0x00000f14       0x10 .\CortexM3\ARM_GCC_541\Debug\MotorPID.a(MotorA_QuadDec_Cnt16.o)
                0x00000f14                MotorA_QuadDec_Cnt16_Enable
 .text.MotorA_QuadDec_Cnt16_SetInterruptMode
                0x00000f24        0xc .\CortexM3\ARM_GCC_541\Debug\MotorPID.a(MotorA_QuadDec_Cnt16.o)
                0x00000f24                MotorA_QuadDec_Cnt16_SetInterruptMode
 .text.MotorA_QuadDec_Cnt16_ReadStatusRegister
                0x00000f30        0xc .\CortexM3\ARM_GCC_541\Debug\MotorPID.a(MotorA_QuadDec_Cnt16.o)
                0x00000f30                MotorA_QuadDec_Cnt16_ReadStatusRegister
 .text.MotorA_QuadDec_Cnt16_WriteCounter
                0x00000f3c        0xc .\CortexM3\ARM_GCC_541\Debug\MotorPID.a(MotorA_QuadDec_Cnt16.o)
                0x00000f3c                MotorA_QuadDec_Cnt16_WriteCounter
 .text.MotorA_QuadDec_Cnt16_ReadCapture
                0x00000f48        0xc .\CortexM3\ARM_GCC_541\Debug\MotorPID.a(MotorA_QuadDec_Cnt16.o)
                0x00000f48                MotorA_QuadDec_Cnt16_ReadCapture
 .text.MotorA_QuadDec_Cnt16_WritePeriod
                0x00000f54        0xc .\CortexM3\ARM_GCC_541\Debug\MotorPID.a(MotorA_QuadDec_Cnt16.o)
                0x00000f54                MotorA_QuadDec_Cnt16_WritePeriod
 .text.MotorA_QuadDec_Cnt16_WriteCompare
                0x00000f60        0xc .\CortexM3\ARM_GCC_541\Debug\MotorPID.a(MotorA_QuadDec_Cnt16.o)
                0x00000f60                MotorA_QuadDec_Cnt16_WriteCompare
 .text.MotorA_QuadDec_Cnt16_ClearFIFO
                0x00000f6c       0x14 .\CortexM3\ARM_GCC_541\Debug\MotorPID.a(MotorA_QuadDec_Cnt16.o)
                0x00000f6c                MotorA_QuadDec_Cnt16_ClearFIFO
 .text.MotorA_QuadDec_Cnt16_Init
                0x00000f80       0x58 .\CortexM3\ARM_GCC_541\Debug\MotorPID.a(MotorA_QuadDec_Cnt16.o)
                0x00000f80                MotorA_QuadDec_Cnt16_Init
 .text.MotorA_QuadDec_Cnt16_Start
                0x00000fd8       0x1c .\CortexM3\ARM_GCC_541\Debug\MotorPID.a(MotorA_QuadDec_Cnt16.o)
                0x00000fd8                MotorA_QuadDec_Cnt16_Start
 .text.CyHalt   0x00000ff4        0x4 .\CortexM3\ARM_GCC_541\Debug\MotorPID.a(CyLib.o)
                0x00000ff4                CyHalt
 .text.UART_Init
                0x00000ff8       0x24 .\CortexM3\ARM_GCC_541\Debug\MotorPID.a(UART.o)
                0x00000ff8                UART_Init
 .text.UART_Enable
                0x0000101c       0x38 .\CortexM3\ARM_GCC_541\Debug\MotorPID.a(UART.o)
                0x0000101c                UART_Enable
 .text.UART_Start
                0x00001054       0x1c .\CortexM3\ARM_GCC_541\Debug\MotorPID.a(UART.o)
                0x00001054                UART_Start
 .text.UART_PutChar
                0x00001070       0x18 .\CortexM3\ARM_GCC_541\Debug\MotorPID.a(UART.o)
                0x00001070                UART_PutChar
 .text.UART_PutString
                0x00001088       0x24 .\CortexM3\ARM_GCC_541\Debug\MotorPID.a(UART.o)
                0x00001088                UART_PutString
 .text.UART_IntClock_Start
                0x000010ac       0x1c .\CortexM3\ARM_GCC_541\Debug\MotorPID.a(UART_IntClock.o)
                0x000010ac                UART_IntClock_Start
 .text.ServoCD_Enable
                0x000010c8       0x10 .\CortexM3\ARM_GCC_541\Debug\MotorPID.a(ServoCD.o)
                0x000010c8                ServoCD_Enable
 .text.ServoCD_WriteCounter
                0x000010d8        0xc .\CortexM3\ARM_GCC_541\Debug\MotorPID.a(ServoCD.o)
                0x000010d8                ServoCD_WriteCounter
 .text.ServoCD_WritePeriod
                0x000010e4        0xc .\CortexM3\ARM_GCC_541\Debug\MotorPID.a(ServoCD.o)
                0x000010e4                ServoCD_WritePeriod
 .text.ServoCD_WriteCompare1
                0x000010f0        0xc .\CortexM3\ARM_GCC_541\Debug\MotorPID.a(ServoCD.o)
                0x000010f0                ServoCD_WriteCompare1
 .text.ServoCD_WriteCompare2
                0x000010fc        0xc .\CortexM3\ARM_GCC_541\Debug\MotorPID.a(ServoCD.o)
                0x000010fc                ServoCD_WriteCompare2
 .text.ServoCD_SetInterruptMode
                0x00001108        0xc .\CortexM3\ARM_GCC_541\Debug\MotorPID.a(ServoCD.o)
                0x00001108                ServoCD_SetInterruptMode
 .text.ServoCD_ReadStatusRegister
                0x00001114        0xc .\CortexM3\ARM_GCC_541\Debug\MotorPID.a(ServoCD.o)
                0x00001114                ServoCD_ReadStatusRegister
 .text.ServoCD_ReadCapture
                0x00001120        0xc .\CortexM3\ARM_GCC_541\Debug\MotorPID.a(ServoCD.o)
                0x00001120                ServoCD_ReadCapture
 .text.ServoCD_ClearFIFO
                0x0000112c       0x14 .\CortexM3\ARM_GCC_541\Debug\MotorPID.a(ServoCD.o)
                0x0000112c                ServoCD_ClearFIFO
 .text.ServoCD_Init
                0x00001140       0x64 .\CortexM3\ARM_GCC_541\Debug\MotorPID.a(ServoCD.o)
                0x00001140                ServoCD_Init
 .text.ServoCD_Start
                0x000011a4       0x1c .\CortexM3\ARM_GCC_541\Debug\MotorPID.a(ServoCD.o)
                0x000011a4                ServoCD_Start
 .text.ServoCD_ReadPeriod
                0x000011c0        0xc .\CortexM3\ARM_GCC_541\Debug\MotorPID.a(ServoCD.o)
                0x000011c0                ServoCD_ReadPeriod
 .text.MotorB_QuadDec_GetEvents
                0x000011cc       0x10 .\CortexM3\ARM_GCC_541\Debug\MotorPID.a(MotorB_QuadDec.o)
                0x000011cc                MotorB_QuadDec_GetEvents
 .text.MotorB_QuadDec_SetInterruptMask
                0x000011dc        0xc .\CortexM3\ARM_GCC_541\Debug\MotorPID.a(MotorB_QuadDec.o)
                0x000011dc                MotorB_QuadDec_SetInterruptMask
 .text.MotorB_QuadDec_Enable
                0x000011e8       0x24 .\CortexM3\ARM_GCC_541\Debug\MotorPID.a(MotorB_QuadDec.o)
                0x000011e8                MotorB_QuadDec_Enable
 .text.MotorB_QuadDec_Start
                0x0000120c       0x24 .\CortexM3\ARM_GCC_541\Debug\MotorPID.a(MotorB_QuadDec.o)
                0x0000120c                MotorB_QuadDec_Start
 .text.MotorB_ISR_SetVector
                0x00001230        0xc .\CortexM3\ARM_GCC_541\Debug\MotorPID.a(MotorB_ISR.o)
                0x00001230                MotorB_ISR_SetVector
 .text.MotorB_ISR_SetPriority
                0x0000123c       0x10 .\CortexM3\ARM_GCC_541\Debug\MotorPID.a(MotorB_ISR.o)
                0x0000123c                MotorB_ISR_SetPriority
 .text.MotorB_ISR_Enable
                0x0000124c        0xc .\CortexM3\ARM_GCC_541\Debug\MotorPID.a(MotorB_ISR.o)
                0x0000124c                MotorB_ISR_Enable
 .text.MotorB_ISR_Disable
                0x00001258        0xc .\CortexM3\ARM_GCC_541\Debug\MotorPID.a(MotorB_ISR.o)
                0x00001258                MotorB_ISR_Disable
 .text.MotorB_ISR_StartEx
                0x00001264       0x1c .\CortexM3\ARM_GCC_541\Debug\MotorPID.a(MotorB_ISR.o)
                0x00001264                MotorB_ISR_StartEx
 .text.MotorB_PWM_Enable
                0x00001280       0x10 .\CortexM3\ARM_GCC_541\Debug\MotorPID.a(MotorB_PWM.o)
                0x00001280                MotorB_PWM_Enable
 .text.MotorB_PWM_WriteCounter
                0x00001290        0xc .\CortexM3\ARM_GCC_541\Debug\MotorPID.a(MotorB_PWM.o)
                0x00001290                MotorB_PWM_WriteCounter
 .text.MotorB_PWM_WritePeriod
                0x0000129c        0xc .\CortexM3\ARM_GCC_541\Debug\MotorPID.a(MotorB_PWM.o)
                0x0000129c                MotorB_PWM_WritePeriod
 .text.MotorB_PWM_WriteCompare
                0x000012a8        0xc .\CortexM3\ARM_GCC_541\Debug\MotorPID.a(MotorB_PWM.o)
                0x000012a8                MotorB_PWM_WriteCompare
 .text.MotorB_PWM_SetInterruptMode
                0x000012b4        0xc .\CortexM3\ARM_GCC_541\Debug\MotorPID.a(MotorB_PWM.o)
                0x000012b4                MotorB_PWM_SetInterruptMode
 .text.MotorB_PWM_ReadStatusRegister
                0x000012c0        0xc .\CortexM3\ARM_GCC_541\Debug\MotorPID.a(MotorB_PWM.o)
                0x000012c0                MotorB_PWM_ReadStatusRegister
 .text.MotorB_PWM_ReadCapture
                0x000012cc        0xc .\CortexM3\ARM_GCC_541\Debug\MotorPID.a(MotorB_PWM.o)
                0x000012cc                MotorB_PWM_ReadCapture
 .text.MotorB_PWM_ClearFIFO
                0x000012d8       0x14 .\CortexM3\ARM_GCC_541\Debug\MotorPID.a(MotorB_PWM.o)
                0x000012d8                MotorB_PWM_ClearFIFO
 .text.MotorB_PWM_Init
                0x000012ec       0x60 .\CortexM3\ARM_GCC_541\Debug\MotorPID.a(MotorB_PWM.o)
                0x000012ec                MotorB_PWM_Init
 .text.MotorB_PWM_Start
                0x0000134c       0x1c .\CortexM3\ARM_GCC_541\Debug\MotorPID.a(MotorB_PWM.o)
                0x0000134c                MotorB_PWM_Start
 .text.MotorB_QuadDec_Cnt16_Enable
                0x00001368       0x10 .\CortexM3\ARM_GCC_541\Debug\MotorPID.a(MotorB_QuadDec_Cnt16.o)
                0x00001368                MotorB_QuadDec_Cnt16_Enable
 .text.MotorB_QuadDec_Cnt16_SetInterruptMode
                0x00001378        0xc .\CortexM3\ARM_GCC_541\Debug\MotorPID.a(MotorB_QuadDec_Cnt16.o)
                0x00001378                MotorB_QuadDec_Cnt16_SetInterruptMode
 .text.MotorB_QuadDec_Cnt16_ReadStatusRegister
                0x00001384        0xc .\CortexM3\ARM_GCC_541\Debug\MotorPID.a(MotorB_QuadDec_Cnt16.o)
                0x00001384                MotorB_QuadDec_Cnt16_ReadStatusRegister
 .text.MotorB_QuadDec_Cnt16_WriteCounter
                0x00001390        0xc .\CortexM3\ARM_GCC_541\Debug\MotorPID.a(MotorB_QuadDec_Cnt16.o)
                0x00001390                MotorB_QuadDec_Cnt16_WriteCounter
 .text.MotorB_QuadDec_Cnt16_ReadCapture
                0x0000139c        0xc .\CortexM3\ARM_GCC_541\Debug\MotorPID.a(MotorB_QuadDec_Cnt16.o)
                0x0000139c                MotorB_QuadDec_Cnt16_ReadCapture
 .text.MotorB_QuadDec_Cnt16_WritePeriod
                0x000013a8        0xc .\CortexM3\ARM_GCC_541\Debug\MotorPID.a(MotorB_QuadDec_Cnt16.o)
                0x000013a8                MotorB_QuadDec_Cnt16_WritePeriod
 .text.MotorB_QuadDec_Cnt16_WriteCompare
                0x000013b4        0xc .\CortexM3\ARM_GCC_541\Debug\MotorPID.a(MotorB_QuadDec_Cnt16.o)
                0x000013b4                MotorB_QuadDec_Cnt16_WriteCompare
 .text.MotorB_QuadDec_Cnt16_ClearFIFO
                0x000013c0       0x14 .\CortexM3\ARM_GCC_541\Debug\MotorPID.a(MotorB_QuadDec_Cnt16.o)
                0x000013c0                MotorB_QuadDec_Cnt16_ClearFIFO
 .text.MotorB_QuadDec_Cnt16_Init
                0x000013d4       0x58 .\CortexM3\ARM_GCC_541\Debug\MotorPID.a(MotorB_QuadDec_Cnt16.o)
                0x000013d4                MotorB_QuadDec_Cnt16_Init
 .text.MotorB_QuadDec_Cnt16_Start
                0x0000142c       0x1c .\CortexM3\ARM_GCC_541\Debug\MotorPID.a(MotorB_QuadDec_Cnt16.o)
                0x0000142c                MotorB_QuadDec_Cnt16_Start
 .text          0x00001448       0x20 .\CortexM3\ARM_GCC_541\Debug\MotorPID.a(CyBootAsmGnu.o)
                0x00001448                CyDelayCycles
                0x00001458                CyEnterCriticalSection
                0x00001460                CyExitCriticalSection
 .text._ZdaPv   0x00001468        0x4 c:/program files (x86)/cypress/psoc creator/4.4/psoc creator/import/gnu/arm/5.4.1/bin/../lib/gcc/arm-none-eabi/5.4.1/../../../../arm-none-eabi/lib/armv7-m\libstdc++_nano.a(del_opv.o)
                0x00001468                operator delete[](void*)
 .text._ZdlPv   0x0000146c        0x4 c:/program files (x86)/cypress/psoc creator/4.4/psoc creator/import/gnu/arm/5.4.1/bin/../lib/gcc/arm-none-eabi/5.4.1/../../../../arm-none-eabi/lib/armv7-m\libstdc++_nano.a(del_op.o)
                0x0000146c                operator delete(void*)
 .text._Znaj    0x00001470        0x4 c:/program files (x86)/cypress/psoc creator/4.4/psoc creator/import/gnu/arm/5.4.1/bin/../lib/gcc/arm-none-eabi/5.4.1/../../../../arm-none-eabi/lib/armv7-m\libstdc++_nano.a(new_opv.o)
                0x00001470                operator new[](unsigned int)
 .text._Znwj    0x00001474       0x22 c:/program files (x86)/cypress/psoc creator/4.4/psoc creator/import/gnu/arm/5.4.1/bin/../lib/gcc/arm-none-eabi/5.4.1/../../../../arm-none-eabi/lib/armv7-m\libstdc++_nano.a(new_op.o)
                0x00001474                operator new(unsigned int)
 *fill*         0x00001496        0x2 
 .text._ZSt15get_new_handlerv
                0x00001498       0x10 c:/program files (x86)/cypress/psoc creator/4.4/psoc creator/import/gnu/arm/5.4.1/bin/../lib/gcc/arm-none-eabi/5.4.1/../../../../arm-none-eabi/lib/armv7-m\libstdc++_nano.a(new_handler.o)
                0x00001498                std::get_new_handler()
 .text          0x000014a8      0x370 c:/program files (x86)/cypress/psoc creator/4.4/psoc creator/import/gnu/arm/5.4.1/bin/../lib/gcc/arm-none-eabi/5.4.1/armv7-m\libgcc.a(_arm_addsubdf3.o)
                0x000014a8                __aeabi_drsub
                0x000014b0                __aeabi_dsub
                0x000014b0                __subdf3
                0x000014b4                __aeabi_dadd
                0x000014b4                __adddf3
                0x0000172c                __floatunsidf
                0x0000172c                __aeabi_ui2d
                0x0000174c                __floatsidf
                0x0000174c                __aeabi_i2d
                0x00001770                __aeabi_f2d
                0x00001770                __extendsfdf2
                0x000017ac                __floatundidf
                0x000017ac                __aeabi_ul2d
                0x000017bc                __floatdidf
                0x000017bc                __aeabi_l2d
 .text          0x00001818      0x424 c:/program files (x86)/cypress/psoc creator/4.4/psoc creator/import/gnu/arm/5.4.1/bin/../lib/gcc/arm-none-eabi/5.4.1/armv7-m\libgcc.a(_arm_muldivdf3.o)
                0x00001818                __aeabi_dmul
                0x00001818                __muldf3
                0x00001a6c                __divdf3
                0x00001a6c                __aeabi_ddiv
 .text          0x00001c3c       0x40 c:/program files (x86)/cypress/psoc creator/4.4/psoc creator/import/gnu/arm/5.4.1/bin/../lib/gcc/arm-none-eabi/5.4.1/armv7-m\libgcc.a(_arm_fixunsdfsi.o)
                0x00001c3c                __aeabi_d2uiz
                0x00001c3c                __fixunsdfsi
 .text          0x00001c7c      0x21c c:/program files (x86)/cypress/psoc creator/4.4/psoc creator/import/gnu/arm/5.4.1/bin/../lib/gcc/arm-none-eabi/5.4.1/armv7-m\libgcc.a(_arm_addsubsf3.o)
                0x00001c7c                __aeabi_frsub
                0x00001c84                __subsf3
                0x00001c84                __aeabi_fsub
                0x00001c88                __aeabi_fadd
                0x00001c88                __addsf3
                0x00001de8                __aeabi_ui2f
                0x00001de8                __floatunsisf
                0x00001df0                __aeabi_i2f
                0x00001df0                __floatsisf
                0x00001e0c                __aeabi_ul2f
                0x00001e0c                __floatundisf
                0x00001e1c                __aeabi_l2f
                0x00001e1c                __floatdisf
 .text          0x00001e98      0x2a0 c:/program files (x86)/cypress/psoc creator/4.4/psoc creator/import/gnu/arm/5.4.1/bin/../lib/gcc/arm-none-eabi/5.4.1/armv7-m\libgcc.a(_arm_muldivsf3.o)
                0x00001e98                __mulsf3
                0x00001e98                __aeabi_fmul
                0x00002000                __aeabi_fdiv
                0x00002000                __divsf3
 .text          0x00002138       0xec c:/program files (x86)/cypress/psoc creator/4.4/psoc creator/import/gnu/arm/5.4.1/bin/../lib/gcc/arm-none-eabi/5.4.1/armv7-m\libgcc.a(_arm_cmpsf2.o)
                0x00002138                __gesf2
                0x00002138                __gtsf2
                0x00002140                __lesf2
                0x00002140                __ltsf2
                0x00002148                __nesf2
                0x00002148                __eqsf2
                0x00002148                __cmpsf2
                0x000021a8                __aeabi_cfrcmple
                0x000021b0                __aeabi_cfcmpeq
                0x000021b0                __aeabi_cfcmple
                0x000021c0                __aeabi_fcmpeq
                0x000021d4                __aeabi_fcmplt
                0x000021e8                __aeabi_fcmple
                0x000021fc                __aeabi_fcmpge
                0x00002210                __aeabi_fcmpgt
 .text.abort    0x00002224        0xe c:/program files (x86)/cypress/psoc creator/4.4/psoc creator/import/gnu/arm/5.4.1/bin/../lib/gcc/arm-none-eabi/5.4.1/../../../../arm-none-eabi/lib/armv7-m\libg_nano.a(lib_a-abort.o)
                0x00002224                abort
 *fill*         0x00002232        0x2 
 .text.__errno  0x00002234        0xc c:/program files (x86)/cypress/psoc creator/4.4/psoc creator/import/gnu/arm/5.4.1/bin/../lib/gcc/arm-none-eabi/5.4.1/../../../../arm-none-eabi/lib/armv7-m\libg_nano.a(lib_a-errno.o)
                0x00002234                __errno
 .text.__libc_init_array
                0x00002240       0x4c c:/program files (x86)/cypress/psoc creator/4.4/psoc creator/import/gnu/arm/5.4.1/bin/../lib/gcc/arm-none-eabi/5.4.1/../../../../arm-none-eabi/lib/armv7-m\libg_nano.a(lib_a-init.o)
                0x00002240                __libc_init_array
 .text.malloc   0x0000228c       0x10 c:/program files (x86)/cypress/psoc creator/4.4/psoc creator/import/gnu/arm/5.4.1/bin/../lib/gcc/arm-none-eabi/5.4.1/../../../../arm-none-eabi/lib/armv7-m\libg_nano.a(lib_a-malloc.o)
                0x0000228c                malloc
 .text.free     0x0000229c       0x10 c:/program files (x86)/cypress/psoc creator/4.4/psoc creator/import/gnu/arm/5.4.1/bin/../lib/gcc/arm-none-eabi/5.4.1/../../../../arm-none-eabi/lib/armv7-m\libg_nano.a(lib_a-malloc.o)
                0x0000229c                free
 .text.memcpy   0x000022ac       0x16 c:/program files (x86)/cypress/psoc creator/4.4/psoc creator/import/gnu/arm/5.4.1/bin/../lib/gcc/arm-none-eabi/5.4.1/../../../../arm-none-eabi/lib/armv7-m\libg_nano.a(lib_a-memcpy-stub.o)
                0x000022ac                memcpy
 .text.memset   0x000022c2       0x10 c:/program files (x86)/cypress/psoc creator/4.4/psoc creator/import/gnu/arm/5.4.1/bin/../lib/gcc/arm-none-eabi/5.4.1/../../../../arm-none-eabi/lib/armv7-m\libg_nano.a(lib_a-memset.o)
                0x000022c2                memset
 *fill*         0x000022d2        0x2 
 .text._free_r  0x000022d4       0x98 c:/program files (x86)/cypress/psoc creator/4.4/psoc creator/import/gnu/arm/5.4.1/bin/../lib/gcc/arm-none-eabi/5.4.1/../../../../arm-none-eabi/lib/armv7-m\libg_nano.a(lib_a-nano-freer.o)
                0x000022d4                _free_r
 .text._malloc_r
                0x0000236c       0xbc c:/program files (x86)/cypress/psoc creator/4.4/psoc creator/import/gnu/arm/5.4.1/bin/../lib/gcc/arm-none-eabi/5.4.1/../../../../arm-none-eabi/lib/armv7-m\libg_nano.a(lib_a-nano-mallocr.o)
                0x0000236c                _malloc_r
 .text.__cvt    0x00002428       0xc0 c:/program files (x86)/cypress/psoc creator/4.4/psoc creator/import/gnu/arm/5.4.1/bin/../lib/gcc/arm-none-eabi/5.4.1/../../../../arm-none-eabi/lib/armv7-m\libg_nano.a(lib_a-nano-vfprintf_float.o)
                0x00002428                __cvt
 .text.__exponent
                0x000024e8       0x62 c:/program files (x86)/cypress/psoc creator/4.4/psoc creator/import/gnu/arm/5.4.1/bin/../lib/gcc/arm-none-eabi/5.4.1/../../../../arm-none-eabi/lib/armv7-m\libg_nano.a(lib_a-nano-vfprintf_float.o)
                0x000024e8                __exponent
 *fill*         0x0000254a        0x2 
 .text._printf_float
                0x0000254c      0x488 c:/program files (x86)/cypress/psoc creator/4.4/psoc creator/import/gnu/arm/5.4.1/bin/../lib/gcc/arm-none-eabi/5.4.1/../../../../arm-none-eabi/lib/armv7-m\libg_nano.a(lib_a-nano-vfprintf_float.o)
                0x0000254c                _printf_float
 .text._printf_common
                0x000029d4       0xec c:/program files (x86)/cypress/psoc creator/4.4/psoc creator/import/gnu/arm/5.4.1/bin/../lib/gcc/arm-none-eabi/5.4.1/../../../../arm-none-eabi/lib/armv7-m\libg_nano.a(lib_a-nano-vfprintf_i.o)
                0x000029d4                _printf_common
 .text._printf_i
                0x00002ac0      0x24c c:/program files (x86)/cypress/psoc creator/4.4/psoc creator/import/gnu/arm/5.4.1/bin/../lib/gcc/arm-none-eabi/5.4.1/../../../../arm-none-eabi/lib/armv7-m\libg_nano.a(lib_a-nano-vfprintf_i.o)
                0x00002ac0                _printf_i
 .text._sbrk_r  0x00002d0c       0x20 c:/program files (x86)/cypress/psoc creator/4.4/psoc creator/import/gnu/arm/5.4.1/bin/../lib/gcc/arm-none-eabi/5.4.1/../../../../arm-none-eabi/lib/armv7-m\libg_nano.a(lib_a-sbrkr.o)
                0x00002d0c                _sbrk_r
 .text._raise_r
                0x00002d2c       0x54 c:/program files (x86)/cypress/psoc creator/4.4/psoc creator/import/gnu/arm/5.4.1/bin/../lib/gcc/arm-none-eabi/5.4.1/../../../../arm-none-eabi/lib/armv7-m\libg_nano.a(lib_a-signal.o)
                0x00002d2c                _raise_r
 .text.raise    0x00002d80       0x10 c:/program files (x86)/cypress/psoc creator/4.4/psoc creator/import/gnu/arm/5.4.1/bin/../lib/gcc/arm-none-eabi/5.4.1/../../../../arm-none-eabi/lib/armv7-m\libg_nano.a(lib_a-signal.o)
                0x00002d80                raise
 .text._kill_r  0x00002d90       0x24 c:/program files (x86)/cypress/psoc creator/4.4/psoc creator/import/gnu/arm/5.4.1/bin/../lib/gcc/arm-none-eabi/5.4.1/../../../../arm-none-eabi/lib/armv7-m\libg_nano.a(lib_a-signalr.o)
                0x00002d90                _kill_r
 .text._getpid_r
                0x00002db4        0x4 c:/program files (x86)/cypress/psoc creator/4.4/psoc creator/import/gnu/arm/5.4.1/bin/../lib/gcc/arm-none-eabi/5.4.1/../../../../arm-none-eabi/lib/armv7-m\libg_nano.a(lib_a-signalr.o)
                0x00002db4                _getpid_r
 .text.sprintf  0x00002db8       0x48 c:/program files (x86)/cypress/psoc creator/4.4/psoc creator/import/gnu/arm/5.4.1/bin/../lib/gcc/arm-none-eabi/5.4.1/../../../../arm-none-eabi/lib/armv7-m\libg_nano.a(lib_a-sprintf.o)
                0x00002db8                siprintf
                0x00002db8                sprintf
 .text          0x00002e00       0x10 c:/program files (x86)/cypress/psoc creator/4.4/psoc creator/import/gnu/arm/5.4.1/bin/../lib/gcc/arm-none-eabi/5.4.1/../../../../arm-none-eabi/lib/armv7-m\libg_nano.a(lib_a-strlen.o)
                0x00002e00                strlen
 .text.quorem   0x00002e10      0x116 c:/program files (x86)/cypress/psoc creator/4.4/psoc creator/import/gnu/arm/5.4.1/bin/../lib/gcc/arm-none-eabi/5.4.1/../../../../arm-none-eabi/lib/armv7-m\libg_nano.a(lib_a-dtoa.o)
 *fill*         0x00002f26        0x2 
 .text._dtoa_r  0x00002f28      0xb30 c:/program files (x86)/cypress/psoc creator/4.4/psoc creator/import/gnu/arm/5.4.1/bin/../lib/gcc/arm-none-eabi/5.4.1/../../../../arm-none-eabi/lib/armv7-m\libg_nano.a(lib_a-dtoa.o)
                0x00002f28                _dtoa_r
 .text._localeconv_r
                0x00003a58        0x8 c:/program files (x86)/cypress/psoc creator/4.4/psoc creator/import/gnu/arm/5.4.1/bin/../lib/gcc/arm-none-eabi/5.4.1/../../../../arm-none-eabi/lib/armv7-m\libg_nano.a(lib_a-locale.o)
                0x00003a58                _localeconv_r
 .text.memchr   0x00003a60       0x1c c:/program files (x86)/cypress/psoc creator/4.4/psoc creator/import/gnu/arm/5.4.1/bin/../lib/gcc/arm-none-eabi/5.4.1/../../../../arm-none-eabi/lib/armv7-m\libg_nano.a(lib_a-memchr-stub.o)
                0x00003a60                memchr
 .text.__malloc_lock
                0x00003a7c        0x2 c:/program files (x86)/cypress/psoc creator/4.4/psoc creator/import/gnu/arm/5.4.1/bin/../lib/gcc/arm-none-eabi/5.4.1/../../../../arm-none-eabi/lib/armv7-m\libg_nano.a(lib_a-mlock.o)
                0x00003a7c                __malloc_lock
 .text.__malloc_unlock
                0x00003a7e        0x2 c:/program files (x86)/cypress/psoc creator/4.4/psoc creator/import/gnu/arm/5.4.1/bin/../lib/gcc/arm-none-eabi/5.4.1/../../../../arm-none-eabi/lib/armv7-m\libg_nano.a(lib_a-mlock.o)
                0x00003a7e                __malloc_unlock
 .text._Balloc  0x00003a80       0x6a c:/program files (x86)/cypress/psoc creator/4.4/psoc creator/import/gnu/arm/5.4.1/bin/../lib/gcc/arm-none-eabi/5.4.1/../../../../arm-none-eabi/lib/armv7-m\libg_nano.a(lib_a-mprec.o)
                0x00003a80                _Balloc
 .text._Bfree   0x00003aea       0x2e c:/program files (x86)/cypress/psoc creator/4.4/psoc creator/import/gnu/arm/5.4.1/bin/../lib/gcc/arm-none-eabi/5.4.1/../../../../arm-none-eabi/lib/armv7-m\libg_nano.a(lib_a-mprec.o)
                0x00003aea                _Bfree
 .text.__multadd
                0x00003b18       0x76 c:/program files (x86)/cypress/psoc creator/4.4/psoc creator/import/gnu/arm/5.4.1/bin/../lib/gcc/arm-none-eabi/5.4.1/../../../../arm-none-eabi/lib/armv7-m\libg_nano.a(lib_a-mprec.o)
                0x00003b18                __multadd
 .text.__hi0bits
                0x00003b8e       0x40 c:/program files (x86)/cypress/psoc creator/4.4/psoc creator/import/gnu/arm/5.4.1/bin/../lib/gcc/arm-none-eabi/5.4.1/../../../../arm-none-eabi/lib/armv7-m\libg_nano.a(lib_a-mprec.o)
                0x00003b8e                __hi0bits
 .text.__lo0bits
                0x00003bce       0x5a c:/program files (x86)/cypress/psoc creator/4.4/psoc creator/import/gnu/arm/5.4.1/bin/../lib/gcc/arm-none-eabi/5.4.1/../../../../arm-none-eabi/lib/armv7-m\libg_nano.a(lib_a-mprec.o)
                0x00003bce                __lo0bits
 .text.__i2b    0x00003c28       0x12 c:/program files (x86)/cypress/psoc creator/4.4/psoc creator/import/gnu/arm/5.4.1/bin/../lib/gcc/arm-none-eabi/5.4.1/../../../../arm-none-eabi/lib/armv7-m\libg_nano.a(lib_a-mprec.o)
                0x00003c28                __i2b
 .text.__multiply
                0x00003c3a      0x120 c:/program files (x86)/cypress/psoc creator/4.4/psoc creator/import/gnu/arm/5.4.1/bin/../lib/gcc/arm-none-eabi/5.4.1/../../../../arm-none-eabi/lib/armv7-m\libg_nano.a(lib_a-mprec.o)
                0x00003c3a                __multiply
 *fill*         0x00003d5a        0x2 
 .text.__pow5mult
                0x00003d5c       0x9c c:/program files (x86)/cypress/psoc creator/4.4/psoc creator/import/gnu/arm/5.4.1/bin/../lib/gcc/arm-none-eabi/5.4.1/../../../../arm-none-eabi/lib/armv7-m\libg_nano.a(lib_a-mprec.o)
                0x00003d5c                __pow5mult
 .text.__lshift
                0x00003df8       0xa2 c:/program files (x86)/cypress/psoc creator/4.4/psoc creator/import/gnu/arm/5.4.1/bin/../lib/gcc/arm-none-eabi/5.4.1/../../../../arm-none-eabi/lib/armv7-m\libg_nano.a(lib_a-mprec.o)
                0x00003df8                __lshift
 .text.__mcmp   0x00003e9a       0x38 c:/program files (x86)/cypress/psoc creator/4.4/psoc creator/import/gnu/arm/5.4.1/bin/../lib/gcc/arm-none-eabi/5.4.1/../../../../arm-none-eabi/lib/armv7-m\libg_nano.a(lib_a-mprec.o)
                0x00003e9a                __mcmp
 .text.__mdiff  0x00003ed2       0xbe c:/program files (x86)/cypress/psoc creator/4.4/psoc creator/import/gnu/arm/5.4.1/bin/../lib/gcc/arm-none-eabi/5.4.1/../../../../arm-none-eabi/lib/armv7-m\libg_nano.a(lib_a-mprec.o)
                0x00003ed2                __mdiff
 .text.__d2b    0x00003f90       0x9c c:/program files (x86)/cypress/psoc creator/4.4/psoc creator/import/gnu/arm/5.4.1/bin/../lib/gcc/arm-none-eabi/5.4.1/../../../../arm-none-eabi/lib/armv7-m\libg_nano.a(lib_a-mprec.o)
                0x00003f90                __d2b
 .text._calloc_r
                0x0000402c       0x1c c:/program files (x86)/cypress/psoc creator/4.4/psoc creator/import/gnu/arm/5.4.1/bin/../lib/gcc/arm-none-eabi/5.4.1/../../../../arm-none-eabi/lib/armv7-m\libg_nano.a(lib_a-nano-callocr.o)
                0x0000402c                _calloc_r
 .text.__ssputs_r
                0x00004048       0xb2 c:/program files (x86)/cypress/psoc creator/4.4/psoc creator/import/gnu/arm/5.4.1/bin/../lib/gcc/arm-none-eabi/5.4.1/../../../../arm-none-eabi/lib/armv7-m\libg_nano.a(lib_a-nano-svfprintf.o)
                0x00004048                __ssputs_r
 *fill*         0x000040fa        0x2 
 .text._svfprintf_r
                0x000040fc      0x1e8 c:/program files (x86)/cypress/psoc creator/4.4/psoc creator/import/gnu/arm/5.4.1/bin/../lib/gcc/arm-none-eabi/5.4.1/../../../../arm-none-eabi/lib/armv7-m\libg_nano.a(lib_a-nano-svfprintf.o)
                0x000040fc                _svfiprintf_r
                0x000040fc                _svfprintf_r
 .text.memmove  0x000042e4       0x36 c:/program files (x86)/cypress/psoc creator/4.4/psoc creator/import/gnu/arm/5.4.1/bin/../lib/gcc/arm-none-eabi/5.4.1/../../../../arm-none-eabi/lib/armv7-m\libg_nano.a(lib_a-memmove.o)
                0x000042e4                memmove
 .text._realloc_r
                0x0000431a       0x4c c:/program files (x86)/cypress/psoc creator/4.4/psoc creator/import/gnu/arm/5.4.1/bin/../lib/gcc/arm-none-eabi/5.4.1/../../../../arm-none-eabi/lib/armv7-m\libg_nano.a(lib_a-nano-reallocr.o)
                0x0000431a                _realloc_r
 .text._malloc_usable_size_r
                0x00004366       0x14 c:/program files (x86)/cypress/psoc creator/4.4/psoc creator/import/gnu/arm/5.4.1/bin/../lib/gcc/arm-none-eabi/5.4.1/../../../../arm-none-eabi/lib/armv7-m\libg_nano.a(lib_a-nano-msizer.o)
                0x00004366                _malloc_usable_size_r
 *fill*         0x0000437a        0x2 
 .text          0x0000437c      0x110 c:/program files (x86)/cypress/psoc creator/4.4/psoc creator/import/gnu/arm/5.4.1/bin/../lib/gcc/arm-none-eabi/5.4.1/armv7-m\libgcc.a(_arm_cmpdf2.o)
                0x0000437c                __gtdf2
                0x0000437c                __gedf2
                0x00004384                __ltdf2
                0x00004384                __ledf2
                0x0000438c                __nedf2
                0x0000438c                __eqdf2
                0x0000438c                __cmpdf2
                0x00004408                __aeabi_cdrcmple
                0x00004418                __aeabi_cdcmpeq
                0x00004418                __aeabi_cdcmple
                0x00004428                __aeabi_dcmpeq
                0x0000443c                __aeabi_dcmplt
                0x00004450                __aeabi_dcmple
                0x00004464                __aeabi_dcmpge
                0x00004478                __aeabi_dcmpgt
 .text          0x0000448c       0x2c c:/program files (x86)/cypress/psoc creator/4.4/psoc creator/import/gnu/arm/5.4.1/bin/../lib/gcc/arm-none-eabi/5.4.1/armv7-m\libgcc.a(_arm_unorddf2.o)
                0x0000448c                __unorddf2
                0x0000448c                __aeabi_dcmpun
 .text          0x000044b8       0x50 c:/program files (x86)/cypress/psoc creator/4.4/psoc creator/import/gnu/arm/5.4.1/bin/../lib/gcc/arm-none-eabi/5.4.1/armv7-m\libgcc.a(_arm_fixdfsi.o)
                0x000044b8                __aeabi_d2iz
                0x000044b8                __fixdfsi
 .text._getpid  0x00004508       0x10 c:/program files (x86)/cypress/psoc creator/4.4/psoc creator/import/gnu/arm/5.4.1/bin/../lib/gcc/arm-none-eabi/5.4.1/../../../../arm-none-eabi/lib/armv7-m\libnosys.a(getpid.o)
                0x00004508                _getpid
 .text._kill    0x00004518       0x10 c:/program files (x86)/cypress/psoc creator/4.4/psoc creator/import/gnu/arm/5.4.1/bin/../lib/gcc/arm-none-eabi/5.4.1/../../../../arm-none-eabi/lib/armv7-m\libnosys.a(kill.o)
                0x00004518                _kill
 *(.plt)
 *(.gnu.warning)
 *(.glue_7t)
 .glue_7t       0x00004528        0x0 linker stubs
 *(.glue_7)
 .glue_7        0x00004528        0x0 linker stubs
 *(.vfp11_veneer)
 .vfp11_veneer  0x00004528        0x0 linker stubs
 *(.bootloader)
 *(.ARM.extab* .gnu.linkonce.armextab.*)
 *(.gcc_except_table)

.v4_bx          0x00004528        0x0
 .v4_bx         0x00004528        0x0 linker stubs

.iplt           0x00004528        0x0
 .iplt          0x00004528        0x0 c:/program files (x86)/cypress/psoc creator/4.4/psoc creator/import/gnu/arm/5.4.1/bin/../lib/gcc/arm-none-eabi/5.4.1/armv7-m/crtbegin.o

.eh_frame_hdr
 *(.eh_frame_hdr)

.eh_frame       0x00004528        0x4
 *(.eh_frame)
 .eh_frame      0x00004528        0x0 c:/program files (x86)/cypress/psoc creator/4.4/psoc creator/import/gnu/arm/5.4.1/bin/../lib/gcc/arm-none-eabi/5.4.1/armv7-m/crtbegin.o
 .eh_frame      0x00004528        0x4 c:/program files (x86)/cypress/psoc creator/4.4/psoc creator/import/gnu/arm/5.4.1/bin/../lib/gcc/arm-none-eabi/5.4.1/armv7-m/crtend.o
                [!provide]                PROVIDE (__exidx_start, .)

.ARM.exidx
 *(.ARM.exidx* .gnu.linkonce.armexidx.*)
                0x0000452c                __exidx_end = .

.rodata         0x00004530      0x298
 *(.rodata .rodata.* .gnu.linkonce.r.*)
 .rodata.str1.4
                0x00004530       0xc4 .\CortexM3\ARM_GCC_541\Debug\main.o
                                 0xc7 (size before relaxing)
 .rodata        0x000045f4       0x40 .\CortexM3\ARM_GCC_541\Debug\cyfitter_cfg.o
 .rodata.str1.1
                0x00004634        0x2 c:/program files (x86)/cypress/psoc creator/4.4/psoc creator/import/gnu/arm/5.4.1/bin/../lib/gcc/arm-none-eabi/5.4.1/../../../../arm-none-eabi/lib/armv7-m\libg_nano.a(lib_a-impure.o)
 .rodata.str1.1
                0x00004636       0x12 c:/program files (x86)/cypress/psoc creator/4.4/psoc creator/import/gnu/arm/5.4.1/bin/../lib/gcc/arm-none-eabi/5.4.1/../../../../arm-none-eabi/lib/armv7-m\libg_nano.a(lib_a-nano-vfprintf_float.o)
 .rodata.str1.1
                0x00004648       0x22 c:/program files (x86)/cypress/psoc creator/4.4/psoc creator/import/gnu/arm/5.4.1/bin/../lib/gcc/arm-none-eabi/5.4.1/../../../../arm-none-eabi/lib/armv7-m\libg_nano.a(lib_a-nano-vfprintf_i.o)
 .rodata.str1.1
                0x0000466a        0xd c:/program files (x86)/cypress/psoc creator/4.4/psoc creator/import/gnu/arm/5.4.1/bin/../lib/gcc/arm-none-eabi/5.4.1/../../../../arm-none-eabi/lib/armv7-m\libg_nano.a(lib_a-dtoa.o)
                                  0xf (size before relaxing)
 .rodata.str1.1
                0x00004677        0x8 c:/program files (x86)/cypress/psoc creator/4.4/psoc creator/import/gnu/arm/5.4.1/bin/../lib/gcc/arm-none-eabi/5.4.1/../../../../arm-none-eabi/lib/armv7-m\libg_nano.a(lib_a-locale.o)
                                  0xb (size before relaxing)
 *fill*         0x0000467f        0x1 
 .rodata.__mprec_tens
                0x00004680       0xc8 c:/program files (x86)/cypress/psoc creator/4.4/psoc creator/import/gnu/arm/5.4.1/bin/../lib/gcc/arm-none-eabi/5.4.1/../../../../arm-none-eabi/lib/armv7-m\libg_nano.a(lib_a-mprec.o)
                0x00004680                __mprec_tens
 .rodata.p05.5408
                0x00004748        0xc c:/program files (x86)/cypress/psoc creator/4.4/psoc creator/import/gnu/arm/5.4.1/bin/../lib/gcc/arm-none-eabi/5.4.1/../../../../arm-none-eabi/lib/armv7-m\libg_nano.a(lib_a-mprec.o)
 *fill*         0x00004754        0x4 
 .rodata.__mprec_bigtens
                0x00004758       0x28 c:/program files (x86)/cypress/psoc creator/4.4/psoc creator/import/gnu/arm/5.4.1/bin/../lib/gcc/arm-none-eabi/5.4.1/../../../../arm-none-eabi/lib/armv7-m\libg_nano.a(lib_a-mprec.o)
                0x00004758                __mprec_bigtens
 .rodata.str1.1
                0x00004780       0x11 c:/program files (x86)/cypress/psoc creator/4.4/psoc creator/import/gnu/arm/5.4.1/bin/../lib/gcc/arm-none-eabi/5.4.1/../../../../arm-none-eabi/lib/armv7-m\libg_nano.a(lib_a-nano-svfprintf.o)
                0x00004794                . = ALIGN (0x4)
 *fill*         0x00004791        0x3 
 *(.init)
 .init          0x00004794        0x4 c:/program files (x86)/cypress/psoc creator/4.4/psoc creator/import/gnu/arm/5.4.1/bin/../lib/gcc/arm-none-eabi/5.4.1/armv7-m/crti.o
                0x00004794                _init
 .init          0x00004798        0x8 c:/program files (x86)/cypress/psoc creator/4.4/psoc creator/import/gnu/arm/5.4.1/bin/../lib/gcc/arm-none-eabi/5.4.1/armv7-m/crtn.o
                0x000047a0                . = ALIGN (0x4)
                0x000047a0                __preinit_array_start = .
 *(.preinit_array)
                0x000047a0                __preinit_array_end = .
                0x000047a0                . = ALIGN (0x4)
                0x000047a0                __init_array_start = .
 *(SORT(.init_array.*))
 *(.init_array)
 .init_array    0x000047a0        0x4 c:/program files (x86)/cypress/psoc creator/4.4/psoc creator/import/gnu/arm/5.4.1/bin/../lib/gcc/arm-none-eabi/5.4.1/armv7-m/crtbegin.o
 .init_array    0x000047a4        0x4 .\CortexM3\ARM_GCC_541\Debug\Cm3Start.o
                0x000047a8                __init_array_end = .
                0x000047a8                . = ALIGN (0x4)
 *(.fini)
 .fini          0x000047a8        0x4 c:/program files (x86)/cypress/psoc creator/4.4/psoc creator/import/gnu/arm/5.4.1/bin/../lib/gcc/arm-none-eabi/5.4.1/armv7-m/crti.o
                0x000047a8                _fini
 .fini          0x000047ac        0x8 c:/program files (x86)/cypress/psoc creator/4.4/psoc creator/import/gnu/arm/5.4.1/bin/../lib/gcc/arm-none-eabi/5.4.1/armv7-m/crtn.o
                0x000047b4                . = ALIGN (0x4)
                0x000047b4                __fini_array_start = .
 *(.fini_array)
 .fini_array    0x000047b4        0x4 c:/program files (x86)/cypress/psoc creator/4.4/psoc creator/import/gnu/arm/5.4.1/bin/../lib/gcc/arm-none-eabi/5.4.1/armv7-m/crtbegin.o
 *(SORT(.fini_array.*))
                0x000047b8                __fini_array_end = .
                0x000047b8                . = ALIGN (0x4)
 *crtbegin.o(.ctors)
 *(EXCLUDE_FILE(*crtend.o) .ctors)
 *(SORT(.ctors.*))
 *crtend.o(.ctors)
                0x000047b8                . = ALIGN (0x4)
 *crtbegin.o(.dtors)
 *(EXCLUDE_FILE(*crtend.o) .dtors)
 *(SORT(.dtors.*))
 *crtend.o(.dtors)
                0x000047b8                . = ALIGN (0x4)
                0x000047b8                __cy_regions = .
                0x000047b8        0x4 LONG 0x47c8 __cy_region_init_ram
                0x000047bc        0x4 LONG 0x1fff80c8 __cy_region_start_data
                0x000047c0        0x4 LONG 0xa8 __cy_region_init_size_ram
                0x000047c4        0x4 LONG 0x38 __cy_region_zero_size_ram
                0x000047c8                __cy_regions_end = .
                0x000047c8                . = ALIGN (0x8)
                0x000047c8                _etext = .

.cy_checksum_exclude
                0x000047c8        0x0
 *(.cy_checksum_exclude)

.ramvectors     0x1fff8000       0xc0
                0x1fff8000                __cy_region_start_ram = .
 *(.ramvectors)
 .ramvectors    0x1fff8000       0xc0 .\CortexM3\ARM_GCC_541\Debug\Cm3Start.o
                0x1fff8000                CyRamVectors

.noinit         0x1fff80c0        0x1
 *(.noinit)
 .noinit        0x1fff80c0        0x1 .\CortexM3\ARM_GCC_541\Debug\MotorPID.a(CyLib.o)
                0x1fff80c0                CyResetStatus

.data           0x1fff80c8       0xa8 load address 0x000047c8
                0x1fff80c8                __cy_region_start_data = .
 *(.jcr)
 .jcr           0x1fff80c8        0x0 c:/program files (x86)/cypress/psoc creator/4.4/psoc creator/import/gnu/arm/5.4.1/bin/../lib/gcc/arm-none-eabi/5.4.1/armv7-m/crtbegin.o
 .jcr           0x1fff80c8        0x4 c:/program files (x86)/cypress/psoc creator/4.4/psoc creator/import/gnu/arm/5.4.1/bin/../lib/gcc/arm-none-eabi/5.4.1/armv7-m/crtend.o
 *(.got.plt)
 *(.got)
 *(.shdata)
 *(.data .data.* .gnu.linkonce.d.*)
 .data          0x1fff80cc        0x4 .\CortexM3\ARM_GCC_541\Debug\Cm3Start.o
 .data.impure_data
                0x1fff80d0       0x60 c:/program files (x86)/cypress/psoc creator/4.4/psoc creator/import/gnu/arm/5.4.1/bin/../lib/gcc/arm-none-eabi/5.4.1/../../../../arm-none-eabi/lib/armv7-m\libg_nano.a(lib_a-impure.o)
 .data._impure_ptr
                0x1fff8130        0x4 c:/program files (x86)/cypress/psoc creator/4.4/psoc creator/import/gnu/arm/5.4.1/bin/../lib/gcc/arm-none-eabi/5.4.1/../../../../arm-none-eabi/lib/armv7-m\libg_nano.a(lib_a-impure.o)
                0x1fff8130                _impure_ptr
 .data.lconv    0x1fff8134       0x38 c:/program files (x86)/cypress/psoc creator/4.4/psoc creator/import/gnu/arm/5.4.1/bin/../lib/gcc/arm-none-eabi/5.4.1/../../../../arm-none-eabi/lib/armv7-m\libg_nano.a(lib_a-locale.o)
                0x1fff8170                . = ALIGN (0x8)
 *fill*         0x1fff816c        0x4 
 *(.ram)
                0x1fff8170                _edata = .

.igot.plt       0x1fff8170        0x0 load address 0x00004870
 .igot.plt      0x1fff8170        0x0 c:/program files (x86)/cypress/psoc creator/4.4/psoc creator/import/gnu/arm/5.4.1/bin/../lib/gcc/arm-none-eabi/5.4.1/armv7-m/crtbegin.o

.bss            0x1fff8170       0x38 load address 0x00004870
                0x1fff8170                PROVIDE (__bss_start__, .)
 *(.shbss)
 *(.bss .bss.* .gnu.linkonce.b.*)
 .bss           0x1fff8170       0x1c c:/program files (x86)/cypress/psoc creator/4.4/psoc creator/import/gnu/arm/5.4.1/bin/../lib/gcc/arm-none-eabi/5.4.1/armv7-m/crtbegin.o
 .bss           0x1fff818c        0x1 .\CortexM3\ARM_GCC_541\Debug\MotorPID.a(MotorA_PWM.o)
                0x1fff818c                MotorA_PWM_initVar
 .bss           0x1fff818d        0x1 .\CortexM3\ARM_GCC_541\Debug\MotorPID.a(MotorA_QuadDec.o)
                0x1fff818d                MotorA_QuadDec_initVar
 .bss           0x1fff818e        0x1 .\CortexM3\ARM_GCC_541\Debug\MotorPID.a(ServoAB.o)
                0x1fff818e                ServoAB_initVar
 .bss           0x1fff818f        0x1 .\CortexM3\ARM_GCC_541\Debug\MotorPID.a(Servo_PWM.o)
                0x1fff818f                Servo_PWM_initVar
 .bss           0x1fff8190        0x1 .\CortexM3\ARM_GCC_541\Debug\MotorPID.a(MotorA_QuadDec_Cnt16.o)
                0x1fff8190                MotorA_QuadDec_Cnt16_initVar
 .bss           0x1fff8191        0x2 .\CortexM3\ARM_GCC_541\Debug\MotorPID.a(UART.o)
                0x1fff8191                UART_initVar
 .bss           0x1fff8193        0x1 .\CortexM3\ARM_GCC_541\Debug\MotorPID.a(ServoCD.o)
                0x1fff8193                ServoCD_initVar
 .bss           0x1fff8194        0x1 .\CortexM3\ARM_GCC_541\Debug\MotorPID.a(MotorB_QuadDec.o)
                0x1fff8194                MotorB_QuadDec_initVar
 .bss           0x1fff8195        0x1 .\CortexM3\ARM_GCC_541\Debug\MotorPID.a(MotorB_PWM.o)
                0x1fff8195                MotorB_PWM_initVar
 .bss           0x1fff8196        0x1 .\CortexM3\ARM_GCC_541\Debug\MotorPID.a(MotorB_QuadDec_Cnt16.o)
                0x1fff8196                MotorB_QuadDec_Cnt16_initVar
 *fill*         0x1fff8197        0x1 
 .bss._ZN12_GLOBAL__N_113__new_handlerE
                0x1fff8198        0x4 c:/program files (x86)/cypress/psoc creator/4.4/psoc creator/import/gnu/arm/5.4.1/bin/../lib/gcc/arm-none-eabi/5.4.1/../../../../arm-none-eabi/lib/armv7-m\libstdc++_nano.a(new_handler.o)
 .bss.__malloc_sbrk_start
                0x1fff819c        0x4 c:/program files (x86)/cypress/psoc creator/4.4/psoc creator/import/gnu/arm/5.4.1/bin/../lib/gcc/arm-none-eabi/5.4.1/../../../../arm-none-eabi/lib/armv7-m\libg_nano.a(lib_a-nano-mallocr.o)
                0x1fff819c                __malloc_sbrk_start
 .bss.__malloc_free_list
                0x1fff81a0        0x4 c:/program files (x86)/cypress/psoc creator/4.4/psoc creator/import/gnu/arm/5.4.1/bin/../lib/gcc/arm-none-eabi/5.4.1/../../../../arm-none-eabi/lib/armv7-m\libg_nano.a(lib_a-nano-mallocr.o)
                0x1fff81a0                __malloc_free_list
 *(COMMON)
 COMMON         0x1fff81a4        0x4 c:/program files (x86)/cypress/psoc creator/4.4/psoc creator/import/gnu/arm/5.4.1/bin/../lib/gcc/arm-none-eabi/5.4.1/../../../../arm-none-eabi/lib/armv7-m\libg_nano.a(lib_a-reent.o)
                0x1fff81a4                errno
                0x1fff81a8                . = ALIGN (0x8)
 *(.ram.b)
                0x1fff81a8                _end = .
                0x1fff81a8                __end = .
                0x1fff81a8                PROVIDE (end, .)
                0x1fff81a8                PROVIDE (__bss_end__, .)
                0x000047c8                __cy_region_init_ram = LOADADDR (.data)
                0x000000a8                __cy_region_init_size_ram = (_edata - ADDR (.data))
                0x00000038                __cy_region_zero_size_ram = (_end - _edata)

.heap           0x1fff81a8     0x1000 load address 0x00004870
                0x1fff81a8                . = _end
                0x1fff91a8                . = (. + 0x1000)
 *fill*         0x1fff81a8     0x1000 
                0x1fff91a8                __cy_heap_limit = .

.stack          0x20006000     0x2000
                0x20006000                __cy_stack_limit = .
                0x20008000                . = (. + 0x2000)
 *fill*         0x20006000     0x2000 
                0x00000001                ASSERT ((__cy_stack_limit >= __cy_heap_limit), region RAM overflowed with stack)
                0x00000000                cy_checksum_exclude_size = (CY_APPL_LOADABLE == 0x1)?SIZEOF (.cy_checksum_exclude):0x0
                0x00000001                ASSERT ((cy_checksum_exclude_size <= CY_CHECKSUM_EXCLUDE_SIZE), CY_BOOT: Section .cy_checksum_exclude size exceedes specified limit.)

.cyloadermeta
 *(.cyloadermeta)

.cyloadablemeta
 *(.cyloadablemeta)

.cyconfigecc    0x80000000     0x1044
 *(.cyconfigecc)
 .cyconfigecc   0x80000000     0x1044 .\CortexM3\ARM_GCC_541\Debug\cymetadata.o
                0x80000000                cy_meta_configecc

.cycustnvl      0x90000000        0x4
 *(.cycustnvl)
 .cycustnvl     0x90000000        0x4 .\CortexM3\ARM_GCC_541\Debug\cymetadata.o
                0x90000000                cy_meta_custnvl

.cywolatch      0x90100000        0x4
 *(.cywolatch)
 .cywolatch     0x90100000        0x4 .\CortexM3\ARM_GCC_541\Debug\cymetadata.o
                0x90100000                cy_meta_wonvl

.cyeeprom       0x90200000        0x0
 *(.cyeeprom)
                0x00000001                ASSERT ((. <= ((0x90200000 + ee_offset) + ee_size)), .cyeeprom data will not fit in EEPROM)

.cyflashprotect
                0x90400000      0x100
 *(.cyflashprotect)
 .cyflashprotect
                0x90400000      0x100 .\CortexM3\ARM_GCC_541\Debug\cymetadata.o
                0x90400000                cy_meta_flashprotect

.cymeta         0x90500000        0xc
 *(.cymeta)
 .cymeta        0x90500000        0xc .\CortexM3\ARM_GCC_541\Debug\cymetadata.o
                0x90500000                cy_metadata

.rel.dyn        0x00004870        0x0 load address 0x9050000c
 .rel.iplt      0x00004870        0x0 c:/program files (x86)/cypress/psoc creator/4.4/psoc creator/import/gnu/arm/5.4.1/bin/../lib/gcc/arm-none-eabi/5.4.1/armv7-m/crtbegin.o

.stab           0x00000000       0x3c
 *(.stab)
 .stab          0x00000000       0x24 c:/program files (x86)/cypress/psoc creator/4.4/psoc creator/import/gnu/arm/5.4.1/bin/../lib/gcc/arm-none-eabi/5.4.1/../../../../arm-none-eabi/lib/armv7-m\libnosys.a(getpid.o)
 .stab          0x00000024       0x18 c:/program files (x86)/cypress/psoc creator/4.4/psoc creator/import/gnu/arm/5.4.1/bin/../lib/gcc/arm-none-eabi/5.4.1/../../../../arm-none-eabi/lib/armv7-m\libnosys.a(kill.o)
                                 0x24 (size before relaxing)

.stabstr        0x00000000       0x76
 *(.stabstr)
 .stabstr       0x00000000       0x76 c:/program files (x86)/cypress/psoc creator/4.4/psoc creator/import/gnu/arm/5.4.1/bin/../lib/gcc/arm-none-eabi/5.4.1/../../../../arm-none-eabi/lib/armv7-m\libnosys.a(getpid.o)

.debug
 *(.debug)

.line
 *(.line)

.debug_srcinfo
 *(.debug_srcinfo)

.debug_sfnames
 *(.debug_sfnames)

.debug_aranges  0x00000000     0x1018
 *(.debug_aranges)
 .debug_aranges
                0x00000000       0xf0 .\CortexM3\ARM_GCC_541\Debug\main.o
 .debug_aranges
                0x000000f0       0x88 .\CortexM3\ARM_GCC_541\Debug\MotorsHW.o
 .debug_aranges
                0x00000178       0x80 .\CortexM3\ARM_GCC_541\Debug\Motors.o
 .debug_aranges
                0x000001f8       0xa0 .\CortexM3\ARM_GCC_541\Debug\ServosHW.o
 .debug_aranges
                0x00000298       0xa0 .\CortexM3\ARM_GCC_541\Debug\Servos.o
 .debug_aranges
                0x00000338       0x58 .\CortexM3\ARM_GCC_541\Debug\cyfitter_cfg.o
 .debug_aranges
                0x00000390       0x18 .\CortexM3\ARM_GCC_541\Debug\cymetadata.o
 .debug_aranges
                0x000003a8       0x48 .\CortexM3\ARM_GCC_541\Debug\Cm3Start.o
 .debug_aranges
                0x000003f0       0x28 .\CortexM3\ARM_GCC_541\Debug\MotorPID.a(MotorA_Dir.o)
 .debug_aranges
                0x00000418       0x98 .\CortexM3\ARM_GCC_541\Debug\MotorPID.a(MotorA_PWM.o)
 .debug_aranges
                0x000004b0       0x80 .\CortexM3\ARM_GCC_541\Debug\MotorPID.a(MotorA_ISR.o)
 .debug_aranges
                0x00000530       0x60 .\CortexM3\ARM_GCC_541\Debug\MotorPID.a(MotorA_QuadDec.o)
 .debug_aranges
                0x00000590       0xa8 .\CortexM3\ARM_GCC_541\Debug\MotorPID.a(ServoAB.o)
 .debug_aranges
                0x00000638       0xa8 .\CortexM3\ARM_GCC_541\Debug\MotorPID.a(Servo_PWM.o)
 .debug_aranges
                0x000006e0       0x98 .\CortexM3\ARM_GCC_541\Debug\MotorPID.a(MotorA_QuadDec_Cnt16.o)
 .debug_aranges
                0x00000778      0x2a0 .\CortexM3\ARM_GCC_541\Debug\MotorPID.a(CyLib.o)
 .debug_aranges
                0x00000a18       0x98 .\CortexM3\ARM_GCC_541\Debug\MotorPID.a(cyPm.o)
 .debug_aranges
                0x00000ab0       0xf0 .\CortexM3\ARM_GCC_541\Debug\MotorPID.a(UART.o)
 .debug_aranges
                0x00000ba0       0x70 .\CortexM3\ARM_GCC_541\Debug\MotorPID.a(UART_IntClock.o)
 .debug_aranges
                0x00000c10       0xa8 .\CortexM3\ARM_GCC_541\Debug\MotorPID.a(ServoCD.o)
 .debug_aranges
                0x00000cb8       0x60 .\CortexM3\ARM_GCC_541\Debug\MotorPID.a(MotorB_QuadDec.o)
 .debug_aranges
                0x00000d18       0x80 .\CortexM3\ARM_GCC_541\Debug\MotorPID.a(MotorB_ISR.o)
 .debug_aranges
                0x00000d98       0x98 .\CortexM3\ARM_GCC_541\Debug\MotorPID.a(MotorB_PWM.o)
 .debug_aranges
                0x00000e30       0x28 .\CortexM3\ARM_GCC_541\Debug\MotorPID.a(MotorB_Dir.o)
 .debug_aranges
                0x00000e58       0x98 .\CortexM3\ARM_GCC_541\Debug\MotorPID.a(MotorB_QuadDec_Cnt16.o)
 .debug_aranges
                0x00000ef0       0x20 .\CortexM3\ARM_GCC_541\Debug\MotorPID.a(CyBootAsmGnu.o)
 .debug_aranges
                0x00000f10       0x88 .\CortexM3\ARM_GCC_541\Debug\MotorPID.a(CyFlash.o)
 .debug_aranges
                0x00000f98       0x80 .\CortexM3\ARM_GCC_541\Debug\MotorPID.a(CySpc.o)

.debug_pubnames
 *(.debug_pubnames)

.debug_info     0x00000000     0x9055
 *(.debug_info .gnu.linkonce.wi.*)
 .debug_info    0x00000000     0x19db .\CortexM3\ARM_GCC_541\Debug\main.o
 .debug_info    0x000019db      0x505 .\CortexM3\ARM_GCC_541\Debug\MotorsHW.o
 .debug_info    0x00001ee0      0x47f .\CortexM3\ARM_GCC_541\Debug\Motors.o
 .debug_info    0x0000235f      0x4c0 .\CortexM3\ARM_GCC_541\Debug\ServosHW.o
 .debug_info    0x0000281f      0x5d0 .\CortexM3\ARM_GCC_541\Debug\Servos.o
 .debug_info    0x00002def      0x603 .\CortexM3\ARM_GCC_541\Debug\cyfitter_cfg.o
 .debug_info    0x000033f2      0x139 .\CortexM3\ARM_GCC_541\Debug\cymetadata.o
 .debug_info    0x0000352b      0x3bb .\CortexM3\ARM_GCC_541\Debug\Cm3Start.o
 .debug_info    0x000038e6       0xd6 .\CortexM3\ARM_GCC_541\Debug\MotorPID.a(MotorA_Dir.o)
 .debug_info    0x000039bc      0x350 .\CortexM3\ARM_GCC_541\Debug\MotorPID.a(MotorA_PWM.o)
 .debug_info    0x00003d0c      0x2d2 .\CortexM3\ARM_GCC_541\Debug\MotorPID.a(MotorA_ISR.o)
 .debug_info    0x00003fde      0x2d4 .\CortexM3\ARM_GCC_541\Debug\MotorPID.a(MotorA_QuadDec.o)
 .debug_info    0x000042b2      0x3a0 .\CortexM3\ARM_GCC_541\Debug\MotorPID.a(ServoAB.o)
 .debug_info    0x00004652      0x3a4 .\CortexM3\ARM_GCC_541\Debug\MotorPID.a(Servo_PWM.o)
 .debug_info    0x000049f6      0x348 .\CortexM3\ARM_GCC_541\Debug\MotorPID.a(MotorA_QuadDec_Cnt16.o)
 .debug_info    0x00004d3e     0x1374 .\CortexM3\ARM_GCC_541\Debug\MotorPID.a(CyLib.o)
 .debug_info    0x000060b2      0xa2a .\CortexM3\ARM_GCC_541\Debug\MotorPID.a(cyPm.o)
 .debug_info    0x00006adc      0x60c .\CortexM3\ARM_GCC_541\Debug\MotorPID.a(UART.o)
 .debug_info    0x000070e8      0x283 .\CortexM3\ARM_GCC_541\Debug\MotorPID.a(UART_IntClock.o)
 .debug_info    0x0000736b      0x3a0 .\CortexM3\ARM_GCC_541\Debug\MotorPID.a(ServoCD.o)
 .debug_info    0x0000770b      0x2d4 .\CortexM3\ARM_GCC_541\Debug\MotorPID.a(MotorB_QuadDec.o)
 .debug_info    0x000079df      0x2d2 .\CortexM3\ARM_GCC_541\Debug\MotorPID.a(MotorB_ISR.o)
 .debug_info    0x00007cb1      0x350 .\CortexM3\ARM_GCC_541\Debug\MotorPID.a(MotorB_PWM.o)
 .debug_info    0x00008001       0xd6 .\CortexM3\ARM_GCC_541\Debug\MotorPID.a(MotorB_Dir.o)
 .debug_info    0x000080d7      0x348 .\CortexM3\ARM_GCC_541\Debug\MotorPID.a(MotorB_QuadDec_Cnt16.o)
 .debug_info    0x0000841f       0x99 .\CortexM3\ARM_GCC_541\Debug\MotorPID.a(CyBootAsmGnu.o)
 .debug_info    0x000084b8      0x64d .\CortexM3\ARM_GCC_541\Debug\MotorPID.a(CyFlash.o)
 .debug_info    0x00008b05      0x550 .\CortexM3\ARM_GCC_541\Debug\MotorPID.a(CySpc.o)

.debug_abbrev   0x00000000     0x2614
 *(.debug_abbrev)
 .debug_abbrev  0x00000000      0x407 .\CortexM3\ARM_GCC_541\Debug\main.o
 .debug_abbrev  0x00000407      0x181 .\CortexM3\ARM_GCC_541\Debug\MotorsHW.o
 .debug_abbrev  0x00000588      0x14b .\CortexM3\ARM_GCC_541\Debug\Motors.o
 .debug_abbrev  0x000006d3      0x120 .\CortexM3\ARM_GCC_541\Debug\ServosHW.o
 .debug_abbrev  0x000007f3      0x102 .\CortexM3\ARM_GCC_541\Debug\Servos.o
 .debug_abbrev  0x000008f5      0x20d .\CortexM3\ARM_GCC_541\Debug\cyfitter_cfg.o
 .debug_abbrev  0x00000b02       0x77 .\CortexM3\ARM_GCC_541\Debug\cymetadata.o
 .debug_abbrev  0x00000b79      0x1e8 .\CortexM3\ARM_GCC_541\Debug\Cm3Start.o
 .debug_abbrev  0x00000d61       0x81 .\CortexM3\ARM_GCC_541\Debug\MotorPID.a(MotorA_Dir.o)
 .debug_abbrev  0x00000de2      0x133 .\CortexM3\ARM_GCC_541\Debug\MotorPID.a(MotorA_PWM.o)
 .debug_abbrev  0x00000f15      0x173 .\CortexM3\ARM_GCC_541\Debug\MotorPID.a(MotorA_ISR.o)
 .debug_abbrev  0x00001088      0x151 .\CortexM3\ARM_GCC_541\Debug\MotorPID.a(MotorA_QuadDec.o)
 .debug_abbrev  0x000011d9      0x133 .\CortexM3\ARM_GCC_541\Debug\MotorPID.a(ServoAB.o)
 .debug_abbrev  0x0000130c      0x133 .\CortexM3\ARM_GCC_541\Debug\MotorPID.a(Servo_PWM.o)
 .debug_abbrev  0x0000143f      0x117 .\CortexM3\ARM_GCC_541\Debug\MotorPID.a(MotorA_QuadDec_Cnt16.o)
 .debug_abbrev  0x00001556      0x254 .\CortexM3\ARM_GCC_541\Debug\MotorPID.a(CyLib.o)
 .debug_abbrev  0x000017aa      0x1ab .\CortexM3\ARM_GCC_541\Debug\MotorPID.a(cyPm.o)
 .debug_abbrev  0x00001955      0x175 .\CortexM3\ARM_GCC_541\Debug\MotorPID.a(UART.o)
 .debug_abbrev  0x00001aca      0x139 .\CortexM3\ARM_GCC_541\Debug\MotorPID.a(UART_IntClock.o)
 .debug_abbrev  0x00001c03      0x133 .\CortexM3\ARM_GCC_541\Debug\MotorPID.a(ServoCD.o)
 .debug_abbrev  0x00001d36      0x151 .\CortexM3\ARM_GCC_541\Debug\MotorPID.a(MotorB_QuadDec.o)
 .debug_abbrev  0x00001e87      0x173 .\CortexM3\ARM_GCC_541\Debug\MotorPID.a(MotorB_ISR.o)
 .debug_abbrev  0x00001ffa      0x133 .\CortexM3\ARM_GCC_541\Debug\MotorPID.a(MotorB_PWM.o)
 .debug_abbrev  0x0000212d       0x81 .\CortexM3\ARM_GCC_541\Debug\MotorPID.a(MotorB_Dir.o)
 .debug_abbrev  0x000021ae      0x117 .\CortexM3\ARM_GCC_541\Debug\MotorPID.a(MotorB_QuadDec_Cnt16.o)
 .debug_abbrev  0x000022c5       0x14 .\CortexM3\ARM_GCC_541\Debug\MotorPID.a(CyBootAsmGnu.o)
 .debug_abbrev  0x000022d9      0x1a7 .\CortexM3\ARM_GCC_541\Debug\MotorPID.a(CyFlash.o)
 .debug_abbrev  0x00002480      0x194 .\CortexM3\ARM_GCC_541\Debug\MotorPID.a(CySpc.o)

.debug_line     0x00000000     0x3c85
 *(.debug_line)
 .debug_line    0x00000000      0x714 .\CortexM3\ARM_GCC_541\Debug\main.o
 .debug_line    0x00000714      0x2ee .\CortexM3\ARM_GCC_541\Debug\MotorsHW.o
 .debug_line    0x00000a02      0x244 .\CortexM3\ARM_GCC_541\Debug\Motors.o
 .debug_line    0x00000c46      0x2ca .\CortexM3\ARM_GCC_541\Debug\ServosHW.o
 .debug_line    0x00000f10      0x27e .\CortexM3\ARM_GCC_541\Debug\Servos.o
 .debug_line    0x0000118e      0x1fd .\CortexM3\ARM_GCC_541\Debug\cyfitter_cfg.o
 .debug_line    0x0000138b      0x141 .\CortexM3\ARM_GCC_541\Debug\cymetadata.o
 .debug_line    0x000014cc      0x234 .\CortexM3\ARM_GCC_541\Debug\Cm3Start.o
 .debug_line    0x00001700       0x72 .\CortexM3\ARM_GCC_541\Debug\MotorPID.a(MotorA_Dir.o)
 .debug_line    0x00001772      0x18d .\CortexM3\ARM_GCC_541\Debug\MotorPID.a(MotorA_PWM.o)
 .debug_line    0x000018ff      0x137 .\CortexM3\ARM_GCC_541\Debug\MotorPID.a(MotorA_ISR.o)
 .debug_line    0x00001a36      0x128 .\CortexM3\ARM_GCC_541\Debug\MotorPID.a(MotorA_QuadDec.o)
 .debug_line    0x00001b5e      0x1ae .\CortexM3\ARM_GCC_541\Debug\MotorPID.a(ServoAB.o)
 .debug_line    0x00001d0c      0x1b0 .\CortexM3\ARM_GCC_541\Debug\MotorPID.a(Servo_PWM.o)
 .debug_line    0x00001ebc      0x194 .\CortexM3\ARM_GCC_541\Debug\MotorPID.a(MotorA_QuadDec_Cnt16.o)
 .debug_line    0x00002050      0x816 .\CortexM3\ARM_GCC_541\Debug\MotorPID.a(CyLib.o)
 .debug_line    0x00002866      0x367 .\CortexM3\ARM_GCC_541\Debug\MotorPID.a(cyPm.o)
 .debug_line    0x00002bcd      0x2bc .\CortexM3\ARM_GCC_541\Debug\MotorPID.a(UART.o)
 .debug_line    0x00002e89      0x17c .\CortexM3\ARM_GCC_541\Debug\MotorPID.a(UART_IntClock.o)
 .debug_line    0x00003005      0x1ae .\CortexM3\ARM_GCC_541\Debug\MotorPID.a(ServoCD.o)
 .debug_line    0x000031b3      0x128 .\CortexM3\ARM_GCC_541\Debug\MotorPID.a(MotorB_QuadDec.o)
 .debug_line    0x000032db      0x137 .\CortexM3\ARM_GCC_541\Debug\MotorPID.a(MotorB_ISR.o)
 .debug_line    0x00003412      0x18d .\CortexM3\ARM_GCC_541\Debug\MotorPID.a(MotorB_PWM.o)
 .debug_line    0x0000359f       0x72 .\CortexM3\ARM_GCC_541\Debug\MotorPID.a(MotorB_Dir.o)
 .debug_line    0x00003611      0x194 .\CortexM3\ARM_GCC_541\Debug\MotorPID.a(MotorB_QuadDec_Cnt16.o)
 .debug_line    0x000037a5       0x66 .\CortexM3\ARM_GCC_541\Debug\MotorPID.a(CyBootAsmGnu.o)
 .debug_line    0x0000380b      0x21a .\CortexM3\ARM_GCC_541\Debug\MotorPID.a(CyFlash.o)
 .debug_line    0x00003a25      0x260 .\CortexM3\ARM_GCC_541\Debug\MotorPID.a(CySpc.o)

.debug_frame    0x00000000     0x3260
 *(.debug_frame)
 .debug_frame   0x00000000      0x31c .\CortexM3\ARM_GCC_541\Debug\main.o
 .debug_frame   0x0000031c      0x198 .\CortexM3\ARM_GCC_541\Debug\MotorsHW.o
 .debug_frame   0x000004b4      0x17c .\CortexM3\ARM_GCC_541\Debug\Motors.o
 .debug_frame   0x00000630      0x1fc .\CortexM3\ARM_GCC_541\Debug\ServosHW.o
 .debug_frame   0x0000082c      0x1ec .\CortexM3\ARM_GCC_541\Debug\Servos.o
 .debug_frame   0x00000a18       0xe4 .\CortexM3\ARM_GCC_541\Debug\cyfitter_cfg.o
 .debug_frame   0x00000afc       0xb8 .\CortexM3\ARM_GCC_541\Debug\Cm3Start.o
 .debug_frame   0x00000bb4       0x30 .\CortexM3\ARM_GCC_541\Debug\MotorPID.a(MotorA_Dir.o)
 .debug_frame   0x00000be4      0x134 .\CortexM3\ARM_GCC_541\Debug\MotorPID.a(MotorA_PWM.o)
 .debug_frame   0x00000d18      0x104 .\CortexM3\ARM_GCC_541\Debug\MotorPID.a(MotorA_ISR.o)
 .debug_frame   0x00000e1c       0xdc .\CortexM3\ARM_GCC_541\Debug\MotorPID.a(MotorA_QuadDec.o)
 .debug_frame   0x00000ef8      0x154 .\CortexM3\ARM_GCC_541\Debug\MotorPID.a(ServoAB.o)
 .debug_frame   0x0000104c      0x154 .\CortexM3\ARM_GCC_541\Debug\MotorPID.a(Servo_PWM.o)
 .debug_frame   0x000011a0      0x134 .\CortexM3\ARM_GCC_541\Debug\MotorPID.a(MotorA_QuadDec_Cnt16.o)
 .debug_frame   0x000012d4      0x738 .\CortexM3\ARM_GCC_541\Debug\MotorPID.a(CyLib.o)
 .debug_frame   0x00001a0c      0x1f8 .\CortexM3\ARM_GCC_541\Debug\MotorPID.a(cyPm.o)
 .debug_frame   0x00001c04      0x250 .\CortexM3\ARM_GCC_541\Debug\MotorPID.a(UART.o)
 .debug_frame   0x00001e54       0xe0 .\CortexM3\ARM_GCC_541\Debug\MotorPID.a(UART_IntClock.o)
 .debug_frame   0x00001f34      0x154 .\CortexM3\ARM_GCC_541\Debug\MotorPID.a(ServoCD.o)
 .debug_frame   0x00002088       0xdc .\CortexM3\ARM_GCC_541\Debug\MotorPID.a(MotorB_QuadDec.o)
 .debug_frame   0x00002164      0x104 .\CortexM3\ARM_GCC_541\Debug\MotorPID.a(MotorB_ISR.o)
 .debug_frame   0x00002268      0x134 .\CortexM3\ARM_GCC_541\Debug\MotorPID.a(MotorB_PWM.o)
 .debug_frame   0x0000239c       0x30 .\CortexM3\ARM_GCC_541\Debug\MotorPID.a(MotorB_Dir.o)
 .debug_frame   0x000023cc      0x134 .\CortexM3\ARM_GCC_541\Debug\MotorPID.a(MotorB_QuadDec_Cnt16.o)
 .debug_frame   0x00002500      0x194 .\CortexM3\ARM_GCC_541\Debug\MotorPID.a(CyFlash.o)
 .debug_frame   0x00002694      0x180 .\CortexM3\ARM_GCC_541\Debug\MotorPID.a(CySpc.o)
 .debug_frame   0x00002814       0x20 c:/program files (x86)/cypress/psoc creator/4.4/psoc creator/import/gnu/arm/5.4.1/bin/../lib/gcc/arm-none-eabi/5.4.1/../../../../arm-none-eabi/lib/armv7-m\libstdc++_nano.a(del_opv.o)
 .debug_frame   0x00002834       0x20 c:/program files (x86)/cypress/psoc creator/4.4/psoc creator/import/gnu/arm/5.4.1/bin/../lib/gcc/arm-none-eabi/5.4.1/../../../../arm-none-eabi/lib/armv7-m\libstdc++_nano.a(del_op.o)
 .debug_frame   0x00002854       0x20 c:/program files (x86)/cypress/psoc creator/4.4/psoc creator/import/gnu/arm/5.4.1/bin/../lib/gcc/arm-none-eabi/5.4.1/../../../../arm-none-eabi/lib/armv7-m\libstdc++_nano.a(new_opv.o)
 .debug_frame   0x00002874       0x28 c:/program files (x86)/cypress/psoc creator/4.4/psoc creator/import/gnu/arm/5.4.1/bin/../lib/gcc/arm-none-eabi/5.4.1/../../../../arm-none-eabi/lib/armv7-m\libstdc++_nano.a(new_op.o)
 .debug_frame   0x0000289c       0x30 c:/program files (x86)/cypress/psoc creator/4.4/psoc creator/import/gnu/arm/5.4.1/bin/../lib/gcc/arm-none-eabi/5.4.1/../../../../arm-none-eabi/lib/armv7-m\libstdc++_nano.a(new_handler.o)
 .debug_frame   0x000028cc       0x28 c:/program files (x86)/cypress/psoc creator/4.4/psoc creator/import/gnu/arm/5.4.1/bin/../lib/gcc/arm-none-eabi/5.4.1/../../../../arm-none-eabi/lib/armv7-m\libg_nano.a(lib_a-abort.o)
 .debug_frame   0x000028f4       0x20 c:/program files (x86)/cypress/psoc creator/4.4/psoc creator/import/gnu/arm/5.4.1/bin/../lib/gcc/arm-none-eabi/5.4.1/../../../../arm-none-eabi/lib/armv7-m\libg_nano.a(lib_a-errno.o)
 .debug_frame   0x00002914       0x28 c:/program files (x86)/cypress/psoc creator/4.4/psoc creator/import/gnu/arm/5.4.1/bin/../lib/gcc/arm-none-eabi/5.4.1/../../../../arm-none-eabi/lib/armv7-m\libg_nano.a(lib_a-exit.o)
 .debug_frame   0x0000293c       0x2c c:/program files (x86)/cypress/psoc creator/4.4/psoc creator/import/gnu/arm/5.4.1/bin/../lib/gcc/arm-none-eabi/5.4.1/../../../../arm-none-eabi/lib/armv7-m\libg_nano.a(lib_a-init.o)
 .debug_frame   0x00002968       0x30 c:/program files (x86)/cypress/psoc creator/4.4/psoc creator/import/gnu/arm/5.4.1/bin/../lib/gcc/arm-none-eabi/5.4.1/../../../../arm-none-eabi/lib/armv7-m\libg_nano.a(lib_a-malloc.o)
 .debug_frame   0x00002998       0x28 c:/program files (x86)/cypress/psoc creator/4.4/psoc creator/import/gnu/arm/5.4.1/bin/../lib/gcc/arm-none-eabi/5.4.1/../../../../arm-none-eabi/lib/armv7-m\libg_nano.a(lib_a-memcpy-stub.o)
 .debug_frame   0x000029c0       0x20 c:/program files (x86)/cypress/psoc creator/4.4/psoc creator/import/gnu/arm/5.4.1/bin/../lib/gcc/arm-none-eabi/5.4.1/../../../../arm-none-eabi/lib/armv7-m\libg_nano.a(lib_a-memset.o)
 .debug_frame   0x000029e0       0x38 c:/program files (x86)/cypress/psoc creator/4.4/psoc creator/import/gnu/arm/5.4.1/bin/../lib/gcc/arm-none-eabi/5.4.1/../../../../arm-none-eabi/lib/armv7-m\libg_nano.a(lib_a-nano-freer.o)
 .debug_frame   0x00002a18       0x2c c:/program files (x86)/cypress/psoc creator/4.4/psoc creator/import/gnu/arm/5.4.1/bin/../lib/gcc/arm-none-eabi/5.4.1/../../../../arm-none-eabi/lib/armv7-m\libg_nano.a(lib_a-nano-mallocr.o)
 .debug_frame   0x00002a44       0x8c c:/program files (x86)/cypress/psoc creator/4.4/psoc creator/import/gnu/arm/5.4.1/bin/../lib/gcc/arm-none-eabi/5.4.1/../../../../arm-none-eabi/lib/armv7-m\libg_nano.a(lib_a-nano-vfprintf_float.o)
 .debug_frame   0x00002ad0       0x60 c:/program files (x86)/cypress/psoc creator/4.4/psoc creator/import/gnu/arm/5.4.1/bin/../lib/gcc/arm-none-eabi/5.4.1/../../../../arm-none-eabi/lib/armv7-m\libg_nano.a(lib_a-nano-vfprintf_i.o)
 .debug_frame   0x00002b30       0x2c c:/program files (x86)/cypress/psoc creator/4.4/psoc creator/import/gnu/arm/5.4.1/bin/../lib/gcc/arm-none-eabi/5.4.1/../../../../arm-none-eabi/lib/armv7-m\libg_nano.a(lib_a-sbrkr.o)
 .debug_frame   0x00002b5c       0xcc c:/program files (x86)/cypress/psoc creator/4.4/psoc creator/import/gnu/arm/5.4.1/bin/../lib/gcc/arm-none-eabi/5.4.1/../../../../arm-none-eabi/lib/armv7-m\libg_nano.a(lib_a-signal.o)
 .debug_frame   0x00002c28       0x3c c:/program files (x86)/cypress/psoc creator/4.4/psoc creator/import/gnu/arm/5.4.1/bin/../lib/gcc/arm-none-eabi/5.4.1/../../../../arm-none-eabi/lib/armv7-m\libg_nano.a(lib_a-signalr.o)
 .debug_frame   0x00002c64       0x70 c:/program files (x86)/cypress/psoc creator/4.4/psoc creator/import/gnu/arm/5.4.1/bin/../lib/gcc/arm-none-eabi/5.4.1/../../../../arm-none-eabi/lib/armv7-m\libg_nano.a(lib_a-sprintf.o)
 .debug_frame   0x00002cd4       0x6c c:/program files (x86)/cypress/psoc creator/4.4/psoc creator/import/gnu/arm/5.4.1/bin/../lib/gcc/arm-none-eabi/5.4.1/../../../../arm-none-eabi/lib/armv7-m\libg_nano.a(lib_a-dtoa.o)
 .debug_frame   0x00002d40       0x98 c:/program files (x86)/cypress/psoc creator/4.4/psoc creator/import/gnu/arm/5.4.1/bin/../lib/gcc/arm-none-eabi/5.4.1/../../../../arm-none-eabi/lib/armv7-m\libg_nano.a(lib_a-locale.o)
 .debug_frame   0x00002dd8       0x28 c:/program files (x86)/cypress/psoc creator/4.4/psoc creator/import/gnu/arm/5.4.1/bin/../lib/gcc/arm-none-eabi/5.4.1/../../../../arm-none-eabi/lib/armv7-m\libg_nano.a(lib_a-memchr-stub.o)
 .debug_frame   0x00002e00       0x30 c:/program files (x86)/cypress/psoc creator/4.4/psoc creator/import/gnu/arm/5.4.1/bin/../lib/gcc/arm-none-eabi/5.4.1/../../../../arm-none-eabi/lib/armv7-m\libg_nano.a(lib_a-mlock.o)
 .debug_frame   0x00002e30      0x234 c:/program files (x86)/cypress/psoc creator/4.4/psoc creator/import/gnu/arm/5.4.1/bin/../lib/gcc/arm-none-eabi/5.4.1/../../../../arm-none-eabi/lib/armv7-m\libg_nano.a(lib_a-mprec.o)
 .debug_frame   0x00003064       0x2c c:/program files (x86)/cypress/psoc creator/4.4/psoc creator/import/gnu/arm/5.4.1/bin/../lib/gcc/arm-none-eabi/5.4.1/../../../../arm-none-eabi/lib/armv7-m\libg_nano.a(lib_a-nano-callocr.o)
 .debug_frame   0x00003090       0x90 c:/program files (x86)/cypress/psoc creator/4.4/psoc creator/import/gnu/arm/5.4.1/bin/../lib/gcc/arm-none-eabi/5.4.1/../../../../arm-none-eabi/lib/armv7-m\libg_nano.a(lib_a-nano-svfprintf.o)
 .debug_frame   0x00003120       0x5c c:/program files (x86)/cypress/psoc creator/4.4/psoc creator/import/gnu/arm/5.4.1/bin/../lib/gcc/arm-none-eabi/5.4.1/../../../../arm-none-eabi/lib/armv7-m\libg_nano.a(lib_a-reent.o)
 .debug_frame   0x0000317c       0x20 c:/program files (x86)/cypress/psoc creator/4.4/psoc creator/import/gnu/arm/5.4.1/bin/../lib/gcc/arm-none-eabi/5.4.1/../../../../arm-none-eabi/lib/armv7-m\libg_nano.a(lib_a-strcmp.o)
 .debug_frame   0x0000319c       0x28 c:/program files (x86)/cypress/psoc creator/4.4/psoc creator/import/gnu/arm/5.4.1/bin/../lib/gcc/arm-none-eabi/5.4.1/../../../../arm-none-eabi/lib/armv7-m\libg_nano.a(lib_a-memmove.o)
 .debug_frame   0x000031c4       0x3c c:/program files (x86)/cypress/psoc creator/4.4/psoc creator/import/gnu/arm/5.4.1/bin/../lib/gcc/arm-none-eabi/5.4.1/../../../../arm-none-eabi/lib/armv7-m\libg_nano.a(lib_a-nano-reallocr.o)
 .debug_frame   0x00003200       0x20 c:/program files (x86)/cypress/psoc creator/4.4/psoc creator/import/gnu/arm/5.4.1/bin/../lib/gcc/arm-none-eabi/5.4.1/../../../../arm-none-eabi/lib/armv7-m\libg_nano.a(lib_a-nano-msizer.o)
 .debug_frame   0x00003220       0x20 c:/program files (x86)/cypress/psoc creator/4.4/psoc creator/import/gnu/arm/5.4.1/bin/../lib/gcc/arm-none-eabi/5.4.1/../../../../arm-none-eabi/lib/armv7-m\libnosys.a(getpid.o)
 .debug_frame   0x00003240       0x20 c:/program files (x86)/cypress/psoc creator/4.4/psoc creator/import/gnu/arm/5.4.1/bin/../lib/gcc/arm-none-eabi/5.4.1/../../../../arm-none-eabi/lib/armv7-m\libnosys.a(kill.o)

.debug_str      0x00000000     0x4301
 *(.debug_str)
 .debug_str     0x00000000     0x1290 .\CortexM3\ARM_GCC_541\Debug\main.o
                               0x131d (size before relaxing)
 .debug_str     0x00001290      0x371 .\CortexM3\ARM_GCC_541\Debug\MotorsHW.o
                                0x4b8 (size before relaxing)
 .debug_str     0x00001601      0x1ae .\CortexM3\ARM_GCC_541\Debug\Motors.o
                                0x52a (size before relaxing)
 .debug_str     0x000017af      0x293 .\CortexM3\ARM_GCC_541\Debug\ServosHW.o
                                0x44a (size before relaxing)
 .debug_str     0x00001a42      0x29f .\CortexM3\ARM_GCC_541\Debug\Servos.o
                                0x68e (size before relaxing)
 .debug_str     0x00001ce1      0x1b6 .\CortexM3\ARM_GCC_541\Debug\cyfitter_cfg.o
                                0x353 (size before relaxing)