ARM GAS  C:\Users\PC\AppData\Local\Temp\cce76cQV.s 			page 1


   1              		.syntax unified
   2              		.cpu cortex-m3
   3              		.fpu softvfp
   4              		.eabi_attribute 20, 1
   5              		.eabi_attribute 21, 1
   6              		.eabi_attribute 23, 3
   7              		.eabi_attribute 24, 1
   8              		.eabi_attribute 25, 1
   9              		.eabi_attribute 26, 1
  10              		.eabi_attribute 30, 1
  11              		.eabi_attribute 34, 1
  12              		.eabi_attribute 18, 4
  13              		.thumb
  14              		.syntax unified
  15              		.file	"ServoHW.c"
  16              		.text
  17              	.Ltext0:
  18              		.cfi_sections	.debug_frame
  19              		.section	.text.ServoDriver_Start,"ax",%progbits
  20              		.align	2
  21              		.global	ServoDriver_Start
  22              		.thumb
  23              		.thumb_func
  24              		.type	ServoDriver_Start, %function
  25              	ServoDriver_Start:
  26              	.LFB63:
  27              		.file 1 "ServoHW.c"
   1:ServoHW.c     **** /* ========================================
   2:ServoHW.c     ****  *
   3:ServoHW.c     ****  * Copyright YOUR COMPANY, THE YEAR
   4:ServoHW.c     ****  * All Rights Reserved
   5:ServoHW.c     ****  * UNPUBLISHED, LICENSED SOFTWARE.
   6:ServoHW.c     ****  *
   7:ServoHW.c     ****  * CONFIDENTIAL AND PROPRIETARY INFORMATION
   8:ServoHW.c     ****  * WHICH IS THE PROPERTY OF your company.
   9:ServoHW.c     ****  *
  10:ServoHW.c     ****  * ========================================
  11:ServoHW.c     **** */
  12:ServoHW.c     ****     #include "project.h"
  13:ServoHW.c     **** 
  14:ServoHW.c     ****     void ServoDriver_Start(){
  28              		.loc 1 14 0
  29              		.cfi_startproc
  30              		@ args = 0, pretend = 0, frame = 0
  31              		@ frame_needed = 0, uses_anonymous_args = 0
  32 0000 08B5     		push	{r3, lr}
  33              		.cfi_def_cfa_offset 8
  34              		.cfi_offset 3, -8
  35              		.cfi_offset 14, -4
  15:ServoHW.c     ****         Servo_PWM_Start();
  36              		.loc 1 15 0
  37 0002 FFF7FEFF 		bl	Servo_PWM_Start
  38              	.LVL0:
  16:ServoHW.c     ****         ServoAB_Start();
  39              		.loc 1 16 0
  40 0006 FFF7FEFF 		bl	ServoAB_Start
  41              	.LVL1:
ARM GAS  C:\Users\PC\AppData\Local\Temp\cce76cQV.s 			page 2


  17:ServoHW.c     ****         ServoCD_Start();
  42              		.loc 1 17 0
  43 000a FFF7FEFF 		bl	ServoCD_Start
  44              	.LVL2:
  45 000e 08BD     		pop	{r3, pc}
  46              		.cfi_endproc
  47              	.LFE63:
  48              		.size	ServoDriver_Start, .-ServoDriver_Start
  49              		.text
  50              	.Letext0:
  51              		.file 2 "c:\\program files (x86)\\cypress\\psoc creator\\4.4\\psoc creator\\import\\gnu\\arm\\5.4.
  52              		.file 3 "c:\\program files (x86)\\cypress\\psoc creator\\4.4\\psoc creator\\import\\gnu\\arm\\5.4.
  53              		.file 4 "Generated_Source\\PSoC5/Servo_PWM.h"
  54              		.file 5 "Generated_Source\\PSoC5/ServoAB.h"
  55              		.file 6 "Generated_Source\\PSoC5/ServoCD.h"
  56              		.file 7 "Generated_Source\\PSoC5/core_cm3.h"
  57              		.section	.debug_info,"",%progbits
  58              	.Ldebug_info0:
  59 0000 04010000 		.4byte	0x104
  60 0004 0400     		.2byte	0x4
  61 0006 00000000 		.4byte	.Ldebug_abbrev0
  62 000a 04       		.byte	0x4
  63 000b 01       		.uleb128 0x1
  64 000c 3C000000 		.4byte	.LASF19
  65 0010 0C       		.byte	0xc
  66 0011 DC000000 		.4byte	.LASF20
  67 0015 7F010000 		.4byte	.LASF21
  68 0019 00000000 		.4byte	.Ldebug_ranges0+0
  69 001d 00000000 		.4byte	0
  70 0021 00000000 		.4byte	.Ldebug_line0
  71 0025 02       		.uleb128 0x2
  72 0026 01       		.byte	0x1
  73 0027 06       		.byte	0x6
  74 0028 4D010000 		.4byte	.LASF0
  75 002c 02       		.uleb128 0x2
  76 002d 01       		.byte	0x1
  77 002e 08       		.byte	0x8
  78 002f 1D010000 		.4byte	.LASF1
  79 0033 02       		.uleb128 0x2
  80 0034 02       		.byte	0x2
  81 0035 05       		.byte	0x5
  82 0036 D0010000 		.4byte	.LASF2
  83 003a 02       		.uleb128 0x2
  84 003b 02       		.byte	0x2
  85 003c 07       		.byte	0x7
  86 003d 0E000000 		.4byte	.LASF3
  87 0041 03       		.uleb128 0x3
  88 0042 65010000 		.4byte	.LASF9
  89 0046 02       		.byte	0x2
  90 0047 3F       		.byte	0x3f
  91 0048 4C000000 		.4byte	0x4c
  92 004c 02       		.uleb128 0x2
  93 004d 04       		.byte	0x4
  94 004e 05       		.byte	0x5
  95 004f 30010000 		.4byte	.LASF4
  96 0053 02       		.uleb128 0x2
  97 0054 04       		.byte	0x4
ARM GAS  C:\Users\PC\AppData\Local\Temp\cce76cQV.s 			page 3


  98 0055 07       		.byte	0x7
  99 0056 CA000000 		.4byte	.LASF5
 100 005a 02       		.uleb128 0x2
 101 005b 08       		.byte	0x8
 102 005c 05       		.byte	0x5
 103 005d 00000000 		.4byte	.LASF6
 104 0061 02       		.uleb128 0x2
 105 0062 08       		.byte	0x8
 106 0063 07       		.byte	0x7
 107 0064 E6000000 		.4byte	.LASF7
 108 0068 04       		.uleb128 0x4
 109 0069 04       		.byte	0x4
 110 006a 05       		.byte	0x5
 111 006b 696E7400 		.ascii	"int\000"
 112 006f 02       		.uleb128 0x2
 113 0070 04       		.byte	0x4
 114 0071 07       		.byte	0x7
 115 0072 21000000 		.4byte	.LASF8
 116 0076 03       		.uleb128 0x3
 117 0077 DA010000 		.4byte	.LASF10
 118 007b 03       		.byte	0x3
 119 007c 2C       		.byte	0x2c
 120 007d 41000000 		.4byte	0x41
 121 0081 02       		.uleb128 0x2
 122 0082 04       		.byte	0x4
 123 0083 04       		.byte	0x4
 124 0084 CA010000 		.4byte	.LASF11
 125 0088 02       		.uleb128 0x2
 126 0089 08       		.byte	0x8
 127 008a 04       		.byte	0x4
 128 008b 39010000 		.4byte	.LASF12
 129 008f 02       		.uleb128 0x2
 130 0090 01       		.byte	0x1
 131 0091 08       		.byte	0x8
 132 0092 2B010000 		.4byte	.LASF13
 133 0096 02       		.uleb128 0x2
 134 0097 08       		.byte	0x8
 135 0098 04       		.byte	0x4
 136 0099 59010000 		.4byte	.LASF14
 137 009d 02       		.uleb128 0x2
 138 009e 04       		.byte	0x4
 139 009f 07       		.byte	0x7
 140 00a0 E2010000 		.4byte	.LASF15
 141 00a4 05       		.uleb128 0x5
 142 00a5 FD000000 		.4byte	.LASF22
 143 00a9 01       		.byte	0x1
 144 00aa 0E       		.byte	0xe
 145 00ab 00000000 		.4byte	.LFB63
 146 00af 10000000 		.4byte	.LFE63-.LFB63
 147 00b3 01       		.uleb128 0x1
 148 00b4 9C       		.byte	0x9c
 149 00b5 D5000000 		.4byte	0xd5
 150 00b9 06       		.uleb128 0x6
 151 00ba 06000000 		.4byte	.LVL0
 152 00be E6000000 		.4byte	0xe6
 153 00c2 06       		.uleb128 0x6
 154 00c3 0A000000 		.4byte	.LVL1
ARM GAS  C:\Users\PC\AppData\Local\Temp\cce76cQV.s 			page 4


 155 00c7 F1000000 		.4byte	0xf1
 156 00cb 06       		.uleb128 0x6
 157 00cc 0E000000 		.4byte	.LVL2
 158 00d0 FC000000 		.4byte	0xfc
 159 00d4 00       		.byte	0
 160 00d5 07       		.uleb128 0x7
 161 00d6 40010000 		.4byte	.LASF23
 162 00da 07       		.byte	0x7
 163 00db 1207     		.2byte	0x712
 164 00dd E1000000 		.4byte	0xe1
 165 00e1 08       		.uleb128 0x8
 166 00e2 76000000 		.4byte	0x76
 167 00e6 09       		.uleb128 0x9
 168 00e7 6F010000 		.4byte	.LASF16
 169 00eb 6F010000 		.4byte	.LASF16
 170 00ef 04       		.byte	0x4
 171 00f0 92       		.byte	0x92
 172 00f1 09       		.uleb128 0x9
 173 00f2 0F010000 		.4byte	.LASF17
 174 00f6 0F010000 		.4byte	.LASF17
 175 00fa 05       		.byte	0x5
 176 00fb 92       		.byte	0x92
 177 00fc 09       		.uleb128 0x9
 178 00fd 2E000000 		.4byte	.LASF18
 179 0101 2E000000 		.4byte	.LASF18
 180 0105 06       		.byte	0x6
 181 0106 92       		.byte	0x92
 182 0107 00       		.byte	0
 183              		.section	.debug_abbrev,"",%progbits
 184              	.Ldebug_abbrev0:
 185 0000 01       		.uleb128 0x1
 186 0001 11       		.uleb128 0x11
 187 0002 01       		.byte	0x1
 188 0003 25       		.uleb128 0x25
 189 0004 0E       		.uleb128 0xe
 190 0005 13       		.uleb128 0x13
 191 0006 0B       		.uleb128 0xb
 192 0007 03       		.uleb128 0x3
 193 0008 0E       		.uleb128 0xe
 194 0009 1B       		.uleb128 0x1b
 195 000a 0E       		.uleb128 0xe
 196 000b 55       		.uleb128 0x55
 197 000c 17       		.uleb128 0x17
 198 000d 11       		.uleb128 0x11
 199 000e 01       		.uleb128 0x1
 200 000f 10       		.uleb128 0x10
 201 0010 17       		.uleb128 0x17
 202 0011 00       		.byte	0
 203 0012 00       		.byte	0
 204 0013 02       		.uleb128 0x2
 205 0014 24       		.uleb128 0x24
 206 0015 00       		.byte	0
 207 0016 0B       		.uleb128 0xb
 208 0017 0B       		.uleb128 0xb
 209 0018 3E       		.uleb128 0x3e
 210 0019 0B       		.uleb128 0xb
 211 001a 03       		.uleb128 0x3
ARM GAS  C:\Users\PC\AppData\Local\Temp\cce76cQV.s 			page 5


 212 001b 0E       		.uleb128 0xe
 213 001c 00       		.byte	0
 214 001d 00       		.byte	0
 215 001e 03       		.uleb128 0x3
 216 001f 16       		.uleb128 0x16
 217 0020 00       		.byte	0
 218 0021 03       		.uleb128 0x3
 219 0022 0E       		.uleb128 0xe
 220 0023 3A       		.uleb128 0x3a
 221 0024 0B       		.uleb128 0xb
 222 0025 3B       		.uleb128 0x3b
 223 0026 0B       		.uleb128 0xb
 224 0027 49       		.uleb128 0x49
 225 0028 13       		.uleb128 0x13
 226 0029 00       		.byte	0
 227 002a 00       		.byte	0
 228 002b 04       		.uleb128 0x4
 229 002c 24       		.uleb128 0x24
 230 002d 00       		.byte	0
 231 002e 0B       		.uleb128 0xb
 232 002f 0B       		.uleb128 0xb
 233 0030 3E       		.uleb128 0x3e
 234 0031 0B       		.uleb128 0xb
 235 0032 03       		.uleb128 0x3
 236 0033 08       		.uleb128 0x8
 237 0034 00       		.byte	0
 238 0035 00       		.byte	0
 239 0036 05       		.uleb128 0x5
 240 0037 2E       		.uleb128 0x2e
 241 0038 01       		.byte	0x1
 242 0039 3F       		.uleb128 0x3f
 243 003a 19       		.uleb128 0x19
 244 003b 03       		.uleb128 0x3
 245 003c 0E       		.uleb128 0xe
 246 003d 3A       		.uleb128 0x3a
 247 003e 0B       		.uleb128 0xb
 248 003f 3B       		.uleb128 0x3b
 249 0040 0B       		.uleb128 0xb
 250 0041 11       		.uleb128 0x11
 251 0042 01       		.uleb128 0x1
 252 0043 12       		.uleb128 0x12
 253 0044 06       		.uleb128 0x6
 254 0045 40       		.uleb128 0x40
 255 0046 18       		.uleb128 0x18
 256 0047 9742     		.uleb128 0x2117
 257 0049 19       		.uleb128 0x19
 258 004a 01       		.uleb128 0x1
 259 004b 13       		.uleb128 0x13
 260 004c 00       		.byte	0
 261 004d 00       		.byte	0
 262 004e 06       		.uleb128 0x6
 263 004f 898201   		.uleb128 0x4109
 264 0052 00       		.byte	0
 265 0053 11       		.uleb128 0x11
 266 0054 01       		.uleb128 0x1
 267 0055 31       		.uleb128 0x31
 268 0056 13       		.uleb128 0x13
ARM GAS  C:\Users\PC\AppData\Local\Temp\cce76cQV.s 			page 6


 269 0057 00       		.byte	0
 270 0058 00       		.byte	0
 271 0059 07       		.uleb128 0x7
 272 005a 34       		.uleb128 0x34
 273 005b 00       		.byte	0
 274 005c 03       		.uleb128 0x3
 275 005d 0E       		.uleb128 0xe
 276 005e 3A       		.uleb128 0x3a
 277 005f 0B       		.uleb128 0xb
 278 0060 3B       		.uleb128 0x3b
 279 0061 05       		.uleb128 0x5
 280 0062 49       		.uleb128 0x49
 281 0063 13       		.uleb128 0x13
 282 0064 3F       		.uleb128 0x3f
 283 0065 19       		.uleb128 0x19
 284 0066 3C       		.uleb128 0x3c
 285 0067 19       		.uleb128 0x19
 286 0068 00       		.byte	0
 287 0069 00       		.byte	0
 288 006a 08       		.uleb128 0x8
 289 006b 35       		.uleb128 0x35
 290 006c 00       		.byte	0
 291 006d 49       		.uleb128 0x49
 292 006e 13       		.uleb128 0x13
 293 006f 00       		.byte	0
 294 0070 00       		.byte	0
 295 0071 09       		.uleb128 0x9
 296 0072 2E       		.uleb128 0x2e
 297 0073 00       		.byte	0
 298 0074 3F       		.uleb128 0x3f
 299 0075 19       		.uleb128 0x19
 300 0076 3C       		.uleb128 0x3c
 301 0077 19       		.uleb128 0x19
 302 0078 6E       		.uleb128 0x6e
 303 0079 0E       		.uleb128 0xe
 304 007a 03       		.uleb128 0x3
 305 007b 0E       		.uleb128 0xe
 306 007c 3A       		.uleb128 0x3a
 307 007d 0B       		.uleb128 0xb
 308 007e 3B       		.uleb128 0x3b
 309 007f 0B       		.uleb128 0xb
 310 0080 00       		.byte	0
 311 0081 00       		.byte	0
 312 0082 00       		.byte	0
 313              		.section	.debug_aranges,"",%progbits
 314 0000 1C000000 		.4byte	0x1c
 315 0004 0200     		.2byte	0x2
 316 0006 00000000 		.4byte	.Ldebug_info0
 317 000a 04       		.byte	0x4
 318 000b 00       		.byte	0
 319 000c 0000     		.2byte	0
 320 000e 0000     		.2byte	0
 321 0010 00000000 		.4byte	.LFB63
 322 0014 10000000 		.4byte	.LFE63-.LFB63
 323 0018 00000000 		.4byte	0
 324 001c 00000000 		.4byte	0
 325              		.section	.debug_ranges,"",%progbits
ARM GAS  C:\Users\PC\AppData\Local\Temp\cce76cQV.s 			page 7


 326              	.Ldebug_ranges0:
 327 0000 00000000 		.4byte	.LFB63
 328 0004 10000000 		.4byte	.LFE63
 329 0008 00000000 		.4byte	0
 330 000c 00000000 		.4byte	0
 331              		.section	.debug_line,"",%progbits
 332              	.Ldebug_line0:
 333 0000 83010000 		.section	.debug_str,"MS",%progbits,1
 333      02006B01 
 333      00000201 
 333      FB0E0D00 
 333      01010101 
 334              	.LASF6:
 335 0000 6C6F6E67 		.ascii	"long long int\000"
 335      206C6F6E 
 335      6720696E 
 335      7400
 336              	.LASF3:
 337 000e 73686F72 		.ascii	"short unsigned int\000"
 337      7420756E 
 337      7369676E 
 337      65642069 
 337      6E7400
 338              	.LASF8:
 339 0021 756E7369 		.ascii	"unsigned int\000"
 339      676E6564 
 339      20696E74 
 339      00
 340              	.LASF18:
 341 002e 53657276 		.ascii	"ServoCD_Start\000"
 341      6F43445F 
 341      53746172 
 341      7400
 342              	.LASF19:
 343 003c 474E5520 		.ascii	"GNU C11 5.4.1 20160609 (release) [ARM/embedded-5-br"
 343      43313120 
 343      352E342E 
 343      31203230 
 343      31363036 
 344 006f 616E6368 		.ascii	"anch revision 237715] -mcpu=cortex-m3 -mthumb -g -O"
 344      20726576 
 344      6973696F 
 344      6E203233 
 344      37373135 
 345 00a2 67202D66 		.ascii	"g -ffunction-sections -ffat-lto-objects\000"
 345      66756E63 
 345      74696F6E 
 345      2D736563 
 345      74696F6E 
 346              	.LASF5:
 347 00ca 6C6F6E67 		.ascii	"long unsigned int\000"
 347      20756E73 
 347      69676E65 
 347      6420696E 
 347      7400
 348              	.LASF20:
 349 00dc 53657276 		.ascii	"ServoHW.c\000"
ARM GAS  C:\Users\PC\AppData\Local\Temp\cce76cQV.s 			page 8


 349      6F48572E 
 349      6300
 350              	.LASF7:
 351 00e6 6C6F6E67 		.ascii	"long long unsigned int\000"
 351      206C6F6E 
 351      6720756E 
 351      7369676E 
 351      65642069 
 352              	.LASF22:
 353 00fd 53657276 		.ascii	"ServoDriver_Start\000"
 353      6F447269 
 353      7665725F 
 353      53746172 
 353      7400
 354              	.LASF17:
 355 010f 53657276 		.ascii	"ServoAB_Start\000"
 355      6F41425F 
 355      53746172 
 355      7400
 356              	.LASF1:
 357 011d 756E7369 		.ascii	"unsigned char\000"
 357      676E6564 
 357      20636861 
 357      7200
 358              	.LASF13:
 359 012b 63686172 		.ascii	"char\000"
 359      00
 360              	.LASF4:
 361 0130 6C6F6E67 		.ascii	"long int\000"
 361      20696E74 
 361      00
 362              	.LASF12:
 363 0139 646F7562 		.ascii	"double\000"
 363      6C6500
 364              	.LASF23:
 365 0140 49544D5F 		.ascii	"ITM_RxBuffer\000"
 365      52784275 
 365      66666572 
 365      00
 366              	.LASF0:
 367 014d 7369676E 		.ascii	"signed char\000"
 367      65642063 
 367      68617200 
 368              	.LASF14:
 369 0159 6C6F6E67 		.ascii	"long double\000"
 369      20646F75 
 369      626C6500 
 370              	.LASF9:
 371 0165 5F5F696E 		.ascii	"__int32_t\000"
 371      7433325F 
 371      7400
 372              	.LASF16:
 373 016f 53657276 		.ascii	"Servo_PWM_Start\000"
 373      6F5F5057 
 373      4D5F5374 
 373      61727400 
 374              	.LASF21:
ARM GAS  C:\Users\PC\AppData\Local\Temp\cce76cQV.s 			page 9


 375 017f 433A5C55 		.ascii	"C:\\Users\\PC\\Dropbox\\CodeSpaces\\PSoC\\RoboticAr"
 375      73657273 
 375      5C50435C 
 375      44726F70 
 375      626F785C 
 376 01ac 6D5C5053 		.ascii	"m\\PSoC_Creator\\MotorPID.cydsn\000"
 376      6F435F43 
 376      72656174 
 376      6F725C4D 
 376      6F746F72 
 377              	.LASF11:
 378 01ca 666C6F61 		.ascii	"float\000"
 378      7400
 379              	.LASF2:
 380 01d0 73686F72 		.ascii	"short int\000"
 380      7420696E 
 380      7400
 381              	.LASF10:
 382 01da 696E7433 		.ascii	"int32_t\000"
 382      325F7400 
 383              	.LASF15:
 384 01e2 73697A65 		.ascii	"sizetype\000"
 384      74797065 
 384      00
 385              		.ident	"GCC: (GNU Tools for ARM Embedded Processors) 5.4.1 20160609 (release) [ARM/embedded-5-bran
