--------------- Clean Started: 05/24/2026 17:34:03 Project: MotorPID, Configuration: ARM GCC 5.4-2016-q2-update Debug ---------------
Deleting file ".\CortexM3\ARM_GCC_541\Debug\main.o"
Deleting file ".\CortexM3\ARM_GCC_541\Debug\MotorA_HW.o"
Deleting file ".\CortexM3\ARM_GCC_541\Debug\MotorA.o"
Deleting file ".\CortexM3\ARM_GCC_541\Debug\cyfitter_cfg.o"
Deleting file ".\CortexM3\ARM_GCC_541\Debug\cymetadata.o"
Deleting file ".\CortexM3\ARM_GCC_541\Debug\MotorA_Dir.o"
Deleting file ".\CortexM3\ARM_GCC_541\Debug\MotorA_Dir_PM.o"
Deleting file ".\CortexM3\ARM_GCC_541\Debug\UART_1.o"
Deleting file ".\CortexM3\ARM_GCC_541\Debug\UART_1_PM.o"
Deleting file ".\CortexM3\ARM_GCC_541\Debug\UART_1_INT.o"
Deleting file ".\CortexM3\ARM_GCC_541\Debug\UART_1_BOOT.o"
Deleting file ".\CortexM3\ARM_GCC_541\Debug\MotorPWM.o"
Deleting file ".\CortexM3\ARM_GCC_541\Debug\MotorA_PWM.o"
Deleting file ".\CortexM3\ARM_GCC_541\Debug\MotorA_PWM_PM.o"
Deleting file ".\CortexM3\ARM_GCC_541\Debug\MotorCW.o"
Deleting file ".\CortexM3\ARM_GCC_541\Debug\usCounter.o"
Deleting file ".\CortexM3\ARM_GCC_541\Debug\usCounter_PM.o"
Deleting file ".\CortexM3\ARM_GCC_541\Debug\Clock_3.o"
Deleting file ".\CortexM3\ARM_GCC_541\Debug\MotorA_ISR.o"
Deleting file ".\CortexM3\ARM_GCC_541\Debug\Encoder.o"
Deleting file ".\CortexM3\ARM_GCC_541\Debug\MotorA_QuadDec.o"
Deleting file ".\CortexM3\ARM_GCC_541\Debug\MotorA_QuadDec_PM.o"
Deleting file ".\CortexM3\ARM_GCC_541\Debug\MotorCCW.o"
Deleting file ".\CortexM3\ARM_GCC_541\Debug\ServoAB.o"
Deleting file ".\CortexM3\ARM_GCC_541\Debug\ServoAB_PM.o"
Deleting file ".\CortexM3\ARM_GCC_541\Debug\ServoA_Out.o"
Deleting file ".\CortexM3\ARM_GCC_541\Debug\Clock_4.o"
Deleting file ".\CortexM3\ARM_GCC_541\Debug\Servo_PWM.o"
Deleting file ".\CortexM3\ARM_GCC_541\Debug\Servo_PWM_PM.o"
Deleting file ".\CortexM3\ARM_GCC_541\Debug\ServoB_Out.o"
Deleting file ".\CortexM3\ARM_GCC_541\Debug\UART_1_IntClock.o"
Deleting file ".\CortexM3\ARM_GCC_541\Debug\MotorA_QuadDec_Cnt16.o"
Deleting file ".\CortexM3\ARM_GCC_541\Debug\MotorA_QuadDec_Cnt16_PM.o"
Deleting file ".\CortexM3\ARM_GCC_541\Debug\Cm3Start.o"
Deleting file ".\CortexM3\ARM_GCC_541\Debug\CyBootAsmGnu.o"
Deleting file ".\CortexM3\ARM_GCC_541\Debug\CyDmac.o"
Deleting file ".\CortexM3\ARM_GCC_541\Debug\CyFlash.o"
Deleting file ".\CortexM3\ARM_GCC_541\Debug\CyLib.o"
Deleting file ".\CortexM3\ARM_GCC_541\Debug\cyPm.o"
Deleting file ".\CortexM3\ARM_GCC_541\Debug\CySpc.o"
Deleting file ".\CortexM3\ARM_GCC_541\Debug\cyutils.o"
Deleting file ".\CortexM3\ARM_GCC_541\Debug\cy_em_eeprom.o"
Deleting file ".\CortexM3\ARM_GCC_541\Debug\MotorPID.hex"
Deleting file ".\CortexM3\ARM_GCC_541\Debug\MotorPID.elf"
Deleting file ".\CortexM3\ARM_GCC_541\Debug\MotorPID.map"
Deleting file ".\MotorPID.cycdx"
Deleting file ".\MotorPID.svd"
Deleting file ".\MotorPID.rpt"
Deleting file ".\MotorPID_timing.html"
Deleting file ".\CortexM3\ARM_GCC_541\Debug\.deps\SOURCE_C__ARM_GCC_GENERIC.P"
Deleting file ".\CortexM3\ARM_GCC_541\Debug\.deps\SOURCE_ASM__ARM_GCC_GENERIC.P"
--------------- Clean Succeeded: 05/24/2026 17:34:03 ---------------
