--------------- Rebuild Started: 05/27/2026 14:22:02 Project: MotorPID, Configuration: ARM GCC 5.4-2016-q2-update Debug ---------------
Deleting file ".\CortexM3\ARM_GCC_541\Debug\main.o"
Deleting file ".\CortexM3\ARM_GCC_541\Debug\MotorsHW.o"
Deleting file ".\CortexM3\ARM_GCC_541\Debug\Motors.o"
Deleting file ".\CortexM3\ARM_GCC_541\Debug\ServosHW.o"
Deleting file ".\CortexM3\ARM_GCC_541\Debug\Servos.o"
Deleting file ".\CortexM3\ARM_GCC_541\Debug\cyfitter_cfg.o"
Deleting file ".\CortexM3\ARM_GCC_541\Debug\cymetadata.o"
Deleting file ".\CortexM3\ARM_GCC_541\Debug\MotorA_Dir.o"
Deleting file ".\CortexM3\ARM_GCC_541\Debug\MotorA_Dir_PM.o"
Deleting file ".\CortexM3\ARM_GCC_541\Debug\MotorA_PWM.o"
Deleting file ".\CortexM3\ARM_GCC_541\Debug\MotorA_PWM_PM.o"
Deleting file ".\CortexM3\ARM_GCC_541\Debug\MotorCW.o"
Deleting file ".\CortexM3\ARM_GCC_541\Debug\usCounter.o"
Deleting file ".\CortexM3\ARM_GCC_541\Debug\usCounter_PM.o"
Deleting file ".\CortexM3\ARM_GCC_541\Debug\Clock_3.o"
Deleting file ".\CortexM3\ARM_GCC_541\Debug\MotorA_ISR.o"
Deleting file ".\CortexM3\ARM_GCC_541\Debug\MotorA_QuadDec.o"
Deleting file ".\CortexM3\ARM_GCC_541\Debug\MotorA_QuadDec_PM.o"
Deleting file ".\CortexM3\ARM_GCC_541\Debug\MotorCCW.o"
Deleting file ".\CortexM3\ARM_GCC_541\Debug\ServoAB.o"
Deleting file ".\CortexM3\ARM_GCC_541\Debug\ServoAB_PM.o"
Deleting file ".\CortexM3\ARM_GCC_541\Debug\ServoA_Out.o"
Deleting file ".\CortexM3\ARM_GCC_541\Debug\Clock_4.o"
Deleting file ".\CortexM3\ARM_GCC_541\Debug\Servo_PWM.o"
Deleting file ".\CortexM3\ARM_GCC_541\Debug\Servo_PWM_PM.o"
Deleting file ".\CortexM3\ARM_GCC_541\Debug\ServoB_Out.o"
Deleting file ".\CortexM3\ARM_GCC_541\Debug\MotorA_QuadDec_Cnt16.o"
Deleting file ".\CortexM3\ARM_GCC_541\Debug\MotorA_QuadDec_Cnt16_PM.o"
Deleting file ".\CortexM3\ARM_GCC_541\Debug\Cm3Start.o"
Deleting file ".\CortexM3\ARM_GCC_541\Debug\CyBootAsmGnu.o"
Deleting file ".\CortexM3\ARM_GCC_541\Debug\CyDmac.o"
Deleting file ".\CortexM3\ARM_GCC_541\Debug\CyFlash.o"
Deleting file ".\CortexM3\ARM_GCC_541\Debug\CyLib.o"
Deleting file ".\CortexM3\ARM_GCC_541\Debug\cyPm.o"
Deleting file ".\CortexM3\ARM_GCC_541\Debug\CySpc.o"
Deleting file ".\CortexM3\ARM_GCC_541\Debug\cyutils.o"
Deleting file ".\CortexM3\ARM_GCC_541\Debug\cy_em_eeprom.o"
Deleting file ".\CortexM3\ARM_GCC_541\Debug\UART.o"
Deleting file ".\CortexM3\ARM_GCC_541\Debug\UART_PM.o"
Deleting file ".\CortexM3\ARM_GCC_541\Debug\UART_INT.o"
Deleting file ".\CortexM3\ARM_GCC_541\Debug\UART_BOOT.o"
Deleting file ".\CortexM3\ARM_GCC_541\Debug\UART_IntClock.o"
Deleting file ".\CortexM3\ARM_GCC_541\Debug\MA_PWM.o"
Deleting file ".\CortexM3\ARM_GCC_541\Debug\MA_Encoder.o"
Deleting file ".\CortexM3\ARM_GCC_541\Debug\ServoD_Out.o"
Deleting file ".\CortexM3\ARM_GCC_541\Debug\ServoCD.o"
Deleting file ".\CortexM3\ARM_GCC_541\Debug\ServoCD_PM.o"
Deleting file ".\CortexM3\ARM_GCC_541\Debug\ServoC_Out.o"
Deleting file ".\CortexM3\ARM_GCC_541\Debug\MotorB_QuadDec.o"
Deleting file ".\CortexM3\ARM_GCC_541\Debug\MotorB_QuadDec_PM.o"
Deleting file ".\CortexM3\ARM_GCC_541\Debug\MB_Encoder.o"
Deleting file ".\CortexM3\ARM_GCC_541\Debug\MotorB_ISR.o"
Deleting file ".\CortexM3\ARM_GCC_541\Debug\MotorB_PWM.o"
Deleting file ".\CortexM3\ARM_GCC_541\Debug\MotorB_PWM_PM.o"
Deleting file ".\CortexM3\ARM_GCC_541\Debug\MB_PWM.o"
Deleting file ".\CortexM3\ARM_GCC_541\Debug\MotorCW_1.o"
Deleting file ".\CortexM3\ARM_GCC_541\Debug\MotorB_Dir.o"
Deleting file ".\CortexM3\ARM_GCC_541\Debug\MotorB_Dir_PM.o"
Deleting file ".\CortexM3\ARM_GCC_541\Debug\MotorCCW_1.o"
Deleting file ".\CortexM3\ARM_GCC_541\Debug\MotorB_QuadDec_Cnt16.o"
Deleting file ".\CortexM3\ARM_GCC_541\Debug\MotorB_QuadDec_Cnt16_PM.o"
Deleting file ".\CortexM3\ARM_GCC_541\Debug\MotorPID.hex"
Deleting file ".\CortexM3\ARM_GCC_541\Debug\MotorPID.elf"
Deleting file ".\CortexM3\ARM_GCC_541\Debug\MotorPID.map"
Deleting file ".\MotorPID.cycdx"
Deleting file ".\MotorPID.svd"
Deleting file ".\MotorPID.rpt"
Deleting file ".\MotorPID_timing.html"
Deleting file ".\CortexM3\ARM_GCC_541\Debug\.deps\SOURCE_C__ARM_GCC_GENERIC.P"
Deleting file ".\CortexM3\ARM_GCC_541\Debug\.deps\SOURCE_ASM__ARM_GCC_GENERIC.P"
cydsfit.exe -.appdatapath "C:\Users\PC\AppData\Local\Cypress Semiconductor\PSoC Creator\4.4" -.fdsnotice -.fdswarpdepfile=warp_dependencies.txt -.fdselabdepfile=elab_dependencies.txt -.fdsbldfile=generated_files.txt -.fdsreffile=referenced_files.txt -p C:\Users\PC\Dropbox\CodeSpaces\PSoC\RoboticArm\PSoC_Creator\MotorPID.cydsn\MotorPID.cyprj -d CY8C5888LTI-LP097 -s C:\Users\PC\Dropbox\CodeSpaces\PSoC\RoboticArm\PSoC_Creator\MotorPID.cydsn\Generated_Source\PSoC5 -- -yv2 -q10 -ygs -o2 -v3 -.fftcfgtype=LE
Elaborating Design...
HDL Generation...
Synthesis...
Tech Mapping...
ADD: pft.M0040: information: The following 10 pin(s) will be assigned a location by the fitter: MA_Encoder(0), MA_Encoder(1), MA_PWM(0), MB_Encoder(0), MB_Encoder(1), MB_PWM(0), MotorCCW(0), MotorCCW_1(0), MotorCW(0), MotorCW_1(0)
Analog Placement...
Analog Routing...
Analog Code Generation...
Digital Placement...
Digital Routing...
Bitstream Generation...
Bitstream Verification...
Static timing analysis...
API Generation...
Dependency Generation...
Cleanup...
arm-none-eabi-gcc.exe -mcpu=cortex-m3 -mthumb -I..\..\libs\Foundation\dist\psoc\include\Foundation- -I. -IGenerated_Source\PSoC5 -Wa,-alh=.\CortexM3\ARM_GCC_541\Debug/main.lst -g -D DEBUG -D CY_CORE_ID=0 -Wall -ffunction-sections -ffat-lto-objects -Og -x c++ -std=c++17 -fno-exceptions -fno-rtti -c main.cpp -o .\CortexM3\ARM_GCC_541\Debug\main.o
main.cpp:20:60: fatal error: Foundation/Math/Matrix/FixedMatrix/FixedMatrix.h: No such file or directory
compilation terminated.
The command 'arm-none-eabi-gcc.exe' failed with exit code '1'.
--------------- Rebuild Failed: 05/27/2026 14:22:32 ---------------
